
> stellar-pocketpay-mobile@1.0.0 test
> jest --watchAll=false --runInBand

FAIL __tests__/send.test.tsx (13.125 s)
  ● Console

    console.error
      An update to AsyncActionButton inside a test was not wrapped in act(...).
      
      When testing, code that causes React state updates should be wrapped into act(...):
      
      act(() => {
        /* fire events that update state */
      });
      /* assert on the output */
      
      This ensures that you're testing the behavior the user would see in the browser. Learn more at https://react.dev/link/wrap-tests-with-act

      71 |     } finally {
      72 |       isExecutingRef.current = false;
    > 73 |       setIsExecuting(false);
         |       ^
      74 |     }
      75 |   };
      76 |

      at node_modules/react-test-renderer/cjs/react-test-renderer.development.js:11801:19
      at runWithFiberInDEV (node_modules/react-test-renderer/cjs/react-test-renderer.development.js:1574:13)
      at warnIfUpdatesNotWrappedWithActDEV (node_modules/react-test-renderer/cjs/react-test-renderer.development.js:11800:9)
      at scheduleUpdateOnFiber (node_modules/react-test-renderer/cjs/react-test-renderer.development.js:10326:9)
      at dispatchSetStateInternal (node_modules/react-test-renderer/cjs/react-test-renderer.development.js:4148:13)
      at dispatchSetState (node_modules/react-test-renderer/cjs/react-test-renderer.development.js:4107:7)
      at setIsExecuting (src/components/AsyncActionButton.tsx:73:7)
      at asyncGeneratorStep (node_modules/@babel/runtime/helpers/asyncToGenerator.js:3:17)
      at _next (node_modules/@babel/runtime/helpers/asyncToGenerator.js:17:9)

    console.error
      An update to AsyncActionButton inside a test was not wrapped in act(...).
      
      When testing, code that causes React state updates should be wrapped into act(...):
      
      act(() => {
        /* fire events that update state */
      });
      /* assert on the output */
      
      This ensures that you're testing the behavior the user would see in the browser. Learn more at https://react.dev/link/wrap-tests-with-act

      71 |     } finally {
      72 |       isExecutingRef.current = false;
    > 73 |       setIsExecuting(false);
         |       ^
      74 |     }
      75 |   };
      76 |

      at node_modules/react-test-renderer/cjs/react-test-renderer.development.js:11801:19
      at runWithFiberInDEV (node_modules/react-test-renderer/cjs/react-test-renderer.development.js:1574:13)
      at warnIfUpdatesNotWrappedWithActDEV (node_modules/react-test-renderer/cjs/react-test-renderer.development.js:11800:9)
      at scheduleUpdateOnFiber (node_modules/react-test-renderer/cjs/react-test-renderer.development.js:10326:9)
      at dispatchSetStateInternal (node_modules/react-test-renderer/cjs/react-test-renderer.development.js:4148:13)
      at dispatchSetState (node_modules/react-test-renderer/cjs/react-test-renderer.development.js:4107:7)
      at setIsExecuting (src/components/AsyncActionButton.tsx:73:7)
      at asyncGeneratorStep (node_modules/@babel/runtime/helpers/asyncToGenerator.js:3:17)
      at _next (node_modules/@babel/runtime/helpers/asyncToGenerator.js:17:9)

    console.error
      An update to AsyncActionButton inside a test was not wrapped in act(...).
      
      When testing, code that causes React state updates should be wrapped into act(...):
      
      act(() => {
        /* fire events that update state */
      });
      /* assert on the output */
      
      This ensures that you're testing the behavior the user would see in the browser. Learn more at https://react.dev/link/wrap-tests-with-act

      71 |     } finally {
      72 |       isExecutingRef.current = false;
    > 73 |       setIsExecuting(false);
         |       ^
      74 |     }
      75 |   };
      76 |

      at node_modules/react-test-renderer/cjs/react-test-renderer.development.js:11801:19
      at runWithFiberInDEV (node_modules/react-test-renderer/cjs/react-test-renderer.development.js:1574:13)
      at warnIfUpdatesNotWrappedWithActDEV (node_modules/react-test-renderer/cjs/react-test-renderer.development.js:11800:9)
      at scheduleUpdateOnFiber (node_modules/react-test-renderer/cjs/react-test-renderer.development.js:10326:9)
      at dispatchSetStateInternal (node_modules/react-test-renderer/cjs/react-test-renderer.development.js:4148:13)
      at dispatchSetState (node_modules/react-test-renderer/cjs/react-test-renderer.development.js:4107:7)
      at setIsExecuting (src/components/AsyncActionButton.tsx:73:7)
      at asyncGeneratorStep (node_modules/@babel/runtime/helpers/asyncToGenerator.js:3:17)
      at _next (node_modules/@babel/runtime/helpers/asyncToGenerator.js:17:9)

    console.error
      An update to AsyncActionButton inside a test was not wrapped in act(...).
      
      When testing, code that causes React state updates should be wrapped into act(...):
      
      act(() => {
        /* fire events that update state */
      });
      /* assert on the output */
      
      This ensures that you're testing the behavior the user would see in the browser. Learn more at https://react.dev/link/wrap-tests-with-act

      71 |     } finally {
      72 |       isExecutingRef.current = false;
    > 73 |       setIsExecuting(false);
         |       ^
      74 |     }
      75 |   };
      76 |

      at node_modules/react-test-renderer/cjs/react-test-renderer.development.js:11801:19
      at runWithFiberInDEV (node_modules/react-test-renderer/cjs/react-test-renderer.development.js:1574:13)
      at warnIfUpdatesNotWrappedWithActDEV (node_modules/react-test-renderer/cjs/react-test-renderer.development.js:11800:9)
      at scheduleUpdateOnFiber (node_modules/react-test-renderer/cjs/react-test-renderer.development.js:10326:9)
      at dispatchSetStateInternal (node_modules/react-test-renderer/cjs/react-test-renderer.development.js:4148:13)
      at dispatchSetState (node_modules/react-test-renderer/cjs/react-test-renderer.development.js:4107:7)
      at setIsExecuting (src/components/AsyncActionButton.tsx:73:7)
      at asyncGeneratorStep (node_modules/@babel/runtime/helpers/asyncToGenerator.js:3:17)
      at _next (node_modules/@babel/runtime/helpers/asyncToGenerator.js:17:9)

    console.error
      An update to AsyncActionButton inside a test was not wrapped in act(...).
      
      When testing, code that causes React state updates should be wrapped into act(...):
      
      act(() => {
        /* fire events that update state */
      });
      /* assert on the output */
      
      This ensures that you're testing the behavior the user would see in the browser. Learn more at https://react.dev/link/wrap-tests-with-act

      71 |     } finally {
      72 |       isExecutingRef.current = false;
    > 73 |       setIsExecuting(false);
         |       ^
      74 |     }
      75 |   };
      76 |

      at node_modules/react-test-renderer/cjs/react-test-renderer.development.js:11801:19
      at runWithFiberInDEV (node_modules/react-test-renderer/cjs/react-test-renderer.development.js:1574:13)
      at warnIfUpdatesNotWrappedWithActDEV (node_modules/react-test-renderer/cjs/react-test-renderer.development.js:11800:9)
      at scheduleUpdateOnFiber (node_modules/react-test-renderer/cjs/react-test-renderer.development.js:10326:9)
      at dispatchSetStateInternal (node_modules/react-test-renderer/cjs/react-test-renderer.development.js:4148:13)
      at dispatchSetState (node_modules/react-test-renderer/cjs/react-test-renderer.development.js:4107:7)
      at setIsExecuting (src/components/AsyncActionButton.tsx:73:7)
      at asyncGeneratorStep (node_modules/@babel/runtime/helpers/asyncToGenerator.js:3:17)
      at _next (node_modules/@babel/runtime/helpers/asyncToGenerator.js:17:9)

    console.error
      An update to AsyncActionButton inside a test was not wrapped in act(...).
      
      When testing, code that causes React state updates should be wrapped into act(...):
      
      act(() => {
        /* fire events that update state */
      });
      /* assert on the output */
      
      This ensures that you're testing the behavior the user would see in the browser. Learn more at https://react.dev/link/wrap-tests-with-act

      71 |     } finally {
      72 |       isExecutingRef.current = false;
    > 73 |       setIsExecuting(false);
         |       ^
      74 |     }
      75 |   };
      76 |

      at node_modules/react-test-renderer/cjs/react-test-renderer.development.js:11801:19
      at runWithFiberInDEV (node_modules/react-test-renderer/cjs/react-test-renderer.development.js:1574:13)
      at warnIfUpdatesNotWrappedWithActDEV (node_modules/react-test-renderer/cjs/react-test-renderer.development.js:11800:9)
      at scheduleUpdateOnFiber (node_modules/react-test-renderer/cjs/react-test-renderer.development.js:10326:9)
      at dispatchSetStateInternal (node_modules/react-test-renderer/cjs/react-test-renderer.development.js:4148:13)
      at dispatchSetState (node_modules/react-test-renderer/cjs/react-test-renderer.development.js:4107:7)
      at setIsExecuting (src/components/AsyncActionButton.tsx:73:7)
      at asyncGeneratorStep (node_modules/@babel/runtime/helpers/asyncToGenerator.js:3:17)
      at _next (node_modules/@babel/runtime/helpers/asyncToGenerator.js:17:9)

  ● AC4 – valid form calls sendXlmTransaction › calls sendXlmTransaction with correct arguments on a valid submission

    Unable to find an element with text: Sign & Send

    [36m<View>[39m
      [36m<View[39m
        [33mtestID[39m=[32m"screen-header"[39m
      [36m>[39m
        [36m<View>[39m
          [36m<Text[39m
            [33mtestID[39m=[32m"screen-header-title"[39m
          [36m>[39m
            [0mSend XLM[0m
          [36m</Text>[39m
          [36m<Text[39m
            [33mtestID[39m=[32m"screen-header-subtitle"[39m
          [36m>[39m
            [0mAvailable Balance: 100 XLM[0m
          [36m</Text>[39m
        [36m</View>[39m
      [36m</View>[39m
      [36m<View>[39m
        [36m<View>[39m
          [36m<Text>[39m
            [0mDestination Address (Public Key)[0m
          [36m</Text>[39m
          [36m<View>[39m
            [36m<TextInput[39m
              [33meditable[39m=[32m{true}[39m
              [33mplaceholder[39m=[32m"G..."[39m
              [33mvalue[39m=[32m"GBXXXXVALIDSTELLARADDRESS1234567890ABCDEFGHIJKLMNOPQRSTUVWX"[39m
            [36m/>[39m
            [36m<View>[39m
              [36m<View[39m
                [33maccessibilityLabel[39m=[32m"Scan QR code for recipient address"[39m
                [33maccessibilityRole[39m=[32m"button"[39m
                [33maccessible[39m=[32m{true}[39m
              [36m/>[39m
            [36m</View>[39m
          [36m</View>[39m
          [36m<Text>[39m
            [0mEnter the recipient's Stellar public key (starts with 'G')[0m
          [36m</Text>[39m
        [36m</View>[39m
        [36m<View>[39m
          [36m<Text>[39m
            [0mAmount (XLM)[0m
          [36m</Text>[39m
          [36m<View>[39m
            [36m<TextInput[39m
              [33meditable[39m=[32m{true}[39m
              [33mplaceholder[39m=[32m"0.00"[39m
              [33mvalue[39m=[32m"10"[39m
            [36m/>[39m
          [36m</View>[39m
          [36m<Text>[39m
            [0mAvailable balance: 100 XLM[0m
          [36m</Text>[39m
        [36m</View>[39m
        [36m<View>[39m
          [36m<Text>[39m
            [0mMemo (Optional)[0m
          [36m</Text>[39m
          [36m<View>[39m
            [36m<TextInput[39m
              [33meditable[39m=[32m{true}[39m
              [33mplaceholder[39m=[32m"Payment reference"[39m
              [33mvalue[39m=[32m""[39m
            [36m/>[39m
          [36m</View>[39m
          [36m<Text>[39m
            [0mAdd a note for the recipient[0m
          [36m</Text>[39m
        [36m</View>[39m
      [36m</View>[39m
      [36m<View[39m
        [33maccessibilityLabel[39m=[32m"Send Payment"[39m
        [33maccessibilityRole[39m=[32m"button"[39m
        [33maccessibilityState[39m=[32m{
          {
            "busy": false,
            "disabled": false,
          }
        }[39m
        [33maccessible[39m=[32m{true}[39m
      [36m>[39m
        [36m<Text>[39m
          [0mSend Payment[0m
        [36m</Text>[39m
      [36m</View>[39m
    [36m</View>[39m

      215 |     fireEvent.changeText(getByPlaceholderText('0.00'), VALID_AMOUNT);
      216 |     fireEvent.press(getByText('Send Payment'));
    > 217 |     await waitFor(() => getByText('Sign & Send'));
          |                  ^
      218 |     fireEvent.press(getByText('Sign & Send'));
      219 |
      220 |     await waitFor(() => {

      at Object.<anonymous> (__tests__/send.test.tsx:217:18)
      at asyncGeneratorStep (node_modules/@babel/runtime/helpers/asyncToGenerator.js:3:17)
      at _next (node_modules/@babel/runtime/helpers/asyncToGenerator.js:17:9)
      at node_modules/@babel/runtime/helpers/asyncToGenerator.js:22:7
      at Object.<anonymous> (node_modules/@babel/runtime/helpers/asyncToGenerator.js:14:12)

  ● AC4 – valid form calls sendXlmTransaction › passes memo text to sendXlmTransaction when provided

    Unable to find an element with text: Sign & Send

    [36m<View>[39m
      [36m<View[39m
        [33mtestID[39m=[32m"screen-header"[39m
      [36m>[39m
        [36m<View>[39m
          [36m<Text[39m
            [33mtestID[39m=[32m"screen-header-title"[39m
          [36m>[39m
            [0mSend XLM[0m
          [36m</Text>[39m
          [36m<Text[39m
            [33mtestID[39m=[32m"screen-header-subtitle"[39m
          [36m>[39m
            [0mAvailable Balance: 100 XLM[0m
          [36m</Text>[39m
        [36m</View>[39m
      [36m</View>[39m
      [36m<View>[39m
        [36m<View>[39m
          [36m<Text>[39m
            [0mDestination Address (Public Key)[0m
          [36m</Text>[39m
          [36m<View>[39m
            [36m<TextInput[39m
              [33meditable[39m=[32m{true}[39m
              [33mplaceholder[39m=[32m"G..."[39m
              [33mvalue[39m=[32m"GBXXXXVALIDSTELLARADDRESS1234567890ABCDEFGHIJKLMNOPQRSTUVWX"[39m
            [36m/>[39m
            [36m<View>[39m
              [36m<View[39m
                [33maccessibilityLabel[39m=[32m"Scan QR code for recipient address"[39m
                [33maccessibilityRole[39m=[32m"button"[39m
                [33maccessible[39m=[32m{true}[39m
              [36m/>[39m
            [36m</View>[39m
          [36m</View>[39m
          [36m<Text>[39m
            [0mEnter the recipient's Stellar public key (starts with 'G')[0m
          [36m</Text>[39m
        [36m</View>[39m
        [36m<View>[39m
          [36m<Text>[39m
            [0mAmount (XLM)[0m
          [36m</Text>[39m
          [36m<View>[39m
            [36m<TextInput[39m
              [33meditable[39m=[32m{true}[39m
              [33mplaceholder[39m=[32m"0.00"[39m
              [33mvalue[39m=[32m"10"[39m
            [36m/>[39m
          [36m</View>[39m
          [36m<Text>[39m
            [0mAvailable balance: 100 XLM[0m
          [36m</Text>[39m
        [36m</View>[39m
        [36m<View>[39m
          [36m<Text>[39m
            [0mMemo (Optional)[0m
          [36m</Text>[39m
          [36m<View>[39m
            [36m<TextInput[39m
              [33meditable[39m=[32m{true}[39m
              [33mplaceholder[39m=[32m"Payment reference"[39m
              [33mvalue[39m=[32m"invoice-42"[39m
            [36m/>[39m
          [36m</View>[39m
          [36m<Text>[39m
            [0mAdd a note for the recipient[0m
          [36m</Text>[39m
        [36m</View>[39m
      [36m</View>[39m
      [36m<View[39m
        [33maccessibilityLabel[39m=[32m"Send Payment"[39m
        [33maccessibilityRole[39m=[32m"button"[39m
        [33maccessibilityState[39m=[32m{
          {
            "busy": false,
            "disabled": false,
          }
        }[39m
        [33maccessible[39m=[32m{true}[39m
      [36m>[39m
        [36m<Text>[39m
          [0mSend Payment[0m
        [36m</Text>[39m
      [36m</View>[39m
    [36m</View>[39m

      232 |     fireEvent.changeText(getByPlaceholderText('Payment reference'), 'invoice-42');
      233 |     fireEvent.press(getByText('Send Payment'));
    > 234 |     await waitFor(() => getByText('Sign & Send'));
          |                  ^
      235 |     fireEvent.press(getByText('Sign & Send'));
      236 |
      237 |     await waitFor(() => {

      at Object.<anonymous> (__tests__/send.test.tsx:234:18)
      at asyncGeneratorStep (node_modules/@babel/runtime/helpers/asyncToGenerator.js:3:17)
      at _next (node_modules/@babel/runtime/helpers/asyncToGenerator.js:17:9)
      at node_modules/@babel/runtime/helpers/asyncToGenerator.js:22:7
      at Object.<anonymous> (node_modules/@babel/runtime/helpers/asyncToGenerator.js:14:12)

  ● AC4 – valid form calls sendXlmTransaction › navigates to the payment success receipt with the tx hash, amount, and destination

    Unable to find an element with text: Sign & Send

    [36m<View>[39m
      [36m<View[39m
        [33mtestID[39m=[32m"screen-header"[39m
      [36m>[39m
        [36m<View>[39m
          [36m<Text[39m
            [33mtestID[39m=[32m"screen-header-title"[39m
          [36m>[39m
            [0mSend XLM[0m
          [36m</Text>[39m
          [36m<Text[39m
            [33mtestID[39m=[32m"screen-header-subtitle"[39m
          [36m>[39m
            [0mAvailable Balance: 100 XLM[0m
          [36m</Text>[39m
        [36m</View>[39m
      [36m</View>[39m
      [36m<View>[39m
        [36m<View>[39m
          [36m<Text>[39m
            [0mDestination Address (Public Key)[0m
          [36m</Text>[39m
          [36m<View>[39m
            [36m<TextInput[39m
              [33meditable[39m=[32m{true}[39m
              [33mplaceholder[39m=[32m"G..."[39m
              [33mvalue[39m=[32m"GBXXXXVALIDSTELLARADDRESS1234567890ABCDEFGHIJKLMNOPQRSTUVWX"[39m
            [36m/>[39m
            [36m<View>[39m
              [36m<View[39m
                [33maccessibilityLabel[39m=[32m"Scan QR code for recipient address"[39m
                [33maccessibilityRole[39m=[32m"button"[39m
                [33maccessible[39m=[32m{true}[39m
              [36m/>[39m
            [36m</View>[39m
          [36m</View>[39m
          [36m<Text>[39m
            [0mEnter the recipient's Stellar public key (starts with 'G')[0m
          [36m</Text>[39m
        [36m</View>[39m
        [36m<View>[39m
          [36m<Text>[39m
            [0mAmount (XLM)[0m
          [36m</Text>[39m
          [36m<View>[39m
            [36m<TextInput[39m
              [33meditable[39m=[32m{true}[39m
              [33mplaceholder[39m=[32m"0.00"[39m
              [33mvalue[39m=[32m"10"[39m
            [36m/>[39m
          [36m</View>[39m
          [36m<Text>[39m
            [0mAvailable balance: 100 XLM[0m
          [36m</Text>[39m
        [36m</View>[39m
        [36m<View>[39m
          [36m<Text>[39m
            [0mMemo (Optional)[0m
          [36m</Text>[39m
          [36m<View>[39m
            [36m<TextInput[39m
              [33meditable[39m=[32m{true}[39m
              [33mplaceholder[39m=[32m"Payment reference"[39m
              [33mvalue[39m=[32m""[39m
            [36m/>[39m
          [36m</View>[39m
          [36m<Text>[39m
            [0mAdd a note for the recipient[0m
          [36m</Text>[39m
        [36m</View>[39m
      [36m</View>[39m
      [36m<View[39m
        [33maccessibilityLabel[39m=[32m"Send Payment"[39m
        [33maccessibilityRole[39m=[32m"button"[39m
        [33maccessibilityState[39m=[32m{
          {
            "busy": false,
            "disabled": false,
          }
        }[39m
        [33maccessible[39m=[32m{true}[39m
      [36m>[39m
        [36m<Text>[39m
          [0mSend Payment[0m
        [36m</Text>[39m
      [36m</View>[39m
    [36m</View>[39m

      248 |     fireEvent.changeText(getByPlaceholderText('0.00'), VALID_AMOUNT);
      249 |     fireEvent.press(getByText('Send Payment'));
    > 250 |     await waitFor(() => getByText('Sign & Send'));
          |                  ^
      251 |     fireEvent.press(getByText('Sign & Send'));
      252 |
      253 |     await waitFor(() => {

      at Object.<anonymous> (__tests__/send.test.tsx:250:18)
      at asyncGeneratorStep (node_modules/@babel/runtime/helpers/asyncToGenerator.js:3:17)
      at _next (node_modules/@babel/runtime/helpers/asyncToGenerator.js:17:9)
      at node_modules/@babel/runtime/helpers/asyncToGenerator.js:22:7
      at Object.<anonymous> (node_modules/@babel/runtime/helpers/asyncToGenerator.js:14:12)

  ● AC4 – valid form calls sendXlmTransaction › refreshes wallet data after a successful send

    Unable to find an element with text: Sign & Send

    [36m<View>[39m
      [36m<View[39m
        [33mtestID[39m=[32m"screen-header"[39m
      [36m>[39m
        [36m<View>[39m
          [36m<Text[39m
            [33mtestID[39m=[32m"screen-header-title"[39m
          [36m>[39m
            [0mSend XLM[0m
          [36m</Text>[39m
          [36m<Text[39m
            [33mtestID[39m=[32m"screen-header-subtitle"[39m
          [36m>[39m
            [0mAvailable Balance: 100 XLM[0m
          [36m</Text>[39m
        [36m</View>[39m
      [36m</View>[39m
      [36m<View>[39m
        [36m<View>[39m
          [36m<Text>[39m
            [0mDestination Address (Public Key)[0m
          [36m</Text>[39m
          [36m<View>[39m
            [36m<TextInput[39m
              [33meditable[39m=[32m{true}[39m
              [33mplaceholder[39m=[32m"G..."[39m
              [33mvalue[39m=[32m"GBXXXXVALIDSTELLARADDRESS1234567890ABCDEFGHIJKLMNOPQRSTUVWX"[39m
            [36m/>[39m
            [36m<View>[39m
              [36m<View[39m
                [33maccessibilityLabel[39m=[32m"Scan QR code for recipient address"[39m
                [33maccessibilityRole[39m=[32m"button"[39m
                [33maccessible[39m=[32m{true}[39m
              [36m/>[39m
            [36m</View>[39m
          [36m</View>[39m
          [36m<Text>[39m
            [0mEnter the recipient's Stellar public key (starts with 'G')[0m
          [36m</Text>[39m
        [36m</View>[39m
        [36m<View>[39m
          [36m<Text>[39m
            [0mAmount (XLM)[0m
          [36m</Text>[39m
          [36m<View>[39m
            [36m<TextInput[39m
              [33meditable[39m=[32m{true}[39m
              [33mplaceholder[39m=[32m"0.00"[39m
              [33mvalue[39m=[32m"10"[39m
            [36m/>[39m
          [36m</View>[39m
          [36m<Text>[39m
            [0mAvailable balance: 100 XLM[0m
          [36m</Text>[39m
        [36m</View>[39m
        [36m<View>[39m
          [36m<Text>[39m
            [0mMemo (Optional)[0m
          [36m</Text>[39m
          [36m<View>[39m
            [36m<TextInput[39m
              [33meditable[39m=[32m{true}[39m
              [33mplaceholder[39m=[32m"Payment reference"[39m
              [33mvalue[39m=[32m""[39m
            [36m/>[39m
          [36m</View>[39m
          [36m<Text>[39m
            [0mAdd a note for the recipient[0m
          [36m</Text>[39m
        [36m</View>[39m
      [36m</View>[39m
      [36m<View[39m
        [33maccessibilityLabel[39m=[32m"Send Payment"[39m
        [33maccessibilityRole[39m=[32m"button"[39m
        [33maccessibilityState[39m=[32m{
          {
            "busy": false,
            "disabled": false,
          }
        }[39m
        [33maccessible[39m=[32m{true}[39m
      [36m>[39m
        [36m<Text>[39m
          [0mSend Payment[0m
        [36m</Text>[39m
      [36m</View>[39m
    [36m</View>[39m

      271 |     fireEvent.changeText(getByPlaceholderText('0.00'), VALID_AMOUNT);
      272 |     fireEvent.press(getByText('Send Payment'));
    > 273 |     await waitFor(() => getByText('Sign & Send'));
          |                  ^
      274 |     fireEvent.press(getByText('Sign & Send'));
      275 |
      276 |     await waitFor(() => {

      at Object.<anonymous> (__tests__/send.test.tsx:273:18)
      at asyncGeneratorStep (node_modules/@babel/runtime/helpers/asyncToGenerator.js:3:17)
      at _next (node_modules/@babel/runtime/helpers/asyncToGenerator.js:17:9)
      at node_modules/@babel/runtime/helpers/asyncToGenerator.js:22:7
      at Object.<anonymous> (node_modules/@babel/runtime/helpers/asyncToGenerator.js:14:12)

  ● AC5 – failure displays error › shows a "Transaction Failed" alert with the error message when sendXlmTransaction throws

    Unable to find an element with text: Sign & Send

    [36m<View>[39m
      [36m<View[39m
        [33mtestID[39m=[32m"screen-header"[39m
      [36m>[39m
        [36m<View>[39m
          [36m<Text[39m
            [33mtestID[39m=[32m"screen-header-title"[39m
          [36m>[39m
            [0mSend XLM[0m
          [36m</Text>[39m
          [36m<Text[39m
            [33mtestID[39m=[32m"screen-header-subtitle"[39m
          [36m>[39m
            [0mAvailable Balance: 100 XLM[0m
          [36m</Text>[39m
        [36m</View>[39m
      [36m</View>[39m
      [36m<View>[39m
        [36m<View>[39m
          [36m<Text>[39m
            [0mDestination Address (Public Key)[0m
          [36m</Text>[39m
          [36m<View>[39m
            [36m<TextInput[39m
              [33meditable[39m=[32m{true}[39m
              [33mplaceholder[39m=[32m"G..."[39m
              [33mvalue[39m=[32m"GBXXXXVALIDSTELLARADDRESS1234567890ABCDEFGHIJKLMNOPQRSTUVWX"[39m
            [36m/>[39m
            [36m<View>[39m
              [36m<View[39m
                [33maccessibilityLabel[39m=[32m"Scan QR code for recipient address"[39m
                [33maccessibilityRole[39m=[32m"button"[39m
                [33maccessible[39m=[32m{true}[39m
              [36m/>[39m
            [36m</View>[39m
          [36m</View>[39m
          [36m<Text>[39m
            [0mEnter the recipient's Stellar public key (starts with 'G')[0m
          [36m</Text>[39m
        [36m</View>[39m
        [36m<View>[39m
          [36m<Text>[39m
            [0mAmount (XLM)[0m
          [36m</Text>[39m
          [36m<View>[39m
            [36m<TextInput[39m
              [33meditable[39m=[32m{true}[39m
              [33mplaceholder[39m=[32m"0.00"[39m
              [33mvalue[39m=[32m"10"[39m
            [36m/>[39m
          [36m</View>[39m
          [36m<Text>[39m
            [0mAvailable balance: 100 XLM[0m
          [36m</Text>[39m
        [36m</View>[39m
        [36m<View>[39m
          [36m<Text>[39m
            [0mMemo (Optional)[0m
          [36m</Text>[39m
          [36m<View>[39m
            [36m<TextInput[39m
              [33meditable[39m=[32m{true}[39m
              [33mplaceholder[39m=[32m"Payment reference"[39m
              [33mvalue[39m=[32m""[39m
            [36m/>[39m
          [36m</View>[39m
          [36m<Text>[39m
            [0mAdd a note for the recipient[0m
          [36m</Text>[39m
        [36m</View>[39m
      [36m</View>[39m
      [36m<View[39m
        [33maccessibilityLabel[39m=[32m"Send Payment"[39m
        [33maccessibilityRole[39m=[32m"button"[39m
        [33maccessibilityState[39m=[32m{
          {
            "busy": false,
            "disabled": false,
          }
        }[39m
        [33maccessible[39m=[32m{true}[39m
      [36m>[39m
        [36m<Text>[39m
          [0mSend Payment[0m
        [36m</Text>[39m
      [36m</View>[39m
    [36m</View>[39m

      292 |     fireEvent.changeText(getByPlaceholderText('0.00'), VALID_AMOUNT);
      293 |     fireEvent.press(getByText('Send Payment'));
    > 294 |     await waitFor(() => getByText('Sign & Send'));
          |                  ^
      295 |     fireEvent.press(getByText('Sign & Send'));
      296 |
      297 |     await waitFor(() => {

      at Object.<anonymous> (__tests__/send.test.tsx:294:18)
      at asyncGeneratorStep (node_modules/@babel/runtime/helpers/asyncToGenerator.js:3:17)
      at _next (node_modules/@babel/runtime/helpers/asyncToGenerator.js:17:9)
      at node_modules/@babel/runtime/helpers/asyncToGenerator.js:22:7
      at Object.<anonymous> (node_modules/@babel/runtime/helpers/asyncToGenerator.js:14:12)

  ● AC5 – failure displays error › shows a generic error message when the error has no message

    Unable to find an element with text: Sign & Send

    [36m<View>[39m
      [36m<View[39m
        [33mtestID[39m=[32m"screen-header"[39m
      [36m>[39m
        [36m<View>[39m
          [36m<Text[39m
            [33mtestID[39m=[32m"screen-header-title"[39m
          [36m>[39m
            [0mSend XLM[0m
          [36m</Text>[39m
          [36m<Text[39m
            [33mtestID[39m=[32m"screen-header-subtitle"[39m
          [36m>[39m
            [0mAvailable Balance: 100 XLM[0m
          [36m</Text>[39m
        [36m</View>[39m
      [36m</View>[39m
      [36m<View>[39m
        [36m<View>[39m
          [36m<Text>[39m
            [0mDestination Address (Public Key)[0m
          [36m</Text>[39m
          [36m<View>[39m
            [36m<TextInput[39m
              [33meditable[39m=[32m{true}[39m
              [33mplaceholder[39m=[32m"G..."[39m
              [33mvalue[39m=[32m"GBXXXXVALIDSTELLARADDRESS1234567890ABCDEFGHIJKLMNOPQRSTUVWX"[39m
            [36m/>[39m
            [36m<View>[39m
              [36m<View[39m
                [33maccessibilityLabel[39m=[32m"Scan QR code for recipient address"[39m
                [33maccessibilityRole[39m=[32m"button"[39m
                [33maccessible[39m=[32m{true}[39m
              [36m/>[39m
            [36m</View>[39m
          [36m</View>[39m
          [36m<Text>[39m
            [0mEnter the recipient's Stellar public key (starts with 'G')[0m
          [36m</Text>[39m
        [36m</View>[39m
        [36m<View>[39m
          [36m<Text>[39m
            [0mAmount (XLM)[0m
          [36m</Text>[39m
          [36m<View>[39m
            [36m<TextInput[39m
              [33meditable[39m=[32m{true}[39m
              [33mplaceholder[39m=[32m"0.00"[39m
              [33mvalue[39m=[32m"10"[39m
            [36m/>[39m
          [36m</View>[39m
          [36m<Text>[39m
            [0mAvailable balance: 100 XLM[0m
          [36m</Text>[39m
        [36m</View>[39m
        [36m<View>[39m
          [36m<Text>[39m
            [0mMemo (Optional)[0m
          [36m</Text>[39m
          [36m<View>[39m
            [36m<TextInput[39m
              [33meditable[39m=[32m{true}[39m
              [33mplaceholder[39m=[32m"Payment reference"[39m
              [33mvalue[39m=[32m""[39m
            [36m/>[39m
          [36m</View>[39m
          [36m<Text>[39m
            [0mAdd a note for the recipient[0m
          [36m</Text>[39m
        [36m</View>[39m
      [36m</View>[39m
      [36m<View[39m
        [33maccessibilityLabel[39m=[32m"Send Payment"[39m
        [33maccessibilityRole[39m=[32m"button"[39m
        [33maccessibilityState[39m=[32m{
          {
            "busy": false,
            "disabled": false,
          }
        }[39m
        [33maccessible[39m=[32m{true}[39m
      [36m>[39m
        [36m<Text>[39m
          [0mSend Payment[0m
        [36m</Text>[39m
      [36m</View>[39m
    [36m</View>[39m

      307 |     fireEvent.changeText(getByPlaceholderText('0.00'), VALID_AMOUNT);
      308 |     fireEvent.press(getByText('Send Payment'));
    > 309 |     await waitFor(() => getByText('Sign & Send'));
          |                  ^
      310 |     fireEvent.press(getByText('Sign & Send'));
      311 |
      312 |     await waitFor(() => {

      at Object.<anonymous> (__tests__/send.test.tsx:309:18)
      at asyncGeneratorStep (node_modules/@babel/runtime/helpers/asyncToGenerator.js:3:17)
      at _next (node_modules/@babel/runtime/helpers/asyncToGenerator.js:17:9)
      at node_modules/@babel/runtime/helpers/asyncToGenerator.js:22:7
      at Object.<anonymous> (node_modules/@babel/runtime/helpers/asyncToGenerator.js:14:12)

  ● AC5 – failure displays error › does NOT call router.back after a failed send

    Unable to find an element with text: Sign & Send

    [36m<View>[39m
      [36m<View[39m
        [33mtestID[39m=[32m"screen-header"[39m
      [36m>[39m
        [36m<View>[39m
          [36m<Text[39m
            [33mtestID[39m=[32m"screen-header-title"[39m
          [36m>[39m
            [0mSend XLM[0m
          [36m</Text>[39m
          [36m<Text[39m
            [33mtestID[39m=[32m"screen-header-subtitle"[39m
          [36m>[39m
            [0mAvailable Balance: 100 XLM[0m
          [36m</Text>[39m
        [36m</View>[39m
      [36m</View>[39m
      [36m<View>[39m
        [36m<View>[39m
          [36m<Text>[39m
            [0mDestination Address (Public Key)[0m
          [36m</Text>[39m
          [36m<View>[39m
            [36m<TextInput[39m
              [33meditable[39m=[32m{true}[39m
              [33mplaceholder[39m=[32m"G..."[39m
              [33mvalue[39m=[32m"GBXXXXVALIDSTELLARADDRESS1234567890ABCDEFGHIJKLMNOPQRSTUVWX"[39m
            [36m/>[39m
            [36m<View>[39m
              [36m<View[39m
                [33maccessibilityLabel[39m=[32m"Scan QR code for recipient address"[39m
                [33maccessibilityRole[39m=[32m"button"[39m
                [33maccessible[39m=[32m{true}[39m
              [36m/>[39m
            [36m</View>[39m
          [36m</View>[39m
          [36m<Text>[39m
            [0mEnter the recipient's Stellar public key (starts with 'G')[0m
          [36m</Text>[39m
        [36m</View>[39m
        [36m<View>[39m
          [36m<Text>[39m
            [0mAmount (XLM)[0m
          [36m</Text>[39m
          [36m<View>[39m
            [36m<TextInput[39m
              [33meditable[39m=[32m{true}[39m
              [33mplaceholder[39m=[32m"0.00"[39m
              [33mvalue[39m=[32m"10"[39m
            [36m/>[39m
          [36m</View>[39m
          [36m<Text>[39m
            [0mAvailable balance: 100 XLM[0m
          [36m</Text>[39m
        [36m</View>[39m
        [36m<View>[39m
          [36m<Text>[39m
            [0mMemo (Optional)[0m
          [36m</Text>[39m
          [36m<View>[39m
            [36m<TextInput[39m
              [33meditable[39m=[32m{true}[39m
              [33mplaceholder[39m=[32m"Payment reference"[39m
              [33mvalue[39m=[32m""[39m
            [36m/>[39m
          [36m</View>[39m
          [36m<Text>[39m
            [0mAdd a note for the recipient[0m
          [36m</Text>[39m
        [36m</View>[39m
      [36m</View>[39m
      [36m<View[39m
        [33maccessibilityLabel[39m=[32m"Send Payment"[39m
        [33maccessibilityRole[39m=[32m"button"[39m
        [33maccessibilityState[39m=[32m{
          {
            "busy": false,
            "disabled": false,
          }
        }[39m
        [33maccessible[39m=[32m{true}[39m
      [36m>[39m
        [36m<Text>[39m
          [0mSend Payment[0m
        [36m</Text>[39m
      [36m</View>[39m
    [36m</View>[39m

      324 |     fireEvent.changeText(getByPlaceholderText('0.00'), VALID_AMOUNT);
      325 |     fireEvent.press(getByText('Send Payment'));
    > 326 |     await waitFor(() => getByText('Sign & Send'));
          |                  ^
      327 |     fireEvent.press(getByText('Sign & Send'));
      328 |
      329 |     await waitFor(() => expect(alertSpy).toHaveBeenCalled());

      at Object.<anonymous> (__tests__/send.test.tsx:326:18)
      at asyncGeneratorStep (node_modules/@babel/runtime/helpers/asyncToGenerator.js:3:17)
      at _next (node_modules/@babel/runtime/helpers/asyncToGenerator.js:17:9)
      at node_modules/@babel/runtime/helpers/asyncToGenerator.js:22:7
      at Object.<anonymous> (node_modules/@babel/runtime/helpers/asyncToGenerator.js:14:12)

  ● AC8 – valid scan fills destination field › closes the scanner and calls sendXlmTransaction with the scanned address on submit

    Unable to find an element with text: Sign & Send

    [
      [36m<View>[39m
        [36m<View[39m
          [33mtestID[39m=[32m"screen-header"[39m
        [36m>[39m
          [36m<View>[39m
            [36m<Text[39m
              [33mtestID[39m=[32m"screen-header-title"[39m
            [36m>[39m
              [0mSend XLM[0m
            [36m</Text>[39m
            [36m<Text[39m
              [33mtestID[39m=[32m"screen-header-subtitle"[39m
            [36m>[39m
              [0mAvailable Balance: 100 XLM[0m
            [36m</Text>[39m
          [36m</View>[39m
        [36m</View>[39m
        [36m<View>[39m
          [36m<View>[39m
            [36m<Text>[39m
              [0mDestination Address (Public Key)[0m
            [36m</Text>[39m
            [36m<View>[39m
              [36m<TextInput[39m
                [33meditable[39m=[32m{true}[39m
                [33mplaceholder[39m=[32m"G..."[39m
                [33mvalue[39m=[32m"GAAAAAAAAAAAAAAAAAAAAAAAAAAAAAAAAAAAAAAAAAAAAAAAAAAAAAA3"[39m
              [36m/>[39m
              [36m<View>[39m
                [36m<View[39m
                  [33maccessibilityLabel[39m=[32m"Scan QR code for recipient address"[39m
                  [33maccessibilityRole[39m=[32m"button"[39m
                  [33maccessible[39m=[32m{true}[39m
                [36m/>[39m
              [36m</View>[39m
            [36m</View>[39m
            [36m<Text>[39m
              [0mEnter the recipient's Stellar public key (starts with 'G')[0m
            [36m</Text>[39m
          [36m</View>[39m
          [36m<View>[39m
            [36m<Text>[39m
              [0mAmount (XLM)[0m
            [36m</Text>[39m
            [36m<View>[39m
              [36m<TextInput[39m
                [33meditable[39m=[32m{true}[39m
                [33mplaceholder[39m=[32m"0.00"[39m
                [33mvalue[39m=[32m"10"[39m
              [36m/>[39m
            [36m</View>[39m
            [36m<Text>[39m
              [0mAvailable balance: 100 XLM[0m
            [36m</Text>[39m
          [36m</View>[39m
          [36m<View>[39m
            [36m<Text>[39m
              [0mMemo (Optional)[0m
            [36m</Text>[39m
            [36m<View>[39m
              [36m<TextInput[39m
                [33meditable[39m=[32m{true}[39m
                [33mplaceholder[39m=[32m"Payment reference"[39m
                [33mvalue[39m=[32m""[39m
              [36m/>[39m
            [36m</View>[39m
            [36m<Text>[39m
              [0mAdd a note for the recipient[0m
            [36m</Text>[39m
          [36m</View>[39m
        [36m</View>[39m
        [36m<View[39m
          [33maccessibilityLabel[39m=[32m"Send Payment"[39m
          [33maccessibilityRole[39m=[32m"button"[39m
          [33maccessibilityState[39m=[32m{
            {
              "busy": false,
              "disabled": false,
            }
          }[39m
          [33maccessible[39m=[32m{true}[39m
        [36m>[39m
          [36m<Text>[39m
            [0mSend Payment[0m
          [36m</Text>[39m
        [36m</View>[39m
      [36m</View>[39m,
      [36m<Modal[39m
        [33maccessibilityViewIsModal[39m=[32m{true}[39m
      [36m>[39m
        [36m<View[39m
          [33maccessibilityViewIsModal[39m=[32m{true}[39m
        [36m>[39m
          [36m<View[39m
            [33mtestID[39m=[32m"camera-view"[39m
          [36m/>[39m
          [36m<View[39m
            [33mpointerEvents[39m=[32m"none"[39m
          [36m>[39m
            [36m<View />[39m
            [36m<View>[39m
              [36m<View />[39m
              [36m<View>[39m
                [36m<View />[39m
                [36m<View />[39m
                [36m<View />[39m
                [36m<View />[39m
              [36m</View>[39m
              [36m<View />[39m
            [36m</View>[39m
            [36m<View />[39m
          [36m</View>[39m
          [36m<View[39m
            [33mpointerEvents[39m=[32m"none"[39m
          [36m>[39m
            [36m<Text>[39m
              [0mPoint the camera at a Stellar address QR code[0m
            [36m</Text>[39m
          [36m</View>[39m
          [36m<View[39m
            [33maccessibilityLabel[39m=[32m"Close scanner"[39m
            [33maccessibilityRole[39m=[32m"button"[39m
            [33maccessible[39m=[32m{true}[39m
          [36m/>[39m
        [36m</View>[39m
      [36m</Modal>[39m,
    ]

      418 |     fireEvent.changeText(getByPlaceholderText('0.00'), VALID_AMOUNT);
      419 |     fireEvent.press(getByText('Send Payment'));
    > 420 |     await waitFor(() => getByText('Sign & Send'));
          |                  ^
      421 |     fireEvent.press(getByText('Sign & Send'));
      422 |
      423 |     await waitFor(() => {

      at Object.<anonymous> (__tests__/send.test.tsx:420:18)
      at asyncGeneratorStep (node_modules/@babel/runtime/helpers/asyncToGenerator.js:3:17)
      at _next (node_modules/@babel/runtime/helpers/asyncToGenerator.js:17:9)

  ● #198 – signing confirmation screen › shows the confirmation modal with recipient, amount, memo, and network before signing

    Unable to find an element with text: Confirm & Sign

    [36m<View>[39m
      [36m<View[39m
        [33mtestID[39m=[32m"screen-header"[39m
      [36m>[39m
        [36m<View>[39m
          [36m<Text[39m
            [33mtestID[39m=[32m"screen-header-title"[39m
          [36m>[39m
            [0mSend XLM[0m
          [36m</Text>[39m
          [36m<Text[39m
            [33mtestID[39m=[32m"screen-header-subtitle"[39m
          [36m>[39m
            [0mAvailable Balance: 100 XLM[0m
          [36m</Text>[39m
        [36m</View>[39m
      [36m</View>[39m
      [36m<View>[39m
        [36m<View>[39m
          [36m<Text>[39m
            [0mDestination Address (Public Key)[0m
          [36m</Text>[39m
          [36m<View>[39m
            [36m<TextInput[39m
              [33meditable[39m=[32m{true}[39m
              [33mplaceholder[39m=[32m"G..."[39m
              [33mvalue[39m=[32m"GBXXXXVALIDSTELLARADDRESS1234567890ABCDEFGHIJKLMNOPQRSTUVWX"[39m
            [36m/>[39m
            [36m<View>[39m
              [36m<View[39m
                [33maccessibilityLabel[39m=[32m"Scan QR code for recipient address"[39m
                [33maccessibilityRole[39m=[32m"button"[39m
                [33maccessible[39m=[32m{true}[39m
              [36m/>[39m
            [36m</View>[39m
          [36m</View>[39m
          [36m<Text>[39m
            [0mEnter the recipient's Stellar public key (starts with 'G')[0m
          [36m</Text>[39m
        [36m</View>[39m
        [36m<View>[39m
          [36m<Text>[39m
            [0mAmount (XLM)[0m
          [36m</Text>[39m
          [36m<View>[39m
            [36m<TextInput[39m
              [33meditable[39m=[32m{true}[39m
              [33mplaceholder[39m=[32m"0.00"[39m
              [33mvalue[39m=[32m"10"[39m
            [36m/>[39m
          [36m</View>[39m
          [36m<Text>[39m
            [0mAvailable balance: 100 XLM[0m
          [36m</Text>[39m
        [36m</View>[39m
        [36m<View>[39m
          [36m<Text>[39m
            [0mMemo (Optional)[0m
          [36m</Text>[39m
          [36m<View>[39m
            [36m<TextInput[39m
              [33meditable[39m=[32m{true}[39m
              [33mplaceholder[39m=[32m"Payment reference"[39m
              [33mvalue[39m=[32m"invoice-42"[39m
            [36m/>[39m
          [36m</View>[39m
          [36m<Text>[39m
            [0mAdd a note for the recipient[0m
          [36m</Text>[39m
        [36m</View>[39m
      [36m</View>[39m
      [36m<View[39m
        [33maccessibilityLabel[39m=[32m"Send Payment"[39m
        [33maccessibilityRole[39m=[32m"button"[39m
        [33maccessibilityState[39m=[32m{
          {
            "busy": false,
            "disabled": false,
          }
        }[39m
        [33maccessible[39m=[32m{true}[39m
      [36m>[39m
        [36m<Text>[39m
          [0mSend Payment[0m
        [36m</Text>[39m
      [36m</View>[39m
    [36m</View>[39m

      476 |     fireEvent.press(getByText('Send Payment'));
      477 |
    > 478 |     await waitFor(() => {
          |                  ^
      479 |       expect(getByText('Confirm & Sign')).toBeTruthy();
      480 |     });
      481 |     expect(getByText(VALID_DESTINATION)).toBeTruthy();

      at Object.<anonymous> (__tests__/send.test.tsx:478:18)
      at asyncGeneratorStep (node_modules/@babel/runtime/helpers/asyncToGenerator.js:3:17)
      at _next (node_modules/@babel/runtime/helpers/asyncToGenerator.js:17:9)
      at node_modules/@babel/runtime/helpers/asyncToGenerator.js:22:7
      at Object.<anonymous> (node_modules/@babel/runtime/helpers/asyncToGenerator.js:14:12)

  ● #198 – signing confirmation screen › does not sign when the user cancels the confirmation

    Unable to find an element with text: Confirm & Sign

    [36m<View>[39m
      [36m<View[39m
        [33mtestID[39m=[32m"screen-header"[39m
      [36m>[39m
        [36m<View>[39m
          [36m<Text[39m
            [33mtestID[39m=[32m"screen-header-title"[39m
          [36m>[39m
            [0mSend XLM[0m
          [36m</Text>[39m
          [36m<Text[39m
            [33mtestID[39m=[32m"screen-header-subtitle"[39m
          [36m>[39m
            [0mAvailable Balance: 100 XLM[0m
          [36m</Text>[39m
        [36m</View>[39m
      [36m</View>[39m
      [36m<View>[39m
        [36m<View>[39m
          [36m<Text>[39m
            [0mDestination Address (Public Key)[0m
          [36m</Text>[39m
          [36m<View>[39m
            [36m<TextInput[39m
              [33meditable[39m=[32m{true}[39m
              [33mplaceholder[39m=[32m"G..."[39m
              [33mvalue[39m=[32m"GBXXXXVALIDSTELLARADDRESS1234567890ABCDEFGHIJKLMNOPQRSTUVWX"[39m
            [36m/>[39m
            [36m<View>[39m
              [36m<View[39m
                [33maccessibilityLabel[39m=[32m"Scan QR code for recipient address"[39m
                [33maccessibilityRole[39m=[32m"button"[39m
                [33maccessible[39m=[32m{true}[39m
              [36m/>[39m
            [36m</View>[39m
          [36m</View>[39m
          [36m<Text>[39m
            [0mEnter the recipient's Stellar public key (starts with 'G')[0m
          [36m</Text>[39m
        [36m</View>[39m
        [36m<View>[39m
          [36m<Text>[39m
            [0mAmount (XLM)[0m
          [36m</Text>[39m
          [36m<View>[39m
            [36m<TextInput[39m
              [33meditable[39m=[32m{true}[39m
              [33mplaceholder[39m=[32m"0.00"[39m
              [33mvalue[39m=[32m"10"[39m
            [36m/>[39m
          [36m</View>[39m
          [36m<Text>[39m
            [0mAvailable balance: 100 XLM[0m
          [36m</Text>[39m
        [36m</View>[39m
        [36m<View>[39m
          [36m<Text>[39m
            [0mMemo (Optional)[0m
          [36m</Text>[39m
          [36m<View>[39m
            [36m<TextInput[39m
              [33meditable[39m=[32m{true}[39m
              [33mplaceholder[39m=[32m"Payment reference"[39m
              [33mvalue[39m=[32m""[39m
            [36m/>[39m
          [36m</View>[39m
          [36m<Text>[39m
            [0mAdd a note for the recipient[0m
          [36m</Text>[39m
        [36m</View>[39m
      [36m</View>[39m
      [36m<View[39m
        [33maccessibilityLabel[39m=[32m"Send Payment"[39m
        [33maccessibilityRole[39m=[32m"button"[39m
        [33maccessibilityState[39m=[32m{
          {
            "busy": false,
            "disabled": false,
          }
        }[39m
        [33maccessible[39m=[32m{true}[39m
      [36m>[39m
        [36m<Text>[39m
          [0mSend Payment[0m
        [36m</Text>[39m
      [36m</View>[39m
    [36m</View>[39m

      493 |     fireEvent.press(getByText('Send Payment'));
      494 |
    > 495 |     await waitFor(() => getByText('Confirm & Sign'));
          |                  ^
      496 |     fireEvent.press(getByText('Cancel'));
      497 |
      498 |     await waitFor(() => {

      at Object.<anonymous> (__tests__/send.test.tsx:495:18)
      at asyncGeneratorStep (node_modules/@babel/runtime/helpers/asyncToGenerator.js:3:17)
      at _next (node_modules/@babel/runtime/helpers/asyncToGenerator.js:17:9)
      at node_modules/@babel/runtime/helpers/asyncToGenerator.js:22:7
      at Object.<anonymous> (node_modules/@babel/runtime/helpers/asyncToGenerator.js:14:12)

FAIL __tests__/vault.test.tsx
  ● AC1 – consistent loading states › shows a confirmation modal before deposit

    TypeError: Cannot read properties of undefined (reading 'length')

      38 |   }
      39 |
    > 40 |   if (locks.length === 0) {
         |             ^
      41 |     return (
      42 |       <View style={styles.container}>
      43 |         <Lock color={colors.textMuted} size={48} style={styles.emptyIcon} />

      at length (src/components/VaultLockList.tsx:40:13)
      at Object.react-stack-bottom-frame (node_modules/react-test-renderer/cjs/react-test-renderer.development.js:13976:20)
      at renderWithHooks (node_modules/react-test-renderer/cjs/react-test-renderer.development.js:2866:22)
      at updateFunctionComponent (node_modules/react-test-renderer/cjs/react-test-renderer.development.js:6006:19)
      at beginWork (node_modules/react-test-renderer/cjs/react-test-renderer.development.js:7474:18)
      at runWithFiberInDEV (node_modules/react-test-renderer/cjs/react-test-renderer.development.js:1574:13)
      at performUnitOfWork (node_modules/react-test-renderer/cjs/react-test-renderer.development.js:10972:22)
      at workLoopSync (node_modules/react-test-renderer/cjs/react-test-renderer.development.js:10816:41)
      at renderRootSync (node_modules/react-test-renderer/cjs/react-test-renderer.development.js:10797:11)
      at performWorkOnRoot (node_modules/react-test-renderer/cjs/react-test-renderer.development.js:10384:39)
      at performWorkOnRootViaSchedulerTask (node_modules/react-test-renderer/cjs/react-test-renderer.development.js:2094:7)
      at flushActQueue (node_modules/react/cjs/react.development.js:566:34)
      at Object.<anonymous>.process.env.NODE_ENV.exports.act (node_modules/react/cjs/react.development.js:859:10)
      at actImplementation (node_modules/@testing-library/react-native/src/act.ts:30:25)
      at renderWithAct (node_modules/@testing-library/react-native/src/render-act.ts:13:11)
      at renderInternal (node_modules/@testing-library/react-native/src/render.tsx:69:33)
      at renderInternal (node_modules/@testing-library/react-native/src/render.tsx:44:10)
      at Object.<anonymous> (__tests__/vault.test.tsx:109:69)
      at asyncGeneratorStep (node_modules/@babel/runtime/helpers/asyncToGenerator.js:3:17)
      at _next (node_modules/@babel/runtime/helpers/asyncToGenerator.js:17:9)
      at node_modules/@babel/runtime/helpers/asyncToGenerator.js:22:7
      at Object.<anonymous> (node_modules/@babel/runtime/helpers/asyncToGenerator.js:14:12)

  ● AC1 – consistent loading states › shows a confirmation modal before withdraw

    TypeError: Cannot read properties of undefined (reading 'length')

      38 |   }
      39 |
    > 40 |   if (locks.length === 0) {
         |             ^
      41 |     return (
      42 |       <View style={styles.container}>
      43 |         <Lock color={colors.textMuted} size={48} style={styles.emptyIcon} />

      at length (src/components/VaultLockList.tsx:40:13)
      at Object.react-stack-bottom-frame (node_modules/react-test-renderer/cjs/react-test-renderer.development.js:13976:20)
      at renderWithHooks (node_modules/react-test-renderer/cjs/react-test-renderer.development.js:2866:22)
      at updateFunctionComponent (node_modules/react-test-renderer/cjs/react-test-renderer.development.js:6006:19)
      at beginWork (node_modules/react-test-renderer/cjs/react-test-renderer.development.js:7474:18)
      at runWithFiberInDEV (node_modules/react-test-renderer/cjs/react-test-renderer.development.js:1574:13)
      at performUnitOfWork (node_modules/react-test-renderer/cjs/react-test-renderer.development.js:10972:22)
      at workLoopSync (node_modules/react-test-renderer/cjs/react-test-renderer.development.js:10816:41)
      at renderRootSync (node_modules/react-test-renderer/cjs/react-test-renderer.development.js:10797:11)
      at performWorkOnRoot (node_modules/react-test-renderer/cjs/react-test-renderer.development.js:10384:39)
      at performWorkOnRootViaSchedulerTask (node_modules/react-test-renderer/cjs/react-test-renderer.development.js:2094:7)
      at flushActQueue (node_modules/react/cjs/react.development.js:566:34)
      at Object.<anonymous>.process.env.NODE_ENV.exports.act (node_modules/react/cjs/react.development.js:859:10)
      at actImplementation (node_modules/@testing-library/react-native/src/act.ts:30:25)
      at renderWithAct (node_modules/@testing-library/react-native/src/render-act.ts:13:11)
      at renderInternal (node_modules/@testing-library/react-native/src/render.tsx:69:33)
      at renderInternal (node_modules/@testing-library/react-native/src/render.tsx:44:10)
      at Object.<anonymous> (__tests__/vault.test.tsx:120:69)
      at asyncGeneratorStep (node_modules/@babel/runtime/helpers/asyncToGenerator.js:3:17)
      at _next (node_modules/@babel/runtime/helpers/asyncToGenerator.js:17:9)
      at node_modules/@babel/runtime/helpers/asyncToGenerator.js:22:7
      at Object.<anonymous> (node_modules/@babel/runtime/helpers/asyncToGenerator.js:14:12)

  ● AC1 – consistent loading states › shows a confirmation modal before lock

    TypeError: Cannot read properties of undefined (reading 'length')

      38 |   }
      39 |
    > 40 |   if (locks.length === 0) {
         |             ^
      41 |     return (
      42 |       <View style={styles.container}>
      43 |         <Lock color={colors.textMuted} size={48} style={styles.emptyIcon} />

      at length (src/components/VaultLockList.tsx:40:13)
      at Object.react-stack-bottom-frame (node_modules/react-test-renderer/cjs/react-test-renderer.development.js:13976:20)
      at renderWithHooks (node_modules/react-test-renderer/cjs/react-test-renderer.development.js:2866:22)
      at updateFunctionComponent (node_modules/react-test-renderer/cjs/react-test-renderer.development.js:6006:19)
      at beginWork (node_modules/react-test-renderer/cjs/react-test-renderer.development.js:7474:18)
      at runWithFiberInDEV (node_modules/react-test-renderer/cjs/react-test-renderer.development.js:1574:13)
      at performUnitOfWork (node_modules/react-test-renderer/cjs/react-test-renderer.development.js:10972:22)
      at workLoopSync (node_modules/react-test-renderer/cjs/react-test-renderer.development.js:10816:41)
      at renderRootSync (node_modules/react-test-renderer/cjs/react-test-renderer.development.js:10797:11)
      at performWorkOnRoot (node_modules/react-test-renderer/cjs/react-test-renderer.development.js:10384:39)
      at performWorkOnRootViaSchedulerTask (node_modules/react-test-renderer/cjs/react-test-renderer.development.js:2094:7)
      at flushActQueue (node_modules/react/cjs/react.development.js:566:34)
      at Object.<anonymous>.process.env.NODE_ENV.exports.act (node_modules/react/cjs/react.development.js:859:10)
      at actImplementation (node_modules/@testing-library/react-native/src/act.ts:30:25)
      at renderWithAct (node_modules/@testing-library/react-native/src/render-act.ts:13:11)
      at renderInternal (node_modules/@testing-library/react-native/src/render.tsx:69:33)
      at renderInternal (node_modules/@testing-library/react-native/src/render.tsx:44:10)
      at Object.<anonymous> (__tests__/vault.test.tsx:131:69)
      at asyncGeneratorStep (node_modules/@babel/runtime/helpers/asyncToGenerator.js:3:17)
      at _next (node_modules/@babel/runtime/helpers/asyncToGenerator.js:17:9)
      at node_modules/@babel/runtime/helpers/asyncToGenerator.js:22:7
      at Object.<anonymous> (node_modules/@babel/runtime/helpers/asyncToGenerator.js:14:12)

  ● AC1 – consistent loading states › calls deposit with correct args when confirmed in modal

    TypeError: Cannot read properties of undefined (reading 'length')

      38 |   }
      39 |
    > 40 |   if (locks.length === 0) {
         |             ^
      41 |     return (
      42 |       <View style={styles.container}>
      43 |         <Lock color={colors.textMuted} size={48} style={styles.emptyIcon} />

      at length (src/components/VaultLockList.tsx:40:13)
      at Object.react-stack-bottom-frame (node_modules/react-test-renderer/cjs/react-test-renderer.development.js:13976:20)
      at renderWithHooks (node_modules/react-test-renderer/cjs/react-test-renderer.development.js:2866:22)
      at updateFunctionComponent (node_modules/react-test-renderer/cjs/react-test-renderer.development.js:6006:19)
      at beginWork (node_modules/react-test-renderer/cjs/react-test-renderer.development.js:7474:18)
      at runWithFiberInDEV (node_modules/react-test-renderer/cjs/react-test-renderer.development.js:1574:13)
      at performUnitOfWork (node_modules/react-test-renderer/cjs/react-test-renderer.development.js:10972:22)
      at workLoopSync (node_modules/react-test-renderer/cjs/react-test-renderer.development.js:10816:41)
      at renderRootSync (node_modules/react-test-renderer/cjs/react-test-renderer.development.js:10797:11)
      at performWorkOnRoot (node_modules/react-test-renderer/cjs/react-test-renderer.development.js:10384:39)
      at performWorkOnRootViaSchedulerTask (node_modules/react-test-renderer/cjs/react-test-renderer.development.js:2094:7)
      at flushActQueue (node_modules/react/cjs/react.development.js:566:34)
      at Object.<anonymous>.process.env.NODE_ENV.exports.act (node_modules/react/cjs/react.development.js:859:10)
      at actImplementation (node_modules/@testing-library/react-native/src/act.ts:30:25)
      at renderWithAct (node_modules/@testing-library/react-native/src/render-act.ts:13:11)
      at renderInternal (node_modules/@testing-library/react-native/src/render.tsx:69:33)
      at renderInternal (node_modules/@testing-library/react-native/src/render.tsx:44:10)
      at Object.<anonymous> (__tests__/vault.test.tsx:142:69)
      at asyncGeneratorStep (node_modules/@babel/runtime/helpers/asyncToGenerator.js:3:17)
      at _next (node_modules/@babel/runtime/helpers/asyncToGenerator.js:17:9)
      at node_modules/@babel/runtime/helpers/asyncToGenerator.js:22:7
      at Object.<anonymous> (node_modules/@babel/runtime/helpers/asyncToGenerator.js:14:12)

  ● AC1 – consistent loading states › calls withdraw with correct args when confirmed in modal

    TypeError: Cannot read properties of undefined (reading 'length')

      38 |   }
      39 |
    > 40 |   if (locks.length === 0) {
         |             ^
      41 |     return (
      42 |       <View style={styles.container}>
      43 |         <Lock color={colors.textMuted} size={48} style={styles.emptyIcon} />

      at length (src/components/VaultLockList.tsx:40:13)
      at Object.react-stack-bottom-frame (node_modules/react-test-renderer/cjs/react-test-renderer.development.js:13976:20)
      at renderWithHooks (node_modules/react-test-renderer/cjs/react-test-renderer.development.js:2866:22)
      at updateFunctionComponent (node_modules/react-test-renderer/cjs/react-test-renderer.development.js:6006:19)
      at beginWork (node_modules/react-test-renderer/cjs/react-test-renderer.development.js:7474:18)
      at runWithFiberInDEV (node_modules/react-test-renderer/cjs/react-test-renderer.development.js:1574:13)
      at performUnitOfWork (node_modules/react-test-renderer/cjs/react-test-renderer.development.js:10972:22)
      at workLoopSync (node_modules/react-test-renderer/cjs/react-test-renderer.development.js:10816:41)
      at renderRootSync (node_modules/react-test-renderer/cjs/react-test-renderer.development.js:10797:11)
      at performWorkOnRoot (node_modules/react-test-renderer/cjs/react-test-renderer.development.js:10384:39)
      at performWorkOnRootViaSchedulerTask (node_modules/react-test-renderer/cjs/react-test-renderer.development.js:2094:7)
      at flushActQueue (node_modules/react/cjs/react.development.js:566:34)
      at Object.<anonymous>.process.env.NODE_ENV.exports.act (node_modules/react/cjs/react.development.js:859:10)
      at actImplementation (node_modules/@testing-library/react-native/src/act.ts:30:25)
      at renderWithAct (node_modules/@testing-library/react-native/src/render-act.ts:13:11)
      at renderInternal (node_modules/@testing-library/react-native/src/render.tsx:69:33)
      at renderInternal (node_modules/@testing-library/react-native/src/render.tsx:44:10)
      at Object.<anonymous> (__tests__/vault.test.tsx:156:69)
      at asyncGeneratorStep (node_modules/@babel/runtime/helpers/asyncToGenerator.js:3:17)
      at _next (node_modules/@babel/runtime/helpers/asyncToGenerator.js:17:9)
      at node_modules/@babel/runtime/helpers/asyncToGenerator.js:22:7
      at Object.<anonymous> (node_modules/@babel/runtime/helpers/asyncToGenerator.js:14:12)

  ● AC2 – duplicate submission prevention › disables the deposit button when isSubmitting is true

    TypeError: Cannot read properties of undefined (reading 'length')

      38 |   }
      39 |
    > 40 |   if (locks.length === 0) {
         |             ^
      41 |     return (
      42 |       <View style={styles.container}>
      43 |         <Lock color={colors.textMuted} size={48} style={styles.emptyIcon} />

      at length (src/components/VaultLockList.tsx:40:13)
      at Object.react-stack-bottom-frame (node_modules/react-test-renderer/cjs/react-test-renderer.development.js:13976:20)
      at renderWithHooks (node_modules/react-test-renderer/cjs/react-test-renderer.development.js:2866:22)
      at updateFunctionComponent (node_modules/react-test-renderer/cjs/react-test-renderer.development.js:6006:19)
      at beginWork (node_modules/react-test-renderer/cjs/react-test-renderer.development.js:7474:18)
      at runWithFiberInDEV (node_modules/react-test-renderer/cjs/react-test-renderer.development.js:1574:13)
      at performUnitOfWork (node_modules/react-test-renderer/cjs/react-test-renderer.development.js:10972:22)
      at workLoopSync (node_modules/react-test-renderer/cjs/react-test-renderer.development.js:10816:41)
      at renderRootSync (node_modules/react-test-renderer/cjs/react-test-renderer.development.js:10797:11)
      at performWorkOnRoot (node_modules/react-test-renderer/cjs/react-test-renderer.development.js:10384:39)
      at performWorkOnRootViaSchedulerTask (node_modules/react-test-renderer/cjs/react-test-renderer.development.js:2094:7)
      at flushActQueue (node_modules/react/cjs/react.development.js:566:34)
      at Object.<anonymous>.process.env.NODE_ENV.exports.act (node_modules/react/cjs/react.development.js:859:10)
      at actImplementation (node_modules/@testing-library/react-native/src/act.ts:30:25)
      at renderWithAct (node_modules/@testing-library/react-native/src/render-act.ts:13:11)
      at renderInternal (node_modules/@testing-library/react-native/src/render.tsx:69:33)
      at renderInternal (node_modules/@testing-library/react-native/src/render.tsx:44:10)
      at Object.<anonymous> (__tests__/vault.test.tsx:177:33)
      at asyncGeneratorStep (node_modules/@babel/runtime/helpers/asyncToGenerator.js:3:17)
      at _next (node_modules/@babel/runtime/helpers/asyncToGenerator.js:17:9)
      at node_modules/@babel/runtime/helpers/asyncToGenerator.js:22:7
      at Object.<anonymous> (node_modules/@babel/runtime/helpers/asyncToGenerator.js:14:12)

  ● AC2 – duplicate submission prevention › disables the lock button when isSubmitting is true

    TypeError: Cannot read properties of undefined (reading 'length')

      38 |   }
      39 |
    > 40 |   if (locks.length === 0) {
         |             ^
      41 |     return (
      42 |       <View style={styles.container}>
      43 |         <Lock color={colors.textMuted} size={48} style={styles.emptyIcon} />

      at length (src/components/VaultLockList.tsx:40:13)
      at Object.react-stack-bottom-frame (node_modules/react-test-renderer/cjs/react-test-renderer.development.js:13976:20)
      at renderWithHooks (node_modules/react-test-renderer/cjs/react-test-renderer.development.js:2866:22)
      at updateFunctionComponent (node_modules/react-test-renderer/cjs/react-test-renderer.development.js:6006:19)
      at beginWork (node_modules/react-test-renderer/cjs/react-test-renderer.development.js:7474:18)
      at runWithFiberInDEV (node_modules/react-test-renderer/cjs/react-test-renderer.development.js:1574:13)
      at performUnitOfWork (node_modules/react-test-renderer/cjs/react-test-renderer.development.js:10972:22)
      at workLoopSync (node_modules/react-test-renderer/cjs/react-test-renderer.development.js:10816:41)
      at renderRootSync (node_modules/react-test-renderer/cjs/react-test-renderer.development.js:10797:11)
      at performWorkOnRoot (node_modules/react-test-renderer/cjs/react-test-renderer.development.js:10384:39)
      at performWorkOnRootViaSchedulerTask (node_modules/react-test-renderer/cjs/react-test-renderer.development.js:2094:7)
      at flushActQueue (node_modules/react/cjs/react.development.js:566:34)
      at Object.<anonymous>.process.env.NODE_ENV.exports.act (node_modules/react/cjs/react.development.js:859:10)
      at actImplementation (node_modules/@testing-library/react-native/src/act.ts:30:25)
      at renderWithAct (node_modules/@testing-library/react-native/src/render-act.ts:13:11)
      at renderInternal (node_modules/@testing-library/react-native/src/render.tsx:69:33)
      at renderInternal (node_modules/@testing-library/react-native/src/render.tsx:44:10)
      at Object.<anonymous> (__tests__/vault.test.tsx:184:33)
      at asyncGeneratorStep (node_modules/@babel/runtime/helpers/asyncToGenerator.js:3:17)
      at _next (node_modules/@babel/runtime/helpers/asyncToGenerator.js:17:9)
      at node_modules/@babel/runtime/helpers/asyncToGenerator.js:22:7
      at Object.<anonymous> (node_modules/@babel/runtime/helpers/asyncToGenerator.js:14:12)

  ● AC2 – duplicate submission prevention › calls deposit exactly once when confirm is pressed

    TypeError: Cannot read properties of undefined (reading 'length')

      38 |   }
      39 |
    > 40 |   if (locks.length === 0) {
         |             ^
      41 |     return (
      42 |       <View style={styles.container}>
      43 |         <Lock color={colors.textMuted} size={48} style={styles.emptyIcon} />

      at length (src/components/VaultLockList.tsx:40:13)
      at Object.react-stack-bottom-frame (node_modules/react-test-renderer/cjs/react-test-renderer.development.js:13976:20)
      at renderWithHooks (node_modules/react-test-renderer/cjs/react-test-renderer.development.js:2866:22)
      at updateFunctionComponent (node_modules/react-test-renderer/cjs/react-test-renderer.development.js:6006:19)
      at beginWork (node_modules/react-test-renderer/cjs/react-test-renderer.development.js:7474:18)
      at runWithFiberInDEV (node_modules/react-test-renderer/cjs/react-test-renderer.development.js:1574:13)
      at performUnitOfWork (node_modules/react-test-renderer/cjs/react-test-renderer.development.js:10972:22)
      at workLoopSync (node_modules/react-test-renderer/cjs/react-test-renderer.development.js:10816:41)
      at renderRootSync (node_modules/react-test-renderer/cjs/react-test-renderer.development.js:10797:11)
      at performWorkOnRoot (node_modules/react-test-renderer/cjs/react-test-renderer.development.js:10384:39)
      at performWorkOnRootViaSchedulerTask (node_modules/react-test-renderer/cjs/react-test-renderer.development.js:2094:7)
      at flushActQueue (node_modules/react/cjs/react.development.js:566:34)
      at Object.<anonymous>.process.env.NODE_ENV.exports.act (node_modules/react/cjs/react.development.js:859:10)
      at actImplementation (node_modules/@testing-library/react-native/src/act.ts:30:25)
      at renderWithAct (node_modules/@testing-library/react-native/src/render-act.ts:13:11)
      at renderInternal (node_modules/@testing-library/react-native/src/render.tsx:69:33)
      at renderInternal (node_modules/@testing-library/react-native/src/render.tsx:44:10)
      at Object.<anonymous> (__tests__/vault.test.tsx:191:69)
      at asyncGeneratorStep (node_modules/@babel/runtime/helpers/asyncToGenerator.js:3:17)
      at _next (node_modules/@babel/runtime/helpers/asyncToGenerator.js:17:9)
      at node_modules/@babel/runtime/helpers/asyncToGenerator.js:22:7
      at Object.<anonymous> (node_modules/@babel/runtime/helpers/asyncToGenerator.js:14:12)

  ● AC3 – clear loading copy › shows "Depositing…" on the deposit button while submitting

    TypeError: Cannot read properties of undefined (reading 'length')

      38 |   }
      39 |
    > 40 |   if (locks.length === 0) {
         |             ^
      41 |     return (
      42 |       <View style={styles.container}>
      43 |         <Lock color={colors.textMuted} size={48} style={styles.emptyIcon} />

      at length (src/components/VaultLockList.tsx:40:13)
      at Object.react-stack-bottom-frame (node_modules/react-test-renderer/cjs/react-test-renderer.development.js:13976:20)
      at renderWithHooks (node_modules/react-test-renderer/cjs/react-test-renderer.development.js:2866:22)
      at updateFunctionComponent (node_modules/react-test-renderer/cjs/react-test-renderer.development.js:6006:19)
      at beginWork (node_modules/react-test-renderer/cjs/react-test-renderer.development.js:7474:18)
      at runWithFiberInDEV (node_modules/react-test-renderer/cjs/react-test-renderer.development.js:1574:13)
      at performUnitOfWork (node_modules/react-test-renderer/cjs/react-test-renderer.development.js:10972:22)
      at workLoopSync (node_modules/react-test-renderer/cjs/react-test-renderer.development.js:10816:41)
      at renderRootSync (node_modules/react-test-renderer/cjs/react-test-renderer.development.js:10797:11)
      at performWorkOnRoot (node_modules/react-test-renderer/cjs/react-test-renderer.development.js:10384:39)
      at performWorkOnRootViaSchedulerTask (node_modules/react-test-renderer/cjs/react-test-renderer.development.js:2094:7)
      at flushActQueue (node_modules/react/cjs/react.development.js:566:34)
      at Object.<anonymous>.process.env.NODE_ENV.exports.act (node_modules/react/cjs/react.development.js:859:10)
      at actImplementation (node_modules/@testing-library/react-native/src/act.ts:30:25)
      at renderWithAct (node_modules/@testing-library/react-native/src/render-act.ts:13:11)
      at renderInternal (node_modules/@testing-library/react-native/src/render.tsx:69:33)
      at renderInternal (node_modules/@testing-library/react-native/src/render.tsx:44:10)
      at Object.<anonymous> (__tests__/vault.test.tsx:212:33)
      at asyncGeneratorStep (node_modules/@babel/runtime/helpers/asyncToGenerator.js:3:17)
      at _next (node_modules/@babel/runtime/helpers/asyncToGenerator.js:17:9)
      at node_modules/@babel/runtime/helpers/asyncToGenerator.js:22:7
      at Object.<anonymous> (node_modules/@babel/runtime/helpers/asyncToGenerator.js:14:12)

  ● AC3 – clear loading copy › shows "Processing deposit…" on the modal confirm button while loading

    TypeError: Cannot read properties of undefined (reading 'length')

      38 |   }
      39 |
    > 40 |   if (locks.length === 0) {
         |             ^
      41 |     return (
      42 |       <View style={styles.container}>
      43 |         <Lock color={colors.textMuted} size={48} style={styles.emptyIcon} />

      at length (src/components/VaultLockList.tsx:40:13)
      at Object.react-stack-bottom-frame (node_modules/react-test-renderer/cjs/react-test-renderer.development.js:13976:20)
      at renderWithHooks (node_modules/react-test-renderer/cjs/react-test-renderer.development.js:2866:22)
      at updateFunctionComponent (node_modules/react-test-renderer/cjs/react-test-renderer.development.js:6006:19)
      at beginWork (node_modules/react-test-renderer/cjs/react-test-renderer.development.js:7474:18)
      at runWithFiberInDEV (node_modules/react-test-renderer/cjs/react-test-renderer.development.js:1574:13)
      at performUnitOfWork (node_modules/react-test-renderer/cjs/react-test-renderer.development.js:10972:22)
      at workLoopSync (node_modules/react-test-renderer/cjs/react-test-renderer.development.js:10816:41)
      at renderRootSync (node_modules/react-test-renderer/cjs/react-test-renderer.development.js:10797:11)
      at performWorkOnRoot (node_modules/react-test-renderer/cjs/react-test-renderer.development.js:10384:39)
      at performWorkOnRootViaSchedulerTask (node_modules/react-test-renderer/cjs/react-test-renderer.development.js:2094:7)
      at flushActQueue (node_modules/react/cjs/react.development.js:566:34)
      at Object.<anonymous>.process.env.NODE_ENV.exports.act (node_modules/react/cjs/react.development.js:859:10)
      at actImplementation (node_modules/@testing-library/react-native/src/act.ts:30:25)
      at renderWithAct (node_modules/@testing-library/react-native/src/render-act.ts:13:11)
      at renderInternal (node_modules/@testing-library/react-native/src/render.tsx:69:33)
      at renderInternal (node_modules/@testing-library/react-native/src/render.tsx:44:10)
      at Object.<anonymous> (__tests__/vault.test.tsx:218:79)
      at asyncGeneratorStep (node_modules/@babel/runtime/helpers/asyncToGenerator.js:3:17)
      at _next (node_modules/@babel/runtime/helpers/asyncToGenerator.js:17:9)
      at node_modules/@babel/runtime/helpers/asyncToGenerator.js:22:7
      at Object.<anonymous> (node_modules/@babel/runtime/helpers/asyncToGenerator.js:14:12)

  ● AC4 – error and success states › shows a success alert after a confirmed deposit completes

    TypeError: Cannot read properties of undefined (reading 'length')

      38 |   }
      39 |
    > 40 |   if (locks.length === 0) {
         |             ^
      41 |     return (
      42 |       <View style={styles.container}>
      43 |         <Lock color={colors.textMuted} size={48} style={styles.emptyIcon} />

      at length (src/components/VaultLockList.tsx:40:13)
      at Object.react-stack-bottom-frame (node_modules/react-test-renderer/cjs/react-test-renderer.development.js:13976:20)
      at renderWithHooks (node_modules/react-test-renderer/cjs/react-test-renderer.development.js:2866:22)
      at updateFunctionComponent (node_modules/react-test-renderer/cjs/react-test-renderer.development.js:6006:19)
      at beginWork (node_modules/react-test-renderer/cjs/react-test-renderer.development.js:7474:18)
      at runWithFiberInDEV (node_modules/react-test-renderer/cjs/react-test-renderer.development.js:1574:13)
      at performUnitOfWork (node_modules/react-test-renderer/cjs/react-test-renderer.development.js:10972:22)
      at workLoopSync (node_modules/react-test-renderer/cjs/react-test-renderer.development.js:10816:41)
      at renderRootSync (node_modules/react-test-renderer/cjs/react-test-renderer.development.js:10797:11)
      at performWorkOnRoot (node_modules/react-test-renderer/cjs/react-test-renderer.development.js:10384:39)
      at performWorkOnRootViaSchedulerTask (node_modules/react-test-renderer/cjs/react-test-renderer.development.js:2094:7)
      at flushActQueue (node_modules/react/cjs/react.development.js:566:34)
      at Object.<anonymous>.process.env.NODE_ENV.exports.act (node_modules/react/cjs/react.development.js:859:10)
      at actImplementation (node_modules/@testing-library/react-native/src/act.ts:30:25)
      at renderWithAct (node_modules/@testing-library/react-native/src/render-act.ts:13:11)
      at renderInternal (node_modules/@testing-library/react-native/src/render.tsx:69:33)
      at renderInternal (node_modules/@testing-library/react-native/src/render.tsx:44:10)
      at Object.<anonymous> (__tests__/vault.test.tsx:244:69)
      at asyncGeneratorStep (node_modules/@babel/runtime/helpers/asyncToGenerator.js:3:17)
      at _next (node_modules/@babel/runtime/helpers/asyncToGenerator.js:17:9)
      at node_modules/@babel/runtime/helpers/asyncToGenerator.js:22:7
      at Object.<anonymous> (node_modules/@babel/runtime/helpers/asyncToGenerator.js:14:12)

  ● AC4 – error and success states › shows a success alert after a confirmed withdrawal completes

    TypeError: Cannot read properties of undefined (reading 'length')

      38 |   }
      39 |
    > 40 |   if (locks.length === 0) {
         |             ^
      41 |     return (
      42 |       <View style={styles.container}>
      43 |         <Lock color={colors.textMuted} size={48} style={styles.emptyIcon} />

      at length (src/components/VaultLockList.tsx:40:13)
      at Object.react-stack-bottom-frame (node_modules/react-test-renderer/cjs/react-test-renderer.development.js:13976:20)
      at renderWithHooks (node_modules/react-test-renderer/cjs/react-test-renderer.development.js:2866:22)
      at updateFunctionComponent (node_modules/react-test-renderer/cjs/react-test-renderer.development.js:6006:19)
      at beginWork (node_modules/react-test-renderer/cjs/react-test-renderer.development.js:7474:18)
      at runWithFiberInDEV (node_modules/react-test-renderer/cjs/react-test-renderer.development.js:1574:13)
      at performUnitOfWork (node_modules/react-test-renderer/cjs/react-test-renderer.development.js:10972:22)
      at workLoopSync (node_modules/react-test-renderer/cjs/react-test-renderer.development.js:10816:41)
      at renderRootSync (node_modules/react-test-renderer/cjs/react-test-renderer.development.js:10797:11)
      at performWorkOnRoot (node_modules/react-test-renderer/cjs/react-test-renderer.development.js:10384:39)
      at performWorkOnRootViaSchedulerTask (node_modules/react-test-renderer/cjs/react-test-renderer.development.js:2094:7)
      at flushActQueue (node_modules/react/cjs/react.development.js:566:34)
      at Object.<anonymous>.process.env.NODE_ENV.exports.act (node_modules/react/cjs/react.development.js:859:10)
      at actImplementation (node_modules/@testing-library/react-native/src/act.ts:30:25)
      at renderWithAct (node_modules/@testing-library/react-native/src/render-act.ts:13:11)
      at renderInternal (node_modules/@testing-library/react-native/src/render.tsx:69:33)
      at renderInternal (node_modules/@testing-library/react-native/src/render.tsx:44:10)
      at Object.<anonymous> (__tests__/vault.test.tsx:261:69)
      at asyncGeneratorStep (node_modules/@babel/runtime/helpers/asyncToGenerator.js:3:17)
      at _next (node_modules/@babel/runtime/helpers/asyncToGenerator.js:17:9)
      at node_modules/@babel/runtime/helpers/asyncToGenerator.js:22:7
      at Object.<anonymous> (node_modules/@babel/runtime/helpers/asyncToGenerator.js:14:12)

  ● AC4 – error and success states › shows a failure alert when deposit throws

    TypeError: Cannot read properties of undefined (reading 'length')

      38 |   }
      39 |
    > 40 |   if (locks.length === 0) {
         |             ^
      41 |     return (
      42 |       <View style={styles.container}>
      43 |         <Lock color={colors.textMuted} size={48} style={styles.emptyIcon} />

      at length (src/components/VaultLockList.tsx:40:13)
      at Object.react-stack-bottom-frame (node_modules/react-test-renderer/cjs/react-test-renderer.development.js:13976:20)
      at renderWithHooks (node_modules/react-test-renderer/cjs/react-test-renderer.development.js:2866:22)
      at updateFunctionComponent (node_modules/react-test-renderer/cjs/react-test-renderer.development.js:6006:19)
      at beginWork (node_modules/react-test-renderer/cjs/react-test-renderer.development.js:7474:18)
      at runWithFiberInDEV (node_modules/react-test-renderer/cjs/react-test-renderer.development.js:1574:13)
      at performUnitOfWork (node_modules/react-test-renderer/cjs/react-test-renderer.development.js:10972:22)
      at workLoopSync (node_modules/react-test-renderer/cjs/react-test-renderer.development.js:10816:41)
      at renderRootSync (node_modules/react-test-renderer/cjs/react-test-renderer.development.js:10797:11)
      at performWorkOnRoot (node_modules/react-test-renderer/cjs/react-test-renderer.development.js:10384:39)
      at performWorkOnRootViaSchedulerTask (node_modules/react-test-renderer/cjs/react-test-renderer.development.js:2094:7)
      at flushActQueue (node_modules/react/cjs/react.development.js:566:34)
      at Object.<anonymous>.process.env.NODE_ENV.exports.act (node_modules/react/cjs/react.development.js:859:10)
      at actImplementation (node_modules/@testing-library/react-native/src/act.ts:30:25)
      at renderWithAct (node_modules/@testing-library/react-native/src/render-act.ts:13:11)
      at renderInternal (node_modules/@testing-library/react-native/src/render.tsx:69:33)
      at renderInternal (node_modules/@testing-library/react-native/src/render.tsx:44:10)
      at Object.<anonymous> (__tests__/vault.test.tsx:279:69)
      at asyncGeneratorStep (node_modules/@babel/runtime/helpers/asyncToGenerator.js:3:17)
      at _next (node_modules/@babel/runtime/helpers/asyncToGenerator.js:17:9)
      at node_modules/@babel/runtime/helpers/asyncToGenerator.js:22:7
      at Object.<anonymous> (node_modules/@babel/runtime/helpers/asyncToGenerator.js:14:12)

  ● AC4 – error and success states › shows a failure alert when withdraw throws

    TypeError: Cannot read properties of undefined (reading 'length')

      38 |   }
      39 |
    > 40 |   if (locks.length === 0) {
         |             ^
      41 |     return (
      42 |       <View style={styles.container}>
      43 |         <Lock color={colors.textMuted} size={48} style={styles.emptyIcon} />

      at length (src/components/VaultLockList.tsx:40:13)
      at Object.react-stack-bottom-frame (node_modules/react-test-renderer/cjs/react-test-renderer.development.js:13976:20)
      at renderWithHooks (node_modules/react-test-renderer/cjs/react-test-renderer.development.js:2866:22)
      at updateFunctionComponent (node_modules/react-test-renderer/cjs/react-test-renderer.development.js:6006:19)
      at beginWork (node_modules/react-test-renderer/cjs/react-test-renderer.development.js:7474:18)
      at runWithFiberInDEV (node_modules/react-test-renderer/cjs/react-test-renderer.development.js:1574:13)
      at performUnitOfWork (node_modules/react-test-renderer/cjs/react-test-renderer.development.js:10972:22)
      at workLoopSync (node_modules/react-test-renderer/cjs/react-test-renderer.development.js:10816:41)
      at renderRootSync (node_modules/react-test-renderer/cjs/react-test-renderer.development.js:10797:11)
      at performWorkOnRoot (node_modules/react-test-renderer/cjs/react-test-renderer.development.js:10384:39)
      at performWorkOnRootViaSchedulerTask (node_modules/react-test-renderer/cjs/react-test-renderer.development.js:2094:7)
      at flushActQueue (node_modules/react/cjs/react.development.js:566:34)
      at Object.<anonymous>.process.env.NODE_ENV.exports.act (node_modules/react/cjs/react.development.js:859:10)
      at actImplementation (node_modules/@testing-library/react-native/src/act.ts:30:25)
      at renderWithAct (node_modules/@testing-library/react-native/src/render-act.ts:13:11)
      at renderInternal (node_modules/@testing-library/react-native/src/render.tsx:69:33)
      at renderInternal (node_modules/@testing-library/react-native/src/render.tsx:44:10)
      at Object.<anonymous> (__tests__/vault.test.tsx:294:69)
      at asyncGeneratorStep (node_modules/@babel/runtime/helpers/asyncToGenerator.js:3:17)
      at _next (node_modules/@babel/runtime/helpers/asyncToGenerator.js:17:9)
      at node_modules/@babel/runtime/helpers/asyncToGenerator.js:22:7
      at Object.<anonymous> (node_modules/@babel/runtime/helpers/asyncToGenerator.js:14:12)

  ● AC4 – error and success states › closes the modal after a successful deposit

    TypeError: Cannot read properties of undefined (reading 'length')

      38 |   }
      39 |
    > 40 |   if (locks.length === 0) {
         |             ^
      41 |     return (
      42 |       <View style={styles.container}>
      43 |         <Lock color={colors.textMuted} size={48} style={styles.emptyIcon} />

      at length (src/components/VaultLockList.tsx:40:13)
      at Object.react-stack-bottom-frame (node_modules/react-test-renderer/cjs/react-test-renderer.development.js:13976:20)
      at renderWithHooks (node_modules/react-test-renderer/cjs/react-test-renderer.development.js:2866:22)
      at updateFunctionComponent (node_modules/react-test-renderer/cjs/react-test-renderer.development.js:6006:19)
      at beginWork (node_modules/react-test-renderer/cjs/react-test-renderer.development.js:7474:18)
      at runWithFiberInDEV (node_modules/react-test-renderer/cjs/react-test-renderer.development.js:1574:13)
      at performUnitOfWork (node_modules/react-test-renderer/cjs/react-test-renderer.development.js:10972:22)
      at workLoopSync (node_modules/react-test-renderer/cjs/react-test-renderer.development.js:10816:41)
      at renderRootSync (node_modules/react-test-renderer/cjs/react-test-renderer.development.js:10797:11)
      at performWorkOnRoot (node_modules/react-test-renderer/cjs/react-test-renderer.development.js:10384:39)
      at performWorkOnRootViaSchedulerTask (node_modules/react-test-renderer/cjs/react-test-renderer.development.js:2094:7)
      at flushActQueue (node_modules/react/cjs/react.development.js:566:34)
      at Object.<anonymous>.process.env.NODE_ENV.exports.act (node_modules/react/cjs/react.development.js:859:10)
      at actImplementation (node_modules/@testing-library/react-native/src/act.ts:30:25)
      at renderWithAct (node_modules/@testing-library/react-native/src/render-act.ts:13:11)
      at renderInternal (node_modules/@testing-library/react-native/src/render.tsx:69:33)
      at renderInternal (node_modules/@testing-library/react-native/src/render.tsx:44:10)
      at Object.<anonymous> (__tests__/vault.test.tsx:308:82)
      at asyncGeneratorStep (node_modules/@babel/runtime/helpers/asyncToGenerator.js:3:17)
      at _next (node_modules/@babel/runtime/helpers/asyncToGenerator.js:17:9)
      at node_modules/@babel/runtime/helpers/asyncToGenerator.js:22:7
      at Object.<anonymous> (node_modules/@babel/runtime/helpers/asyncToGenerator.js:14:12)

  ● AC4 – error and success states › closes the modal after a failed deposit

    TypeError: Cannot read properties of undefined (reading 'length')

      38 |   }
      39 |
    > 40 |   if (locks.length === 0) {
         |             ^
      41 |     return (
      42 |       <View style={styles.container}>
      43 |         <Lock color={colors.textMuted} size={48} style={styles.emptyIcon} />

      at length (src/components/VaultLockList.tsx:40:13)
      at Object.react-stack-bottom-frame (node_modules/react-test-renderer/cjs/react-test-renderer.development.js:13976:20)
      at renderWithHooks (node_modules/react-test-renderer/cjs/react-test-renderer.development.js:2866:22)
      at updateFunctionComponent (node_modules/react-test-renderer/cjs/react-test-renderer.development.js:6006:19)
      at beginWork (node_modules/react-test-renderer/cjs/react-test-renderer.development.js:7474:18)
      at runWithFiberInDEV (node_modules/react-test-renderer/cjs/react-test-renderer.development.js:1574:13)
      at performUnitOfWork (node_modules/react-test-renderer/cjs/react-test-renderer.development.js:10972:22)
      at workLoopSync (node_modules/react-test-renderer/cjs/react-test-renderer.development.js:10816:41)
      at renderRootSync (node_modules/react-test-renderer/cjs/react-test-renderer.development.js:10797:11)
      at performWorkOnRoot (node_modules/react-test-renderer/cjs/react-test-renderer.development.js:10384:39)
      at performWorkOnRootViaSchedulerTask (node_modules/react-test-renderer/cjs/react-test-renderer.development.js:2094:7)
      at flushActQueue (node_modules/react/cjs/react.development.js:566:34)
      at Object.<anonymous>.process.env.NODE_ENV.exports.act (node_modules/react/cjs/react.development.js:859:10)
      at actImplementation (node_modules/@testing-library/react-native/src/act.ts:30:25)
      at renderWithAct (node_modules/@testing-library/react-native/src/render-act.ts:13:11)
      at renderInternal (node_modules/@testing-library/react-native/src/render.tsx:69:33)
      at renderInternal (node_modules/@testing-library/react-native/src/render.tsx:44:10)
      at Object.<anonymous> (__tests__/vault.test.tsx:325:82)
      at asyncGeneratorStep (node_modules/@babel/runtime/helpers/asyncToGenerator.js:3:17)
      at _next (node_modules/@babel/runtime/helpers/asyncToGenerator.js:17:9)
      at node_modules/@babel/runtime/helpers/asyncToGenerator.js:22:7
      at Object.<anonymous> (node_modules/@babel/runtime/helpers/asyncToGenerator.js:14:12)

  ● AC4 – error and success states › shows placeholder notice for lock action via modal

    TypeError: Cannot read properties of undefined (reading 'length')

      38 |   }
      39 |
    > 40 |   if (locks.length === 0) {
         |             ^
      41 |     return (
      42 |       <View style={styles.container}>
      43 |         <Lock color={colors.textMuted} size={48} style={styles.emptyIcon} />

      at length (src/components/VaultLockList.tsx:40:13)
      at Object.react-stack-bottom-frame (node_modules/react-test-renderer/cjs/react-test-renderer.development.js:13976:20)
      at renderWithHooks (node_modules/react-test-renderer/cjs/react-test-renderer.development.js:2866:22)
      at updateFunctionComponent (node_modules/react-test-renderer/cjs/react-test-renderer.development.js:6006:19)
      at beginWork (node_modules/react-test-renderer/cjs/react-test-renderer.development.js:7474:18)
      at runWithFiberInDEV (node_modules/react-test-renderer/cjs/react-test-renderer.development.js:1574:13)
      at performUnitOfWork (node_modules/react-test-renderer/cjs/react-test-renderer.development.js:10972:22)
      at workLoopSync (node_modules/react-test-renderer/cjs/react-test-renderer.development.js:10816:41)
      at renderRootSync (node_modules/react-test-renderer/cjs/react-test-renderer.development.js:10797:11)
      at performWorkOnRoot (node_modules/react-test-renderer/cjs/react-test-renderer.development.js:10384:39)
      at performWorkOnRootViaSchedulerTask (node_modules/react-test-renderer/cjs/react-test-renderer.development.js:2094:7)
      at flushActQueue (node_modules/react/cjs/react.development.js:566:34)
      at Object.<anonymous>.process.env.NODE_ENV.exports.act (node_modules/react/cjs/react.development.js:859:10)
      at actImplementation (node_modules/@testing-library/react-native/src/act.ts:30:25)
      at renderWithAct (node_modules/@testing-library/react-native/src/render-act.ts:13:11)
      at renderInternal (node_modules/@testing-library/react-native/src/render.tsx:69:33)
      at renderInternal (node_modules/@testing-library/react-native/src/render.tsx:44:10)
      at Object.<anonymous> (__tests__/vault.test.tsx:341:69)
      at asyncGeneratorStep (node_modules/@babel/runtime/helpers/asyncToGenerator.js:3:17)
      at _next (node_modules/@babel/runtime/helpers/asyncToGenerator.js:17:9)
      at node_modules/@babel/runtime/helpers/asyncToGenerator.js:22:7
      at Object.<anonymous> (node_modules/@babel/runtime/helpers/asyncToGenerator.js:14:12)

  ● AC4 – error and success states › cancels the modal and does not execute action when cancel is pressed

    TypeError: Cannot read properties of undefined (reading 'length')

      38 |   }
      39 |
    > 40 |   if (locks.length === 0) {
         |             ^
      41 |     return (
      42 |       <View style={styles.container}>
      43 |         <Lock color={colors.textMuted} size={48} style={styles.emptyIcon} />

      at length (src/components/VaultLockList.tsx:40:13)
      at Object.react-stack-bottom-frame (node_modules/react-test-renderer/cjs/react-test-renderer.development.js:13976:20)
      at renderWithHooks (node_modules/react-test-renderer/cjs/react-test-renderer.development.js:2866:22)
      at updateFunctionComponent (node_modules/react-test-renderer/cjs/react-test-renderer.development.js:6006:19)
      at beginWork (node_modules/react-test-renderer/cjs/react-test-renderer.development.js:7474:18)
      at runWithFiberInDEV (node_modules/react-test-renderer/cjs/react-test-renderer.development.js:1574:13)
      at performUnitOfWork (node_modules/react-test-renderer/cjs/react-test-renderer.development.js:10972:22)
      at workLoopSync (node_modules/react-test-renderer/cjs/react-test-renderer.development.js:10816:41)
      at renderRootSync (node_modules/react-test-renderer/cjs/react-test-renderer.development.js:10797:11)
      at performWorkOnRoot (node_modules/react-test-renderer/cjs/react-test-renderer.development.js:10384:39)
      at performWorkOnRootViaSchedulerTask (node_modules/react-test-renderer/cjs/react-test-renderer.development.js:2094:7)
      at flushActQueue (node_modules/react/cjs/react.development.js:566:34)
      at Object.<anonymous>.process.env.NODE_ENV.exports.act (node_modules/react/cjs/react.development.js:859:10)
      at actImplementation (node_modules/@testing-library/react-native/src/act.ts:30:25)
      at renderWithAct (node_modules/@testing-library/react-native/src/render-act.ts:13:11)
      at renderInternal (node_modules/@testing-library/react-native/src/render.tsx:69:33)
      at renderInternal (node_modules/@testing-library/react-native/src/render.tsx:44:10)
      at Object.<anonymous> (__tests__/vault.test.tsx:358:82)
      at asyncGeneratorStep (node_modules/@babel/runtime/helpers/asyncToGenerator.js:3:17)
      at _next (node_modules/@babel/runtime/helpers/asyncToGenerator.js:17:9)
      at node_modules/@babel/runtime/helpers/asyncToGenerator.js:22:7
      at Object.<anonymous> (node_modules/@babel/runtime/helpers/asyncToGenerator.js:14:12)

  ● validation prevents action › does not show confirmation modal when amount is empty

    TypeError: Cannot read properties of undefined (reading 'length')

      38 |   }
      39 |
    > 40 |   if (locks.length === 0) {
         |             ^
      41 |     return (
      42 |       <View style={styles.container}>
      43 |         <Lock color={colors.textMuted} size={48} style={styles.emptyIcon} />

      at length (src/components/VaultLockList.tsx:40:13)
      at Object.react-stack-bottom-frame (node_modules/react-test-renderer/cjs/react-test-renderer.development.js:13976:20)
      at renderWithHooks (node_modules/react-test-renderer/cjs/react-test-renderer.development.js:2866:22)
      at updateFunctionComponent (node_modules/react-test-renderer/cjs/react-test-renderer.development.js:6006:19)
      at beginWork (node_modules/react-test-renderer/cjs/react-test-renderer.development.js:7474:18)
      at runWithFiberInDEV (node_modules/react-test-renderer/cjs/react-test-renderer.development.js:1574:13)
      at performUnitOfWork (node_modules/react-test-renderer/cjs/react-test-renderer.development.js:10972:22)
      at workLoopSync (node_modules/react-test-renderer/cjs/react-test-renderer.development.js:10816:41)
      at renderRootSync (node_modules/react-test-renderer/cjs/react-test-renderer.development.js:10797:11)
      at performWorkOnRoot (node_modules/react-test-renderer/cjs/react-test-renderer.development.js:10384:39)
      at performWorkOnRootViaSchedulerTask (node_modules/react-test-renderer/cjs/react-test-renderer.development.js:2094:7)
      at flushActQueue (node_modules/react/cjs/react.development.js:566:34)
      at Object.<anonymous>.process.env.NODE_ENV.exports.act (node_modules/react/cjs/react.development.js:859:10)
      at actImplementation (node_modules/@testing-library/react-native/src/act.ts:30:25)
      at renderWithAct (node_modules/@testing-library/react-native/src/render-act.ts:13:11)
      at renderInternal (node_modules/@testing-library/react-native/src/render.tsx:69:33)
      at renderInternal (node_modules/@testing-library/react-native/src/render.tsx:44:10)
      at Object.<anonymous> (__tests__/vault.test.tsx:380:46)
      at asyncGeneratorStep (node_modules/@babel/runtime/helpers/asyncToGenerator.js:3:17)
      at _next (node_modules/@babel/runtime/helpers/asyncToGenerator.js:17:9)
      at node_modules/@babel/runtime/helpers/asyncToGenerator.js:22:7
      at Object.<anonymous> (node_modules/@babel/runtime/helpers/asyncToGenerator.js:14:12)

  ● validation prevents action › does not show confirmation modal when amount exceeds wallet balance for deposit

    TypeError: Cannot read properties of undefined (reading 'length')

      38 |   }
      39 |
    > 40 |   if (locks.length === 0) {
         |             ^
      41 |     return (
      42 |       <View style={styles.container}>
      43 |         <Lock color={colors.textMuted} size={48} style={styles.emptyIcon} />

      at length (src/components/VaultLockList.tsx:40:13)
      at Object.react-stack-bottom-frame (node_modules/react-test-renderer/cjs/react-test-renderer.development.js:13976:20)
      at renderWithHooks (node_modules/react-test-renderer/cjs/react-test-renderer.development.js:2866:22)
      at updateFunctionComponent (node_modules/react-test-renderer/cjs/react-test-renderer.development.js:6006:19)
      at beginWork (node_modules/react-test-renderer/cjs/react-test-renderer.development.js:7474:18)
      at runWithFiberInDEV (node_modules/react-test-renderer/cjs/react-test-renderer.development.js:1574:13)
      at performUnitOfWork (node_modules/react-test-renderer/cjs/react-test-renderer.development.js:10972:22)
      at workLoopSync (node_modules/react-test-renderer/cjs/react-test-renderer.development.js:10816:41)
      at renderRootSync (node_modules/react-test-renderer/cjs/react-test-renderer.development.js:10797:11)
      at performWorkOnRoot (node_modules/react-test-renderer/cjs/react-test-renderer.development.js:10384:39)
      at performWorkOnRootViaSchedulerTask (node_modules/react-test-renderer/cjs/react-test-renderer.development.js:2094:7)
      at flushActQueue (node_modules/react/cjs/react.development.js:566:34)
      at Object.<anonymous>.process.env.NODE_ENV.exports.act (node_modules/react/cjs/react.development.js:859:10)
      at actImplementation (node_modules/@testing-library/react-native/src/act.ts:30:25)
      at renderWithAct (node_modules/@testing-library/react-native/src/render-act.ts:13:11)
      at renderInternal (node_modules/@testing-library/react-native/src/render.tsx:69:33)
      at renderInternal (node_modules/@testing-library/react-native/src/render.tsx:44:10)
      at Object.<anonymous> (__tests__/vault.test.tsx:388:68)
      at asyncGeneratorStep (node_modules/@babel/runtime/helpers/asyncToGenerator.js:3:17)
      at _next (node_modules/@babel/runtime/helpers/asyncToGenerator.js:17:9)
      at node_modules/@babel/runtime/helpers/asyncToGenerator.js:22:7
      at Object.<anonymous> (node_modules/@babel/runtime/helpers/asyncToGenerator.js:14:12)

FAIL __tests__/home.pullToRefresh.test.tsx
  ● AC-W1 – refreshWalletData on mount › calls refreshWalletData once when the screen mounts

    Element type is invalid: expected a string (for built-in components) or a class/function (for composite components) but got: undefined. You likely forgot to export your component from the file it's defined in, or you might have mixed up default and named imports.

    Check the render method of `BackupReminderModal`.

      103 |   it('calls refreshWalletData once when the screen mounts', () => {
      104 |     const store = setup();
    > 105 |     render(<HomeScreen />);
          |           ^
      106 |     expect(store.refreshWalletData).toHaveBeenCalledTimes(1);
      107 |   });
      108 | });

      at createFiberFromTypeAndProps (node_modules/react-test-renderer/cjs/react-test-renderer.development.js:12185:28)
      at createFiberFromElement (node_modules/react-test-renderer/cjs/react-test-renderer.development.js:12199:14)
      at reconcileChildFibersImpl (node_modules/react-test-renderer/cjs/react-test-renderer.development.js:5049:31)
      at node_modules/react-test-renderer/cjs/react-test-renderer.development.js:5227:33
      at reconcileChildren (node_modules/react-test-renderer/cjs/react-test-renderer.development.js:5735:13)
      at beginWork (node_modules/react-test-renderer/cjs/react-test-renderer.development.js:7551:13)
      at runWithFiberInDEV (node_modules/react-test-renderer/cjs/react-test-renderer.development.js:1574:13)
      at performUnitOfWork (node_modules/react-test-renderer/cjs/react-test-renderer.development.js:10972:22)
      at workLoopSync (node_modules/react-test-renderer/cjs/react-test-renderer.development.js:10816:41)
      at renderRootSync (node_modules/react-test-renderer/cjs/react-test-renderer.development.js:10797:11)
      at performWorkOnRoot (node_modules/react-test-renderer/cjs/react-test-renderer.development.js:10384:39)
      at performWorkOnRootViaSchedulerTask (node_modules/react-test-renderer/cjs/react-test-renderer.development.js:2094:7)
      at flushActQueue (node_modules/react/cjs/react.development.js:566:34)
      at Object.<anonymous>.process.env.NODE_ENV.exports.act (node_modules/react/cjs/react.development.js:859:10)
      at actImplementation (node_modules/@testing-library/react-native/src/act.ts:30:25)
      at renderWithAct (node_modules/@testing-library/react-native/src/render-act.ts:13:11)
      at renderInternal (node_modules/@testing-library/react-native/src/render.tsx:69:33)
      at renderInternal (node_modules/@testing-library/react-native/src/render.tsx:44:10)
      at Object.<anonymous> (__tests__/home.pullToRefresh.test.tsx:105:11)

  ● AC-W2, AC-W3, AC-W4 – RefreshControl props › attaches a RefreshControl to the ScrollView

    Element type is invalid: expected a string (for built-in components) or a class/function (for composite components) but got: undefined. You likely forgot to export your component from the file it's defined in, or you might have mixed up default and named imports.

    Check the render method of `BackupReminderModal`.

      115 |   it('attaches a RefreshControl to the ScrollView', () => {
      116 |     setup();
    > 117 |     const { UNSAFE_getByType } = render(<HomeScreen />);
          |                                        ^
      118 |     const scrollView = UNSAFE_getByType(ScrollView);
      119 |     expect(scrollView.props.refreshControl).toBeDefined();
      120 |   });

      at createFiberFromTypeAndProps (node_modules/react-test-renderer/cjs/react-test-renderer.development.js:12185:28)
      at createFiberFromElement (node_modules/react-test-renderer/cjs/react-test-renderer.development.js:12199:14)
      at reconcileChildFibersImpl (node_modules/react-test-renderer/cjs/react-test-renderer.development.js:5049:31)
      at node_modules/react-test-renderer/cjs/react-test-renderer.development.js:5227:33
      at reconcileChildren (node_modules/react-test-renderer/cjs/react-test-renderer.development.js:5735:13)
      at beginWork (node_modules/react-test-renderer/cjs/react-test-renderer.development.js:7551:13)
      at runWithFiberInDEV (node_modules/react-test-renderer/cjs/react-test-renderer.development.js:1574:13)
      at performUnitOfWork (node_modules/react-test-renderer/cjs/react-test-renderer.development.js:10972:22)
      at workLoopSync (node_modules/react-test-renderer/cjs/react-test-renderer.development.js:10816:41)
      at renderRootSync (node_modules/react-test-renderer/cjs/react-test-renderer.development.js:10797:11)
      at performWorkOnRoot (node_modules/react-test-renderer/cjs/react-test-renderer.development.js:10384:39)
      at performWorkOnRootViaSchedulerTask (node_modules/react-test-renderer/cjs/react-test-renderer.development.js:2094:7)
      at flushActQueue (node_modules/react/cjs/react.development.js:566:34)
      at Object.<anonymous>.process.env.NODE_ENV.exports.act (node_modules/react/cjs/react.development.js:859:10)
      at actImplementation (node_modules/@testing-library/react-native/src/act.ts:30:25)
      at renderWithAct (node_modules/@testing-library/react-native/src/render-act.ts:13:11)
      at renderInternal (node_modules/@testing-library/react-native/src/render.tsx:69:33)
      at renderInternal (node_modules/@testing-library/react-native/src/render.tsx:44:10)
      at Object.<anonymous> (__tests__/home.pullToRefresh.test.tsx:117:40)

  ● AC-W2, AC-W3, AC-W4 – RefreshControl props › passes refreshing=false to RefreshControl when not loading

    Element type is invalid: expected a string (for built-in components) or a class/function (for composite components) but got: undefined. You likely forgot to export your component from the file it's defined in, or you might have mixed up default and named imports.

    Check the render method of `BackupReminderModal`.

      122 |   it('passes refreshing=false to RefreshControl when not loading', () => {
      123 |     setup({ isLoading: false });
    > 124 |     const { UNSAFE_getByType } = render(<HomeScreen />);
          |                                        ^
      125 |     const scrollView = UNSAFE_getByType(ScrollView);
      126 |     expect(scrollView.props.refreshControl.props.refreshing).toBe(false);
      127 |   });

      at createFiberFromTypeAndProps (node_modules/react-test-renderer/cjs/react-test-renderer.development.js:12185:28)
      at createFiberFromElement (node_modules/react-test-renderer/cjs/react-test-renderer.development.js:12199:14)
      at reconcileChildFibersImpl (node_modules/react-test-renderer/cjs/react-test-renderer.development.js:5049:31)
      at node_modules/react-test-renderer/cjs/react-test-renderer.development.js:5227:33
      at reconcileChildren (node_modules/react-test-renderer/cjs/react-test-renderer.development.js:5735:13)
      at beginWork (node_modules/react-test-renderer/cjs/react-test-renderer.development.js:7551:13)
      at runWithFiberInDEV (node_modules/react-test-renderer/cjs/react-test-renderer.development.js:1574:13)
      at performUnitOfWork (node_modules/react-test-renderer/cjs/react-test-renderer.development.js:10972:22)
      at workLoopSync (node_modules/react-test-renderer/cjs/react-test-renderer.development.js:10816:41)
      at renderRootSync (node_modules/react-test-renderer/cjs/react-test-renderer.development.js:10797:11)
      at performWorkOnRoot (node_modules/react-test-renderer/cjs/react-test-renderer.development.js:10384:39)
      at performWorkOnRootViaSchedulerTask (node_modules/react-test-renderer/cjs/react-test-renderer.development.js:2094:7)
      at flushActQueue (node_modules/react/cjs/react.development.js:566:34)
      at Object.<anonymous>.process.env.NODE_ENV.exports.act (node_modules/react/cjs/react.development.js:859:10)
      at actImplementation (node_modules/@testing-library/react-native/src/act.ts:30:25)
      at renderWithAct (node_modules/@testing-library/react-native/src/render-act.ts:13:11)
      at renderInternal (node_modules/@testing-library/react-native/src/render.tsx:69:33)
      at renderInternal (node_modules/@testing-library/react-native/src/render.tsx:44:10)
      at Object.<anonymous> (__tests__/home.pullToRefresh.test.tsx:124:40)

  ● AC-W2, AC-W3, AC-W4 – RefreshControl props › passes refreshing=true to RefreshControl while loading

    Element type is invalid: expected a string (for built-in components) or a class/function (for composite components) but got: undefined. You likely forgot to export your component from the file it's defined in, or you might have mixed up default and named imports.

    Check the render method of `BackupReminderModal`.

      129 |   it('passes refreshing=true to RefreshControl while loading', () => {
      130 |     setup({ isLoading: true });
    > 131 |     const { UNSAFE_getByType } = render(<HomeScreen />);
          |                                        ^
      132 |     const scrollView = UNSAFE_getByType(ScrollView);
      133 |     expect(scrollView.props.refreshControl.props.refreshing).toBe(true);
      134 |   });

      at createFiberFromTypeAndProps (node_modules/react-test-renderer/cjs/react-test-renderer.development.js:12185:28)
      at createFiberFromElement (node_modules/react-test-renderer/cjs/react-test-renderer.development.js:12199:14)
      at reconcileChildFibersImpl (node_modules/react-test-renderer/cjs/react-test-renderer.development.js:5049:31)
      at node_modules/react-test-renderer/cjs/react-test-renderer.development.js:5227:33
      at reconcileChildren (node_modules/react-test-renderer/cjs/react-test-renderer.development.js:5735:13)
      at beginWork (node_modules/react-test-renderer/cjs/react-test-renderer.development.js:7551:13)
      at runWithFiberInDEV (node_modules/react-test-renderer/cjs/react-test-renderer.development.js:1574:13)
      at performUnitOfWork (node_modules/react-test-renderer/cjs/react-test-renderer.development.js:10972:22)
      at workLoopSync (node_modules/react-test-renderer/cjs/react-test-renderer.development.js:10816:41)
      at renderRootSync (node_modules/react-test-renderer/cjs/react-test-renderer.development.js:10797:11)
      at performWorkOnRoot (node_modules/react-test-renderer/cjs/react-test-renderer.development.js:10384:39)
      at performWorkOnRootViaSchedulerTask (node_modules/react-test-renderer/cjs/react-test-renderer.development.js:2094:7)
      at flushActQueue (node_modules/react/cjs/react.development.js:566:34)
      at Object.<anonymous>.process.env.NODE_ENV.exports.act (node_modules/react/cjs/react.development.js:859:10)
      at actImplementation (node_modules/@testing-library/react-native/src/act.ts:30:25)
      at renderWithAct (node_modules/@testing-library/react-native/src/render-act.ts:13:11)
      at renderInternal (node_modules/@testing-library/react-native/src/render.tsx:69:33)
      at renderInternal (node_modules/@testing-library/react-native/src/render.tsx:44:10)
      at Object.<anonymous> (__tests__/home.pullToRefresh.test.tsx:131:40)

  ● AC-W2, AC-W3, AC-W4 – RefreshControl props › calls refreshWalletData when onRefresh fires

    Element type is invalid: expected a string (for built-in components) or a class/function (for composite components) but got: undefined. You likely forgot to export your component from the file it's defined in, or you might have mixed up default and named imports.

    Check the render method of `BackupReminderModal`.

      136 |   it('calls refreshWalletData when onRefresh fires', () => {
      137 |     const store = setup({ isLoading: false });
    > 138 |     const { UNSAFE_getByType } = render(<HomeScreen />);
          |                                        ^
      139 |     const scrollView = UNSAFE_getByType(ScrollView);
      140 |
      141 |     // Simulate the pull gesture completing.

      at createFiberFromTypeAndProps (node_modules/react-test-renderer/cjs/react-test-renderer.development.js:12185:28)
      at createFiberFromElement (node_modules/react-test-renderer/cjs/react-test-renderer.development.js:12199:14)
      at reconcileChildFibersImpl (node_modules/react-test-renderer/cjs/react-test-renderer.development.js:5049:31)
      at node_modules/react-test-renderer/cjs/react-test-renderer.development.js:5227:33
      at reconcileChildren (node_modules/react-test-renderer/cjs/react-test-renderer.development.js:5735:13)
      at beginWork (node_modules/react-test-renderer/cjs/react-test-renderer.development.js:7551:13)
      at runWithFiberInDEV (node_modules/react-test-renderer/cjs/react-test-renderer.development.js:1574:13)
      at performUnitOfWork (node_modules/react-test-renderer/cjs/react-test-renderer.development.js:10972:22)
      at workLoopSync (node_modules/react-test-renderer/cjs/react-test-renderer.development.js:10816:41)
      at renderRootSync (node_modules/react-test-renderer/cjs/react-test-renderer.development.js:10797:11)
      at performWorkOnRoot (node_modules/react-test-renderer/cjs/react-test-renderer.development.js:10384:39)
      at performWorkOnRootViaSchedulerTask (node_modules/react-test-renderer/cjs/react-test-renderer.development.js:2094:7)
      at flushActQueue (node_modules/react/cjs/react.development.js:566:34)
      at Object.<anonymous>.process.env.NODE_ENV.exports.act (node_modules/react/cjs/react.development.js:859:10)
      at actImplementation (node_modules/@testing-library/react-native/src/act.ts:30:25)
      at renderWithAct (node_modules/@testing-library/react-native/src/render-act.ts:13:11)
      at renderInternal (node_modules/@testing-library/react-native/src/render.tsx:69:33)
      at renderInternal (node_modules/@testing-library/react-native/src/render.tsx:44:10)
      at Object.<anonymous> (__tests__/home.pullToRefresh.test.tsx:138:40)

  ● AC-W5, AC-W6 – spinner while loading › marks RefreshControl as refreshing while isLoading is true

    Element type is invalid: expected a string (for built-in components) or a class/function (for composite components) but got: undefined. You likely forgot to export your component from the file it's defined in, or you might have mixed up default and named imports.

    Check the render method of `BackupReminderModal`.

      154 |   it('marks RefreshControl as refreshing while isLoading is true', () => {
      155 |     setup({ isLoading: true });
    > 156 |     const { UNSAFE_getByType } = render(<HomeScreen />);
          |                                        ^
      157 |     expect(UNSAFE_getByType(ScrollView).props.refreshControl.props.refreshing).toBe(true);
      158 |   });
      159 |

      at createFiberFromTypeAndProps (node_modules/react-test-renderer/cjs/react-test-renderer.development.js:12185:28)
      at createFiberFromElement (node_modules/react-test-renderer/cjs/react-test-renderer.development.js:12199:14)
      at reconcileChildFibersImpl (node_modules/react-test-renderer/cjs/react-test-renderer.development.js:5049:31)
      at node_modules/react-test-renderer/cjs/react-test-renderer.development.js:5227:33
      at reconcileChildren (node_modules/react-test-renderer/cjs/react-test-renderer.development.js:5735:13)
      at beginWork (node_modules/react-test-renderer/cjs/react-test-renderer.development.js:7551:13)
      at runWithFiberInDEV (node_modules/react-test-renderer/cjs/react-test-renderer.development.js:1574:13)
      at performUnitOfWork (node_modules/react-test-renderer/cjs/react-test-renderer.development.js:10972:22)
      at workLoopSync (node_modules/react-test-renderer/cjs/react-test-renderer.development.js:10816:41)
      at renderRootSync (node_modules/react-test-renderer/cjs/react-test-renderer.development.js:10797:11)
      at performWorkOnRoot (node_modules/react-test-renderer/cjs/react-test-renderer.development.js:10384:39)
      at performWorkOnRootViaSchedulerTask (node_modules/react-test-renderer/cjs/react-test-renderer.development.js:2094:7)
      at flushActQueue (node_modules/react/cjs/react.development.js:566:34)
      at Object.<anonymous>.process.env.NODE_ENV.exports.act (node_modules/react/cjs/react.development.js:859:10)
      at actImplementation (node_modules/@testing-library/react-native/src/act.ts:30:25)
      at renderWithAct (node_modules/@testing-library/react-native/src/render-act.ts:13:11)
      at renderInternal (node_modules/@testing-library/react-native/src/render.tsx:69:33)
      at renderInternal (node_modules/@testing-library/react-native/src/render.tsx:44:10)
      at Object.<anonymous> (__tests__/home.pullToRefresh.test.tsx:156:40)

  ● AC-W5, AC-W6 – spinner while loading › clears refreshing once isLoading returns to false

    Element type is invalid: expected a string (for built-in components) or a class/function (for composite components) but got: undefined. You likely forgot to export your component from the file it's defined in, or you might have mixed up default and named imports.

    Check the render method of `BackupReminderModal`.

      160 |   it('clears refreshing once isLoading returns to false', () => {
      161 |     setup({ isLoading: false });
    > 162 |     const { UNSAFE_getByType } = render(<HomeScreen />);
          |                                        ^
      163 |     expect(UNSAFE_getByType(ScrollView).props.refreshControl.props.refreshing).toBe(false);
      164 |   });
      165 | });

      at createFiberFromTypeAndProps (node_modules/react-test-renderer/cjs/react-test-renderer.development.js:12185:28)
      at createFiberFromElement (node_modules/react-test-renderer/cjs/react-test-renderer.development.js:12199:14)
      at reconcileChildFibersImpl (node_modules/react-test-renderer/cjs/react-test-renderer.development.js:5049:31)
      at node_modules/react-test-renderer/cjs/react-test-renderer.development.js:5227:33
      at reconcileChildren (node_modules/react-test-renderer/cjs/react-test-renderer.development.js:5735:13)
      at beginWork (node_modules/react-test-renderer/cjs/react-test-renderer.development.js:7551:13)
      at runWithFiberInDEV (node_modules/react-test-renderer/cjs/react-test-renderer.development.js:1574:13)
      at performUnitOfWork (node_modules/react-test-renderer/cjs/react-test-renderer.development.js:10972:22)
      at workLoopSync (node_modules/react-test-renderer/cjs/react-test-renderer.development.js:10816:41)
      at renderRootSync (node_modules/react-test-renderer/cjs/react-test-renderer.development.js:10797:11)
      at performWorkOnRoot (node_modules/react-test-renderer/cjs/react-test-renderer.development.js:10384:39)
      at performWorkOnRootViaSchedulerTask (node_modules/react-test-renderer/cjs/react-test-renderer.development.js:2094:7)
      at flushActQueue (node_modules/react/cjs/react.development.js:566:34)
      at Object.<anonymous>.process.env.NODE_ENV.exports.act (node_modules/react/cjs/react.development.js:859:10)
      at actImplementation (node_modules/@testing-library/react-native/src/act.ts:30:25)
      at renderWithAct (node_modules/@testing-library/react-native/src/render-act.ts:13:11)
      at renderInternal (node_modules/@testing-library/react-native/src/render.tsx:69:33)
      at renderInternal (node_modules/@testing-library/react-native/src/render.tsx:44:10)
      at Object.<anonymous> (__tests__/home.pullToRefresh.test.tsx:162:40)

  ● AC-W7 – no duplicate requests while already refreshing › does not fire an extra request when onRefresh is called while isLoading is true

    Element type is invalid: expected a string (for built-in components) or a class/function (for composite components) but got: undefined. You likely forgot to export your component from the file it's defined in, or you might have mixed up default and named imports.

    Check the render method of `BackupReminderModal`.

      178 |      */
      179 |     const store = setup({ isLoading: true });
    > 180 |     const { UNSAFE_getByType } = render(<HomeScreen />);
          |                                        ^
      181 |     const rc = UNSAFE_getByType(ScrollView).props.refreshControl;
      182 |
      183 |     rc.props.onRefresh();

      at createFiberFromTypeAndProps (node_modules/react-test-renderer/cjs/react-test-renderer.development.js:12185:28)
      at createFiberFromElement (node_modules/react-test-renderer/cjs/react-test-renderer.development.js:12199:14)
      at reconcileChildFibersImpl (node_modules/react-test-renderer/cjs/react-test-renderer.development.js:5049:31)
      at node_modules/react-test-renderer/cjs/react-test-renderer.development.js:5227:33
      at reconcileChildren (node_modules/react-test-renderer/cjs/react-test-renderer.development.js:5735:13)
      at beginWork (node_modules/react-test-renderer/cjs/react-test-renderer.development.js:7551:13)
      at runWithFiberInDEV (node_modules/react-test-renderer/cjs/react-test-renderer.development.js:1574:13)
      at performUnitOfWork (node_modules/react-test-renderer/cjs/react-test-renderer.development.js:10972:22)
      at workLoopSync (node_modules/react-test-renderer/cjs/react-test-renderer.development.js:10816:41)
      at renderRootSync (node_modules/react-test-renderer/cjs/react-test-renderer.development.js:10797:11)
      at performWorkOnRoot (node_modules/react-test-renderer/cjs/react-test-renderer.development.js:10384:39)
      at performWorkOnRootViaSchedulerTask (node_modules/react-test-renderer/cjs/react-test-renderer.development.js:2094:7)
      at flushActQueue (node_modules/react/cjs/react.development.js:566:34)
      at Object.<anonymous>.process.env.NODE_ENV.exports.act (node_modules/react/cjs/react.development.js:859:10)
      at actImplementation (node_modules/@testing-library/react-native/src/act.ts:30:25)
      at renderWithAct (node_modules/@testing-library/react-native/src/render-act.ts:13:11)
      at renderInternal (node_modules/@testing-library/react-native/src/render.tsx:69:33)
      at renderInternal (node_modules/@testing-library/react-native/src/render.tsx:44:10)
      at Object.<anonymous> (__tests__/home.pullToRefresh.test.tsx:180:40)

  ● AC-W8 – error state › exposes the error via the store when refresh fails

    expect(received).not.toThrow()

    Error name:    "Error"
    Error message: "Element type is invalid: expected a string (for built-in components) or a class/function (for composite components) but got: undefined. You likely forgot to export your component from the file it's defined in, or you might have mixed up default and named imports.·
    Check the render method of `BackupReminderModal`."

          199 |     // screen does not crash when both are set simultaneously.
          200 |     setup({ isLoading: false, error: 'Network disconnected' });
        > 201 |     expect(() => render(<HomeScreen />)).not.toThrow();
              |                        ^
          202 |   });
          203 |
          204 |   it('resets refreshing (isLoading=false) after a failed refresh', () => {

      at createFiberFromTypeAndProps (node_modules/react-test-renderer/cjs/react-test-renderer.development.js:12185:28)
      at createFiberFromElement (node_modules/react-test-renderer/cjs/react-test-renderer.development.js:12199:14)
      at reconcileChildFibersImpl (node_modules/react-test-renderer/cjs/react-test-renderer.development.js:5049:31)
      at node_modules/react-test-renderer/cjs/react-test-renderer.development.js:5227:33
      at reconcileChildren (node_modules/react-test-renderer/cjs/react-test-renderer.development.js:5735:13)
      at beginWork (node_modules/react-test-renderer/cjs/react-test-renderer.development.js:7551:13)
      at runWithFiberInDEV (node_modules/react-test-renderer/cjs/react-test-renderer.development.js:1574:13)
      at performUnitOfWork (node_modules/react-test-renderer/cjs/react-test-renderer.development.js:10972:22)
      at workLoopSync (node_modules/react-test-renderer/cjs/react-test-renderer.development.js:10816:41)
      at renderRootSync (node_modules/react-test-renderer/cjs/react-test-renderer.development.js:10797:11)
      at performWorkOnRoot (node_modules/react-test-renderer/cjs/react-test-renderer.development.js:10384:39)
      at performWorkOnRootViaSchedulerTask (node_modules/react-test-renderer/cjs/react-test-renderer.development.js:2094:7)
      at flushActQueue (node_modules/react/cjs/react.development.js:566:34)
      at Object.<anonymous>.process.env.NODE_ENV.exports.act (node_modules/react/cjs/react.development.js:859:10)
      at actImplementation (node_modules/@testing-library/react-native/src/act.ts:30:25)
      at renderWithAct (node_modules/@testing-library/react-native/src/render-act.ts:13:11)
      at renderInternal (node_modules/@testing-library/react-native/src/render.tsx:69:33)
      at renderInternal (node_modules/@testing-library/react-native/src/render.tsx:44:10)
      at __tests__/home.pullToRefresh.test.tsx:201:24
      at Object.<anonymous> (node_modules/expect/build/toThrowMatchers.js:74:11)
      at Object.throwingMatcher [as toThrow] (node_modules/expect/build/index.js:320:21)
      at Object.toThrow (__tests__/home.pullToRefresh.test.tsx:201:46)
      at Object.toThrow (__tests__/home.pullToRefresh.test.tsx:201:46)

  ● AC-W8 – error state › resets refreshing (isLoading=false) after a failed refresh

    Element type is invalid: expected a string (for built-in components) or a class/function (for composite components) but got: undefined. You likely forgot to export your component from the file it's defined in, or you might have mixed up default and named imports.

    Check the render method of `BackupReminderModal`.

      204 |   it('resets refreshing (isLoading=false) after a failed refresh', () => {
      205 |     setup({ isLoading: false, error: 'Horizon down' });
    > 206 |     const { UNSAFE_getByType } = render(<HomeScreen />);
          |                                        ^
      207 |     expect(UNSAFE_getByType(ScrollView).props.refreshControl.props.refreshing).toBe(false);
      208 |   });
      209 | });

      at createFiberFromTypeAndProps (node_modules/react-test-renderer/cjs/react-test-renderer.development.js:12185:28)
      at createFiberFromElement (node_modules/react-test-renderer/cjs/react-test-renderer.development.js:12199:14)
      at reconcileChildFibersImpl (node_modules/react-test-renderer/cjs/react-test-renderer.development.js:5049:31)
      at node_modules/react-test-renderer/cjs/react-test-renderer.development.js:5227:33
      at reconcileChildren (node_modules/react-test-renderer/cjs/react-test-renderer.development.js:5735:13)
      at beginWork (node_modules/react-test-renderer/cjs/react-test-renderer.development.js:7551:13)
      at runWithFiberInDEV (node_modules/react-test-renderer/cjs/react-test-renderer.development.js:1574:13)
      at performUnitOfWork (node_modules/react-test-renderer/cjs/react-test-renderer.development.js:10972:22)
      at workLoopSync (node_modules/react-test-renderer/cjs/react-test-renderer.development.js:10816:41)
      at renderRootSync (node_modules/react-test-renderer/cjs/react-test-renderer.development.js:10797:11)
      at performWorkOnRoot (node_modules/react-test-renderer/cjs/react-test-renderer.development.js:10384:39)
      at performWorkOnRootViaSchedulerTask (node_modules/react-test-renderer/cjs/react-test-renderer.development.js:2094:7)
      at flushActQueue (node_modules/react/cjs/react.development.js:566:34)
      at Object.<anonymous>.process.env.NODE_ENV.exports.act (node_modules/react/cjs/react.development.js:859:10)
      at actImplementation (node_modules/@testing-library/react-native/src/act.ts:30:25)
      at renderWithAct (node_modules/@testing-library/react-native/src/render-act.ts:13:11)
      at renderInternal (node_modules/@testing-library/react-native/src/render.tsx:69:33)
      at renderInternal (node_modules/@testing-library/react-native/src/render.tsx:44:10)
      at Object.<anonymous> (__tests__/home.pullToRefresh.test.tsx:206:40)

  ● AC-W9 – balance rendering › displays the current balance

    Element type is invalid: expected a string (for built-in components) or a class/function (for composite components) but got: undefined. You likely forgot to export your component from the file it's defined in, or you might have mixed up default and named imports.

    Check the render method of `BackupReminderModal`.

      216 |   it('displays the current balance', () => {
      217 |     setup({ balance: '250.5000000' });
    > 218 |     const { getByText } = render(<HomeScreen />);
          |                                 ^
      219 |     expect(getByText('250.5 XLM')).toBeTruthy();
      220 |   });
      221 | });

      at createFiberFromTypeAndProps (node_modules/react-test-renderer/cjs/react-test-renderer.development.js:12185:28)
      at createFiberFromElement (node_modules/react-test-renderer/cjs/react-test-renderer.development.js:12199:14)
      at reconcileChildFibersImpl (node_modules/react-test-renderer/cjs/react-test-renderer.development.js:5049:31)
      at node_modules/react-test-renderer/cjs/react-test-renderer.development.js:5227:33
      at reconcileChildren (node_modules/react-test-renderer/cjs/react-test-renderer.development.js:5735:13)
      at beginWork (node_modules/react-test-renderer/cjs/react-test-renderer.development.js:7551:13)
      at runWithFiberInDEV (node_modules/react-test-renderer/cjs/react-test-renderer.development.js:1574:13)
      at performUnitOfWork (node_modules/react-test-renderer/cjs/react-test-renderer.development.js:10972:22)
      at workLoopSync (node_modules/react-test-renderer/cjs/react-test-renderer.development.js:10816:41)
      at renderRootSync (node_modules/react-test-renderer/cjs/react-test-renderer.development.js:10797:11)
      at performWorkOnRoot (node_modules/react-test-renderer/cjs/react-test-renderer.development.js:10384:39)
      at performWorkOnRootViaSchedulerTask (node_modules/react-test-renderer/cjs/react-test-renderer.development.js:2094:7)
      at flushActQueue (node_modules/react/cjs/react.development.js:566:34)
      at Object.<anonymous>.process.env.NODE_ENV.exports.act (node_modules/react/cjs/react.development.js:859:10)
      at actImplementation (node_modules/@testing-library/react-native/src/act.ts:30:25)
      at renderWithAct (node_modules/@testing-library/react-native/src/render-act.ts:13:11)
      at renderInternal (node_modules/@testing-library/react-native/src/render.tsx:69:33)
      at renderInternal (node_modules/@testing-library/react-native/src/render.tsx:44:10)
      at Object.<anonymous> (__tests__/home.pullToRefresh.test.tsx:218:33)

  ● AC-W10 – recent transactions preview › renders up to 3 recent transactions

    Element type is invalid: expected a string (for built-in components) or a class/function (for composite components) but got: undefined. You likely forgot to export your component from the file it's defined in, or you might have mixed up default and named imports.

    Check the render method of `BackupReminderModal`.

      236 |       ] as any,
      237 |     });
    > 238 |     const { getAllByText } = render(<HomeScreen />);
          |                                    ^
      239 |     // Each TransactionListItem with from !== publicKey renders "Received XLM".
      240 |     expect(getAllByText('Received XLM')).toHaveLength(3);
      241 |   });

      at createFiberFromTypeAndProps (node_modules/react-test-renderer/cjs/react-test-renderer.development.js:12185:28)
      at createFiberFromElement (node_modules/react-test-renderer/cjs/react-test-renderer.development.js:12199:14)
      at reconcileChildFibersImpl (node_modules/react-test-renderer/cjs/react-test-renderer.development.js:5049:31)
      at node_modules/react-test-renderer/cjs/react-test-renderer.development.js:5227:33
      at reconcileChildren (node_modules/react-test-renderer/cjs/react-test-renderer.development.js:5735:13)
      at beginWork (node_modules/react-test-renderer/cjs/react-test-renderer.development.js:7551:13)
      at runWithFiberInDEV (node_modules/react-test-renderer/cjs/react-test-renderer.development.js:1574:13)
      at performUnitOfWork (node_modules/react-test-renderer/cjs/react-test-renderer.development.js:10972:22)
      at workLoopSync (node_modules/react-test-renderer/cjs/react-test-renderer.development.js:10816:41)
      at renderRootSync (node_modules/react-test-renderer/cjs/react-test-renderer.development.js:10797:11)
      at performWorkOnRoot (node_modules/react-test-renderer/cjs/react-test-renderer.development.js:10384:39)
      at performWorkOnRootViaSchedulerTask (node_modules/react-test-renderer/cjs/react-test-renderer.development.js:2094:7)
      at flushActQueue (node_modules/react/cjs/react.development.js:566:34)
      at Object.<anonymous>.process.env.NODE_ENV.exports.act (node_modules/react/cjs/react.development.js:859:10)
      at actImplementation (node_modules/@testing-library/react-native/src/act.ts:30:25)
      at renderWithAct (node_modules/@testing-library/react-native/src/render-act.ts:13:11)
      at renderInternal (node_modules/@testing-library/react-native/src/render.tsx:69:33)
      at renderInternal (node_modules/@testing-library/react-native/src/render.tsx:44:10)
      at Object.<anonymous> (__tests__/home.pullToRefresh.test.tsx:238:36)

  ● AC-W11 – empty state › shows "No recent transactions" when there are no transactions and not loading

    Element type is invalid: expected a string (for built-in components) or a class/function (for composite components) but got: undefined. You likely forgot to export your component from the file it's defined in, or you might have mixed up default and named imports.

    Check the render method of `BackupReminderModal`.

      249 |   it('shows "No recent transactions" when there are no transactions and not loading', () => {
      250 |     setup({ transactions: [], isLoading: false });
    > 251 |     const { getByText } = render(<HomeScreen />);
          |                                 ^
      252 |     expect(getByText('No recent transactions')).toBeTruthy();
      253 |   });
      254 |

      at createFiberFromTypeAndProps (node_modules/react-test-renderer/cjs/react-test-renderer.development.js:12185:28)
      at createFiberFromElement (node_modules/react-test-renderer/cjs/react-test-renderer.development.js:12199:14)
      at reconcileChildFibersImpl (node_modules/react-test-renderer/cjs/react-test-renderer.development.js:5049:31)
      at node_modules/react-test-renderer/cjs/react-test-renderer.development.js:5227:33
      at reconcileChildren (node_modules/react-test-renderer/cjs/react-test-renderer.development.js:5735:13)
      at beginWork (node_modules/react-test-renderer/cjs/react-test-renderer.development.js:7551:13)
      at runWithFiberInDEV (node_modules/react-test-renderer/cjs/react-test-renderer.development.js:1574:13)
      at performUnitOfWork (node_modules/react-test-renderer/cjs/react-test-renderer.development.js:10972:22)
      at workLoopSync (node_modules/react-test-renderer/cjs/react-test-renderer.development.js:10816:41)
      at renderRootSync (node_modules/react-test-renderer/cjs/react-test-renderer.development.js:10797:11)
      at performWorkOnRoot (node_modules/react-test-renderer/cjs/react-test-renderer.development.js:10384:39)
      at performWorkOnRootViaSchedulerTask (node_modules/react-test-renderer/cjs/react-test-renderer.development.js:2094:7)
      at flushActQueue (node_modules/react/cjs/react.development.js:566:34)
      at Object.<anonymous>.process.env.NODE_ENV.exports.act (node_modules/react/cjs/react.development.js:859:10)
      at actImplementation (node_modules/@testing-library/react-native/src/act.ts:30:25)
      at renderWithAct (node_modules/@testing-library/react-native/src/render-act.ts:13:11)
      at renderInternal (node_modules/@testing-library/react-native/src/render.tsx:69:33)
      at renderInternal (node_modules/@testing-library/react-native/src/render.tsx:44:10)
      at Object.<anonymous> (__tests__/home.pullToRefresh.test.tsx:251:33)

  ● AC-W11 – empty state › does not show the empty state while loading

    Element type is invalid: expected a string (for built-in components) or a class/function (for composite components) but got: undefined. You likely forgot to export your component from the file it's defined in, or you might have mixed up default and named imports.

    Check the render method of `BackupReminderModal`.

      255 |   it('does not show the empty state while loading', () => {
      256 |     setup({ transactions: [], isLoading: true });
    > 257 |     const { queryByText } = render(<HomeScreen />);
          |                                   ^
      258 |     expect(queryByText('No recent transactions')).toBeNull();
      259 |   });
      260 | });

      at createFiberFromTypeAndProps (node_modules/react-test-renderer/cjs/react-test-renderer.development.js:12185:28)
      at createFiberFromElement (node_modules/react-test-renderer/cjs/react-test-renderer.development.js:12199:14)
      at reconcileChildFibersImpl (node_modules/react-test-renderer/cjs/react-test-renderer.development.js:5049:31)
      at node_modules/react-test-renderer/cjs/react-test-renderer.development.js:5227:33
      at reconcileChildren (node_modules/react-test-renderer/cjs/react-test-renderer.development.js:5735:13)
      at beginWork (node_modules/react-test-renderer/cjs/react-test-renderer.development.js:7551:13)
      at runWithFiberInDEV (node_modules/react-test-renderer/cjs/react-test-renderer.development.js:1574:13)
      at performUnitOfWork (node_modules/react-test-renderer/cjs/react-test-renderer.development.js:10972:22)
      at workLoopSync (node_modules/react-test-renderer/cjs/react-test-renderer.development.js:10816:41)
      at renderRootSync (node_modules/react-test-renderer/cjs/react-test-renderer.development.js:10797:11)
      at performWorkOnRoot (node_modules/react-test-renderer/cjs/react-test-renderer.development.js:10384:39)
      at performWorkOnRootViaSchedulerTask (node_modules/react-test-renderer/cjs/react-test-renderer.development.js:2094:7)
      at flushActQueue (node_modules/react/cjs/react.development.js:566:34)
      at Object.<anonymous>.process.env.NODE_ENV.exports.act (node_modules/react/cjs/react.development.js:859:10)
      at actImplementation (node_modules/@testing-library/react-native/src/act.ts:30:25)
      at renderWithAct (node_modules/@testing-library/react-native/src/render-act.ts:13:11)
      at renderInternal (node_modules/@testing-library/react-native/src/render.tsx:69:33)
      at renderInternal (node_modules/@testing-library/react-native/src/render.tsx:44:10)
      at Object.<anonymous> (__tests__/home.pullToRefresh.test.tsx:257:35)

PASS __tests__/contacts.scan.test.tsx
PASS __tests__/history.pagination.test.tsx
PASS __tests__/transactionDetail.test.tsx
  ● Console

    console.error
      Clipboard copy failed: Error: Clipboard error
          at Object.<anonymous> (/home/korexonchain/pocketpay-mobile/__tests__/transactionDetail.test.tsx:151:37)
          at Generator.next (<anonymous>)
          at asyncGeneratorStep (/home/korexonchain/pocketpay-mobile/node_modules/@babel/runtime/helpers/asyncToGenerator.js:3:17)
          at _next (/home/korexonchain/pocketpay-mobile/node_modules/@babel/runtime/helpers/asyncToGenerator.js:17:9)
          at /home/korexonchain/pocketpay-mobile/node_modules/@babel/runtime/helpers/asyncToGenerator.js:22:7
          at new Promise (<anonymous>)
          at Object.<anonymous> (/home/korexonchain/pocketpay-mobile/node_modules/@babel/runtime/helpers/asyncToGenerator.js:14:12)
          at Promise.then.completed (/home/korexonchain/pocketpay-mobile/node_modules/jest-circus/build/utils.js:298:28)
          at new Promise (<anonymous>)
          at callAsyncCircusFn (/home/korexonchain/pocketpay-mobile/node_modules/jest-circus/build/utils.js:231:10)
          at _callCircusTest (/home/korexonchain/pocketpay-mobile/node_modules/jest-circus/build/run.js:316:40)
          at _runTest (/home/korexonchain/pocketpay-mobile/node_modules/jest-circus/build/run.js:252:3)
          at _runTestsForDescribeBlock (/home/korexonchain/pocketpay-mobile/node_modules/jest-circus/build/run.js:126:9)
          at _runTestsForDescribeBlock (/home/korexonchain/pocketpay-mobile/node_modules/jest-circus/build/run.js:121:9)
          at run (/home/korexonchain/pocketpay-mobile/node_modules/jest-circus/build/run.js:71:3)
          at runAndTransformResultsToJestFormat (/home/korexonchain/pocketpay-mobile/node_modules/jest-circus/build/legacy-code-todo-rewrite/jestAdapterInit.js:122:21)
          at jestAdapter (/home/korexonchain/pocketpay-mobile/node_modules/jest-circus/build/legacy-code-todo-rewrite/jestAdapter.js:79:19)
          at runTestInternal (/home/korexonchain/pocketpay-mobile/node_modules/jest-runner/build/runTest.js:367:16)
          at runTest (/home/korexonchain/pocketpay-mobile/node_modules/jest-runner/build/runTest.js:444:34)

      69 |       }, 2000);
      70 |     } catch (error: any) {
    > 71 |       console.error('Clipboard copy failed:', error);
         |               ^
      72 |       Alert.alert('Copy Failed', 'Failed to copy to clipboard. Please try again.');
      73 |     }
      74 |   };

      at error (app/transaction/[id].tsx:71:15)
          at Generator.throw (<anonymous>)
      at asyncGeneratorStep (node_modules/@babel/runtime/helpers/asyncToGenerator.js:3:17)
      at _throw (node_modules/@babel/runtime/helpers/asyncToGenerator.js:20:9)

PASS __tests__/paymentSuccess.test.tsx
PASS __tests__/ErrorBoundary.test.tsx
PASS __tests__/AsyncActionButton.test.tsx
  ● Console

    console.error
      An update to AsyncActionButton inside a test was not wrapped in act(...).
      
      When testing, code that causes React state updates should be wrapped into act(...):
      
      act(() => {
        /* fire events that update state */
      });
      /* assert on the output */
      
      This ensures that you're testing the behavior the user would see in the browser. Learn more at https://react.dev/link/wrap-tests-with-act

      71 |     } finally {
      72 |       isExecutingRef.current = false;
    > 73 |       setIsExecuting(false);
         |       ^
      74 |     }
      75 |   };
      76 |

      at node_modules/react-test-renderer/cjs/react-test-renderer.development.js:11801:19
      at runWithFiberInDEV (node_modules/react-test-renderer/cjs/react-test-renderer.development.js:1574:13)
      at warnIfUpdatesNotWrappedWithActDEV (node_modules/react-test-renderer/cjs/react-test-renderer.development.js:11800:9)
      at scheduleUpdateOnFiber (node_modules/react-test-renderer/cjs/react-test-renderer.development.js:10326:9)
      at dispatchSetStateInternal (node_modules/react-test-renderer/cjs/react-test-renderer.development.js:4148:13)
      at dispatchSetState (node_modules/react-test-renderer/cjs/react-test-renderer.development.js:4107:7)
      at setIsExecuting (src/components/AsyncActionButton.tsx:73:7)
      at asyncGeneratorStep (node_modules/@babel/runtime/helpers/asyncToGenerator.js:3:17)
      at _next (node_modules/@babel/runtime/helpers/asyncToGenerator.js:17:9)

    console.error
      AsyncActionButton error: Error: Network error
          at /home/korexonchain/pocketpay-mobile/__tests__/AsyncActionButton.test.tsx:94:13
          at Generator.next (<anonymous>)
          at asyncGeneratorStep (/home/korexonchain/pocketpay-mobile/node_modules/@babel/runtime/helpers/asyncToGenerator.js:3:17)
          at _next (/home/korexonchain/pocketpay-mobile/node_modules/@babel/runtime/helpers/asyncToGenerator.js:17:9)
          at /home/korexonchain/pocketpay-mobile/node_modules/@babel/runtime/helpers/asyncToGenerator.js:22:7
          at new Promise (<anonymous>)
          at /home/korexonchain/pocketpay-mobile/node_modules/@babel/runtime/helpers/asyncToGenerator.js:14:12
          at /home/korexonchain/pocketpay-mobile/node_modules/jest-mock/build/index.js:397:39
          at /home/korexonchain/pocketpay-mobile/node_modules/jest-mock/build/index.js:404:13
          at mockConstructor (/home/korexonchain/pocketpay-mobile/node_modules/jest-mock/build/index.js:148:19)
          at onPress (/home/korexonchain/pocketpay-mobile/src/components/AsyncActionButton.tsx:67:13)
          at Generator.next (<anonymous>)
          at asyncGeneratorStep (/home/korexonchain/pocketpay-mobile/node_modules/@babel/runtime/helpers/asyncToGenerator.js:3:17)
          at _next (/home/korexonchain/pocketpay-mobile/node_modules/@babel/runtime/helpers/asyncToGenerator.js:17:9)
          at /home/korexonchain/pocketpay-mobile/node_modules/@babel/runtime/helpers/asyncToGenerator.js:22:7
          at new Promise (<anonymous>)
          at /home/korexonchain/pocketpay-mobile/node_modules/@babel/runtime/helpers/asyncToGenerator.js:14:12
          at apply (/home/korexonchain/pocketpay-mobile/src/components/AsyncActionButton.tsx:60:20)
          at handler (/home/korexonchain/pocketpay-mobile/node_modules/@testing-library/react-native/src/fire-event.ts:123:19)
          at callback (/home/korexonchain/pocketpay-mobile/node_modules/@testing-library/react-native/src/act.ts:31:24)
          at Object.<anonymous>.process.env.NODE_ENV.exports.act (/home/korexonchain/pocketpay-mobile/node_modules/react/cjs/react.development.js:789:22)
          at actImplementation (/home/korexonchain/pocketpay-mobile/node_modules/@testing-library/react-native/src/act.ts:30:25)
          at fireEvent (/home/korexonchain/pocketpay-mobile/node_modules/@testing-library/react-native/src/fire-event.ts:122:11)
          at Function.fireEvent [as press] (/home/korexonchain/pocketpay-mobile/node_modules/@testing-library/react-native/src/fire-event.ts:130:3)
          at press (/home/korexonchain/pocketpay-mobile/__tests__/AsyncActionButton.test.tsx:103:25)
          at Generator.next (<anonymous>)
          at asyncGeneratorStep (/home/korexonchain/pocketpay-mobile/node_modules/@babel/runtime/helpers/asyncToGenerator.js:3:17)
          at _next (/home/korexonchain/pocketpay-mobile/node_modules/@babel/runtime/helpers/asyncToGenerator.js:17:9)
          at /home/korexonchain/pocketpay-mobile/node_modules/@babel/runtime/helpers/asyncToGenerator.js:22:7
          at new Promise (<anonymous>)
          at /home/korexonchain/pocketpay-mobile/node_modules/@babel/runtime/helpers/asyncToGenerator.js:14:12
          at callback (/home/korexonchain/pocketpay-mobile/node_modules/@testing-library/react-native/src/act.ts:31:24)
          at Object.<anonymous>.process.env.NODE_ENV.exports.act (/home/korexonchain/pocketpay-mobile/node_modules/react/cjs/react.development.js:789:22)
          at actImplementation (/home/korexonchain/pocketpay-mobile/node_modules/@testing-library/react-native/src/act.ts:30:25)
          at Object.<anonymous> (/home/korexonchain/pocketpay-mobile/__tests__/AsyncActionButton.test.tsx:101:14)
          at Generator.next (<anonymous>)
          at asyncGeneratorStep (/home/korexonchain/pocketpay-mobile/node_modules/@babel/runtime/helpers/asyncToGenerator.js:3:17)
          at _next (/home/korexonchain/pocketpay-mobile/node_modules/@babel/runtime/helpers/asyncToGenerator.js:17:9)
          at /home/korexonchain/pocketpay-mobile/node_modules/@babel/runtime/helpers/asyncToGenerator.js:22:7
          at new Promise (<anonymous>)
          at Object.<anonymous> (/home/korexonchain/pocketpay-mobile/node_modules/@babel/runtime/helpers/asyncToGenerator.js:14:12)
          at Promise.then.completed (/home/korexonchain/pocketpay-mobile/node_modules/jest-circus/build/utils.js:298:28)
          at new Promise (<anonymous>)
          at callAsyncCircusFn (/home/korexonchain/pocketpay-mobile/node_modules/jest-circus/build/utils.js:231:10)
          at _callCircusTest (/home/korexonchain/pocketpay-mobile/node_modules/jest-circus/build/run.js:316:40)
          at _runTest (/home/korexonchain/pocketpay-mobile/node_modules/jest-circus/build/run.js:252:3)
          at _runTestsForDescribeBlock (/home/korexonchain/pocketpay-mobile/node_modules/jest-circus/build/run.js:126:9)
          at _runTestsForDescribeBlock (/home/korexonchain/pocketpay-mobile/node_modules/jest-circus/build/run.js:121:9)
          at run (/home/korexonchain/pocketpay-mobile/node_modules/jest-circus/build/run.js:71:3)
          at runAndTransformResultsToJestFormat (/home/korexonchain/pocketpay-mobile/node_modules/jest-circus/build/legacy-code-todo-rewrite/jestAdapterInit.js:122:21)
          at jestAdapter (/home/korexonchain/pocketpay-mobile/node_modules/jest-circus/build/legacy-code-todo-rewrite/jestAdapter.js:79:19)
          at runTestInternal (/home/korexonchain/pocketpay-mobile/node_modules/jest-runner/build/runTest.js:367:16)
          at runTest (/home/korexonchain/pocketpay-mobile/node_modules/jest-runner/build/runTest.js:444:34)

      68 |     } catch (err) {
      69 |       // Ensure error doesn't break component execution cycle
    > 70 |       console.error('AsyncActionButton error:', err);
         |               ^
      71 |     } finally {
      72 |       isExecutingRef.current = false;
      73 |       setIsExecuting(false);

      at error (src/components/AsyncActionButton.tsx:70:15)
          at Generator.throw (<anonymous>)
      at asyncGeneratorStep (node_modules/@babel/runtime/helpers/asyncToGenerator.js:3:17)
      at _throw (node_modules/@babel/runtime/helpers/asyncToGenerator.js:20:9)

PASS __tests__/NetworkStatusBanner.test.tsx
PASS __tests__/useNetworkStatus.test.ts
PASS tests/walletStore.test.ts
PASS __tests__/OfflineBanner.test.tsx
PASS __tests__/walletStore.pagination.test.ts
  ● Console

    console.error
      Failed to load more transactions: Error: Network failure
          at Object.<anonymous> (/home/korexonchain/pocketpay-mobile/__tests__/walletStore.pagination.test.ts:332:53)
          at Generator.next (<anonymous>)
          at asyncGeneratorStep (/home/korexonchain/pocketpay-mobile/node_modules/@babel/runtime/helpers/asyncToGenerator.js:3:17)
          at _next (/home/korexonchain/pocketpay-mobile/node_modules/@babel/runtime/helpers/asyncToGenerator.js:17:9)
          at /home/korexonchain/pocketpay-mobile/node_modules/@babel/runtime/helpers/asyncToGenerator.js:22:7
          at new Promise (<anonymous>)
          at Object.<anonymous> (/home/korexonchain/pocketpay-mobile/node_modules/@babel/runtime/helpers/asyncToGenerator.js:14:12)
          at Promise.then.completed (/home/korexonchain/pocketpay-mobile/node_modules/jest-circus/build/utils.js:298:28)
          at new Promise (<anonymous>)
          at callAsyncCircusFn (/home/korexonchain/pocketpay-mobile/node_modules/jest-circus/build/utils.js:231:10)
          at _callCircusTest (/home/korexonchain/pocketpay-mobile/node_modules/jest-circus/build/run.js:316:40)
          at _runTest (/home/korexonchain/pocketpay-mobile/node_modules/jest-circus/build/run.js:252:3)
          at _runTestsForDescribeBlock (/home/korexonchain/pocketpay-mobile/node_modules/jest-circus/build/run.js:126:9)
          at _runTestsForDescribeBlock (/home/korexonchain/pocketpay-mobile/node_modules/jest-circus/build/run.js:121:9)
          at run (/home/korexonchain/pocketpay-mobile/node_modules/jest-circus/build/run.js:71:3)
          at runAndTransformResultsToJestFormat (/home/korexonchain/pocketpay-mobile/node_modules/jest-circus/build/legacy-code-todo-rewrite/jestAdapterInit.js:122:21)
          at jestAdapter (/home/korexonchain/pocketpay-mobile/node_modules/jest-circus/build/legacy-code-todo-rewrite/jestAdapter.js:79:19)
          at runTestInternal (/home/korexonchain/pocketpay-mobile/node_modules/jest-runner/build/runTest.js:367:16)
          at runTest (/home/korexonchain/pocketpay-mobile/node_modules/jest-runner/build/runTest.js:444:34)

      195 |       });
      196 |     } catch (err: any) {
    > 197 |       console.error('Failed to load more transactions:', err);
          |               ^
      198 |       set({ isLoadingMore: false, error: err.message || 'Failed to load more' });
      199 |     }
      200 |   },

      at Object.error (src/store/walletStore.ts:197:15)
          at Generator.throw (<anonymous>)
      at asyncGeneratorStep (node_modules/@babel/runtime/helpers/asyncToGenerator.js:3:17)
      at _throw (node_modules/@babel/runtime/helpers/asyncToGenerator.js:20:9)

    console.error
      Failed to refresh wallet data

      167 |       });
      168 |     } catch (err: any) {
    > 169 |       console.error('Failed to refresh wallet data');
          |               ^
      170 |       set({ isLoading: false, error: err.message || 'Failed to sync data' });
      171 |     }
      172 |   },

      at Object.error (src/store/walletStore.ts:169:15)
          at Generator.throw (<anonymous>)
      at asyncGeneratorStep (node_modules/@babel/runtime/helpers/asyncToGenerator.js:3:17)
      at _throw (node_modules/@babel/runtime/helpers/asyncToGenerator.js:20:9)

PASS tests/ScreenHeader.test.tsx
PASS src/utils/amount.test.ts
PASS src/utils/stellarAddress.test.js
PASS __tests__/walletStore.test.ts
PASS src/utils/__tests__/lockTime.test.ts
PASS tests/wallet.test.ts
PASS __tests__/validation.test.ts
PASS __tests__/globalErrorHandler.test.tsx

Summary of all failing tests
FAIL __tests__/send.test.tsx (13.125 s)
  ● AC4 – valid form calls sendXlmTransaction › calls sendXlmTransaction with correct arguments on a valid submission

    Unable to find an element with text: Sign & Send

    [36m<View>[39m
      [36m<View[39m
        [33mtestID[39m=[32m"screen-header"[39m
      [36m>[39m
        [36m<View>[39m
          [36m<Text[39m
            [33mtestID[39m=[32m"screen-header-title"[39m
          [36m>[39m
            [0mSend XLM[0m
          [36m</Text>[39m
          [36m<Text[39m
            [33mtestID[39m=[32m"screen-header-subtitle"[39m
          [36m>[39m
            [0mAvailable Balance: 100 XLM[0m
          [36m</Text>[39m
        [36m</View>[39m
      [36m</View>[39m
      [36m<View>[39m
        [36m<View>[39m
          [36m<Text>[39m
            [0mDestination Address (Public Key)[0m
          [36m</Text>[39m
          [36m<View>[39m
            [36m<TextInput[39m
              [33meditable[39m=[32m{true}[39m
              [33mplaceholder[39m=[32m"G..."[39m
              [33mvalue[39m=[32m"GBXXXXVALIDSTELLARADDRESS1234567890ABCDEFGHIJKLMNOPQRSTUVWX"[39m
            [36m/>[39m
            [36m<View>[39m
              [36m<View[39m
                [33maccessibilityLabel[39m=[32m"Scan QR code for recipient address"[39m
                [33maccessibilityRole[39m=[32m"button"[39m
                [33maccessible[39m=[32m{true}[39m
              [36m/>[39m
            [36m</View>[39m
          [36m</View>[39m
          [36m<Text>[39m
            [0mEnter the recipient's Stellar public key (starts with 'G')[0m
          [36m</Text>[39m
        [36m</View>[39m
        [36m<View>[39m
          [36m<Text>[39m
            [0mAmount (XLM)[0m
          [36m</Text>[39m
          [36m<View>[39m
            [36m<TextInput[39m
              [33meditable[39m=[32m{true}[39m
              [33mplaceholder[39m=[32m"0.00"[39m
              [33mvalue[39m=[32m"10"[39m
            [36m/>[39m
          [36m</View>[39m
          [36m<Text>[39m
            [0mAvailable balance: 100 XLM[0m
          [36m</Text>[39m
        [36m</View>[39m
        [36m<View>[39m
          [36m<Text>[39m
            [0mMemo (Optional)[0m
          [36m</Text>[39m
          [36m<View>[39m
            [36m<TextInput[39m
              [33meditable[39m=[32m{true}[39m
              [33mplaceholder[39m=[32m"Payment reference"[39m
              [33mvalue[39m=[32m""[39m
            [36m/>[39m
          [36m</View>[39m
          [36m<Text>[39m
            [0mAdd a note for the recipient[0m
          [36m</Text>[39m
        [36m</View>[39m
      [36m</View>[39m
      [36m<View[39m
        [33maccessibilityLabel[39m=[32m"Send Payment"[39m
        [33maccessibilityRole[39m=[32m"button"[39m
        [33maccessibilityState[39m=[32m{
          {
            "busy": false,
            "disabled": false,
          }
        }[39m
        [33maccessible[39m=[32m{true}[39m
      [36m>[39m
        [36m<Text>[39m
          [0mSend Payment[0m
        [36m</Text>[39m
      [36m</View>[39m
    [36m</View>[39m

      215 |     fireEvent.changeText(getByPlaceholderText('0.00'), VALID_AMOUNT);
      216 |     fireEvent.press(getByText('Send Payment'));
    > 217 |     await waitFor(() => getByText('Sign & Send'));
          |                  ^
      218 |     fireEvent.press(getByText('Sign & Send'));
      219 |
      220 |     await waitFor(() => {

      at Object.<anonymous> (__tests__/send.test.tsx:217:18)
      at asyncGeneratorStep (node_modules/@babel/runtime/helpers/asyncToGenerator.js:3:17)
      at _next (node_modules/@babel/runtime/helpers/asyncToGenerator.js:17:9)
      at node_modules/@babel/runtime/helpers/asyncToGenerator.js:22:7
      at Object.<anonymous> (node_modules/@babel/runtime/helpers/asyncToGenerator.js:14:12)

  ● AC4 – valid form calls sendXlmTransaction › passes memo text to sendXlmTransaction when provided

    Unable to find an element with text: Sign & Send

    [36m<View>[39m
      [36m<View[39m
        [33mtestID[39m=[32m"screen-header"[39m
      [36m>[39m
        [36m<View>[39m
          [36m<Text[39m
            [33mtestID[39m=[32m"screen-header-title"[39m
          [36m>[39m
            [0mSend XLM[0m
          [36m</Text>[39m
          [36m<Text[39m
            [33mtestID[39m=[32m"screen-header-subtitle"[39m
          [36m>[39m
            [0mAvailable Balance: 100 XLM[0m
          [36m</Text>[39m
        [36m</View>[39m
      [36m</View>[39m
      [36m<View>[39m
        [36m<View>[39m
          [36m<Text>[39m
            [0mDestination Address (Public Key)[0m
          [36m</Text>[39m
          [36m<View>[39m
            [36m<TextInput[39m
              [33meditable[39m=[32m{true}[39m
              [33mplaceholder[39m=[32m"G..."[39m
              [33mvalue[39m=[32m"GBXXXXVALIDSTELLARADDRESS1234567890ABCDEFGHIJKLMNOPQRSTUVWX"[39m
            [36m/>[39m
            [36m<View>[39m
              [36m<View[39m
                [33maccessibilityLabel[39m=[32m"Scan QR code for recipient address"[39m
                [33maccessibilityRole[39m=[32m"button"[39m
                [33maccessible[39m=[32m{true}[39m
              [36m/>[39m
            [36m</View>[39m
          [36m</View>[39m
          [36m<Text>[39m
            [0mEnter the recipient's Stellar public key (starts with 'G')[0m
          [36m</Text>[39m
        [36m</View>[39m
        [36m<View>[39m
          [36m<Text>[39m
            [0mAmount (XLM)[0m
          [36m</Text>[39m
          [36m<View>[39m
            [36m<TextInput[39m
              [33meditable[39m=[32m{true}[39m
              [33mplaceholder[39m=[32m"0.00"[39m
              [33mvalue[39m=[32m"10"[39m
            [36m/>[39m
          [36m</View>[39m
          [36m<Text>[39m
            [0mAvailable balance: 100 XLM[0m
          [36m</Text>[39m
        [36m</View>[39m
        [36m<View>[39m
          [36m<Text>[39m
            [0mMemo (Optional)[0m
          [36m</Text>[39m
          [36m<View>[39m
            [36m<TextInput[39m
              [33meditable[39m=[32m{true}[39m
              [33mplaceholder[39m=[32m"Payment reference"[39m
              [33mvalue[39m=[32m"invoice-42"[39m
            [36m/>[39m
          [36m</View>[39m
          [36m<Text>[39m
            [0mAdd a note for the recipient[0m
          [36m</Text>[39m
        [36m</View>[39m
      [36m</View>[39m
      [36m<View[39m
        [33maccessibilityLabel[39m=[32m"Send Payment"[39m
        [33maccessibilityRole[39m=[32m"button"[39m
        [33maccessibilityState[39m=[32m{
          {
            "busy": false,
            "disabled": false,
          }
        }[39m
        [33maccessible[39m=[32m{true}[39m
      [36m>[39m
        [36m<Text>[39m
          [0mSend Payment[0m
        [36m</Text>[39m
      [36m</View>[39m
    [36m</View>[39m

      232 |     fireEvent.changeText(getByPlaceholderText('Payment reference'), 'invoice-42');
      233 |     fireEvent.press(getByText('Send Payment'));
    > 234 |     await waitFor(() => getByText('Sign & Send'));
          |                  ^
      235 |     fireEvent.press(getByText('Sign & Send'));
      236 |
      237 |     await waitFor(() => {

      at Object.<anonymous> (__tests__/send.test.tsx:234:18)
      at asyncGeneratorStep (node_modules/@babel/runtime/helpers/asyncToGenerator.js:3:17)
      at _next (node_modules/@babel/runtime/helpers/asyncToGenerator.js:17:9)
      at node_modules/@babel/runtime/helpers/asyncToGenerator.js:22:7
      at Object.<anonymous> (node_modules/@babel/runtime/helpers/asyncToGenerator.js:14:12)

  ● AC4 – valid form calls sendXlmTransaction › navigates to the payment success receipt with the tx hash, amount, and destination

    Unable to find an element with text: Sign & Send

    [36m<View>[39m
      [36m<View[39m
        [33mtestID[39m=[32m"screen-header"[39m
      [36m>[39m
        [36m<View>[39m
          [36m<Text[39m
            [33mtestID[39m=[32m"screen-header-title"[39m
          [36m>[39m
            [0mSend XLM[0m
          [36m</Text>[39m
          [36m<Text[39m
            [33mtestID[39m=[32m"screen-header-subtitle"[39m
          [36m>[39m
            [0mAvailable Balance: 100 XLM[0m
          [36m</Text>[39m
        [36m</View>[39m
      [36m</View>[39m
      [36m<View>[39m
        [36m<View>[39m
          [36m<Text>[39m
            [0mDestination Address (Public Key)[0m
          [36m</Text>[39m
          [36m<View>[39m
            [36m<TextInput[39m
              [33meditable[39m=[32m{true}[39m
              [33mplaceholder[39m=[32m"G..."[39m
              [33mvalue[39m=[32m"GBXXXXVALIDSTELLARADDRESS1234567890ABCDEFGHIJKLMNOPQRSTUVWX"[39m
            [36m/>[39m
            [36m<View>[39m
              [36m<View[39m
                [33maccessibilityLabel[39m=[32m"Scan QR code for recipient address"[39m
                [33maccessibilityRole[39m=[32m"button"[39m
                [33maccessible[39m=[32m{true}[39m
              [36m/>[39m
            [36m</View>[39m
          [36m</View>[39m
          [36m<Text>[39m
            [0mEnter the recipient's Stellar public key (starts with 'G')[0m
          [36m</Text>[39m
        [36m</View>[39m
        [36m<View>[39m
          [36m<Text>[39m
            [0mAmount (XLM)[0m
          [36m</Text>[39m
          [36m<View>[39m
            [36m<TextInput[39m
              [33meditable[39m=[32m{true}[39m
              [33mplaceholder[39m=[32m"0.00"[39m
              [33mvalue[39m=[32m"10"[39m
            [36m/>[39m
          [36m</View>[39m
          [36m<Text>[39m
            [0mAvailable balance: 100 XLM[0m
          [36m</Text>[39m
        [36m</View>[39m
        [36m<View>[39m
          [36m<Text>[39m
            [0mMemo (Optional)[0m
          [36m</Text>[39m
          [36m<View>[39m
            [36m<TextInput[39m
              [33meditable[39m=[32m{true}[39m
              [33mplaceholder[39m=[32m"Payment reference"[39m
              [33mvalue[39m=[32m""[39m
            [36m/>[39m
          [36m</View>[39m
          [36m<Text>[39m
            [0mAdd a note for the recipient[0m
          [36m</Text>[39m
        [36m</View>[39m
      [36m</View>[39m
      [36m<View[39m
        [33maccessibilityLabel[39m=[32m"Send Payment"[39m
        [33maccessibilityRole[39m=[32m"button"[39m
        [33maccessibilityState[39m=[32m{
          {
            "busy": false,
            "disabled": false,
          }
        }[39m
        [33maccessible[39m=[32m{true}[39m
      [36m>[39m
        [36m<Text>[39m
          [0mSend Payment[0m
        [36m</Text>[39m
      [36m</View>[39m
    [36m</View>[39m

      248 |     fireEvent.changeText(getByPlaceholderText('0.00'), VALID_AMOUNT);
      249 |     fireEvent.press(getByText('Send Payment'));
    > 250 |     await waitFor(() => getByText('Sign & Send'));
          |                  ^
      251 |     fireEvent.press(getByText('Sign & Send'));
      252 |
      253 |     await waitFor(() => {

      at Object.<anonymous> (__tests__/send.test.tsx:250:18)
      at asyncGeneratorStep (node_modules/@babel/runtime/helpers/asyncToGenerator.js:3:17)
      at _next (node_modules/@babel/runtime/helpers/asyncToGenerator.js:17:9)
      at node_modules/@babel/runtime/helpers/asyncToGenerator.js:22:7
      at Object.<anonymous> (node_modules/@babel/runtime/helpers/asyncToGenerator.js:14:12)

  ● AC4 – valid form calls sendXlmTransaction › refreshes wallet data after a successful send

    Unable to find an element with text: Sign & Send

    [36m<View>[39m
      [36m<View[39m
        [33mtestID[39m=[32m"screen-header"[39m
      [36m>[39m
        [36m<View>[39m
          [36m<Text[39m
            [33mtestID[39m=[32m"screen-header-title"[39m
          [36m>[39m
            [0mSend XLM[0m
          [36m</Text>[39m
          [36m<Text[39m
            [33mtestID[39m=[32m"screen-header-subtitle"[39m
          [36m>[39m
            [0mAvailable Balance: 100 XLM[0m
          [36m</Text>[39m
        [36m</View>[39m
      [36m</View>[39m
      [36m<View>[39m
        [36m<View>[39m
          [36m<Text>[39m
            [0mDestination Address (Public Key)[0m
          [36m</Text>[39m
          [36m<View>[39m
            [36m<TextInput[39m
              [33meditable[39m=[32m{true}[39m
              [33mplaceholder[39m=[32m"G..."[39m
              [33mvalue[39m=[32m"GBXXXXVALIDSTELLARADDRESS1234567890ABCDEFGHIJKLMNOPQRSTUVWX"[39m
            [36m/>[39m
            [36m<View>[39m
              [36m<View[39m
                [33maccessibilityLabel[39m=[32m"Scan QR code for recipient address"[39m
                [33maccessibilityRole[39m=[32m"button"[39m
                [33maccessible[39m=[32m{true}[39m
              [36m/>[39m
            [36m</View>[39m
          [36m</View>[39m
          [36m<Text>[39m
            [0mEnter the recipient's Stellar public key (starts with 'G')[0m
          [36m</Text>[39m
        [36m</View>[39m
        [36m<View>[39m
          [36m<Text>[39m
            [0mAmount (XLM)[0m
          [36m</Text>[39m
          [36m<View>[39m
            [36m<TextInput[39m
              [33meditable[39m=[32m{true}[39m
              [33mplaceholder[39m=[32m"0.00"[39m
              [33mvalue[39m=[32m"10"[39m
            [36m/>[39m
          [36m</View>[39m
          [36m<Text>[39m
            [0mAvailable balance: 100 XLM[0m
          [36m</Text>[39m
        [36m</View>[39m
        [36m<View>[39m
          [36m<Text>[39m
            [0mMemo (Optional)[0m
          [36m</Text>[39m
          [36m<View>[39m
            [36m<TextInput[39m
              [33meditable[39m=[32m{true}[39m
              [33mplaceholder[39m=[32m"Payment reference"[39m
              [33mvalue[39m=[32m""[39m
            [36m/>[39m
          [36m</View>[39m
          [36m<Text>[39m
            [0mAdd a note for the recipient[0m
          [36m</Text>[39m
        [36m</View>[39m
      [36m</View>[39m
      [36m<View[39m
        [33maccessibilityLabel[39m=[32m"Send Payment"[39m
        [33maccessibilityRole[39m=[32m"button"[39m
        [33maccessibilityState[39m=[32m{
          {
            "busy": false,
            "disabled": false,
          }
        }[39m
        [33maccessible[39m=[32m{true}[39m
      [36m>[39m
        [36m<Text>[39m
          [0mSend Payment[0m
        [36m</Text>[39m
      [36m</View>[39m
    [36m</View>[39m

      271 |     fireEvent.changeText(getByPlaceholderText('0.00'), VALID_AMOUNT);
      272 |     fireEvent.press(getByText('Send Payment'));
    > 273 |     await waitFor(() => getByText('Sign & Send'));
          |                  ^
      274 |     fireEvent.press(getByText('Sign & Send'));
      275 |
      276 |     await waitFor(() => {

      at Object.<anonymous> (__tests__/send.test.tsx:273:18)
      at asyncGeneratorStep (node_modules/@babel/runtime/helpers/asyncToGenerator.js:3:17)
      at _next (node_modules/@babel/runtime/helpers/asyncToGenerator.js:17:9)
      at node_modules/@babel/runtime/helpers/asyncToGenerator.js:22:7
      at Object.<anonymous> (node_modules/@babel/runtime/helpers/asyncToGenerator.js:14:12)

  ● AC5 – failure displays error › shows a "Transaction Failed" alert with the error message when sendXlmTransaction throws

    Unable to find an element with text: Sign & Send

    [36m<View>[39m
      [36m<View[39m
        [33mtestID[39m=[32m"screen-header"[39m
      [36m>[39m
        [36m<View>[39m
          [36m<Text[39m
            [33mtestID[39m=[32m"screen-header-title"[39m
          [36m>[39m
            [0mSend XLM[0m
          [36m</Text>[39m
          [36m<Text[39m
            [33mtestID[39m=[32m"screen-header-subtitle"[39m
          [36m>[39m
            [0mAvailable Balance: 100 XLM[0m
          [36m</Text>[39m
        [36m</View>[39m
      [36m</View>[39m
      [36m<View>[39m
        [36m<View>[39m
          [36m<Text>[39m
            [0mDestination Address (Public Key)[0m
          [36m</Text>[39m
          [36m<View>[39m
            [36m<TextInput[39m
              [33meditable[39m=[32m{true}[39m
              [33mplaceholder[39m=[32m"G..."[39m
              [33mvalue[39m=[32m"GBXXXXVALIDSTELLARADDRESS1234567890ABCDEFGHIJKLMNOPQRSTUVWX"[39m
            [36m/>[39m
            [36m<View>[39m
              [36m<View[39m
                [33maccessibilityLabel[39m=[32m"Scan QR code for recipient address"[39m
                [33maccessibilityRole[39m=[32m"button"[39m
                [33maccessible[39m=[32m{true}[39m
              [36m/>[39m
            [36m</View>[39m
          [36m</View>[39m
          [36m<Text>[39m
            [0mEnter the recipient's Stellar public key (starts with 'G')[0m
          [36m</Text>[39m
        [36m</View>[39m
        [36m<View>[39m
          [36m<Text>[39m
            [0mAmount (XLM)[0m
          [36m</Text>[39m
          [36m<View>[39m
            [36m<TextInput[39m
              [33meditable[39m=[32m{true}[39m
              [33mplaceholder[39m=[32m"0.00"[39m
              [33mvalue[39m=[32m"10"[39m
            [36m/>[39m
          [36m</View>[39m
          [36m<Text>[39m
            [0mAvailable balance: 100 XLM[0m
          [36m</Text>[39m
        [36m</View>[39m
        [36m<View>[39m
          [36m<Text>[39m
            [0mMemo (Optional)[0m
          [36m</Text>[39m
          [36m<View>[39m
            [36m<TextInput[39m
              [33meditable[39m=[32m{true}[39m
              [33mplaceholder[39m=[32m"Payment reference"[39m
              [33mvalue[39m=[32m""[39m
            [36m/>[39m
          [36m</View>[39m
          [36m<Text>[39m
            [0mAdd a note for the recipient[0m
          [36m</Text>[39m
        [36m</View>[39m
      [36m</View>[39m
      [36m<View[39m
        [33maccessibilityLabel[39m=[32m"Send Payment"[39m
        [33maccessibilityRole[39m=[32m"button"[39m
        [33maccessibilityState[39m=[32m{
          {
            "busy": false,
            "disabled": false,
          }
        }[39m
        [33maccessible[39m=[32m{true}[39m
      [36m>[39m
        [36m<Text>[39m
          [0mSend Payment[0m
        [36m</Text>[39m
      [36m</View>[39m
    [36m</View>[39m

      292 |     fireEvent.changeText(getByPlaceholderText('0.00'), VALID_AMOUNT);
      293 |     fireEvent.press(getByText('Send Payment'));
    > 294 |     await waitFor(() => getByText('Sign & Send'));
          |                  ^
      295 |     fireEvent.press(getByText('Sign & Send'));
      296 |
      297 |     await waitFor(() => {

      at Object.<anonymous> (__tests__/send.test.tsx:294:18)
      at asyncGeneratorStep (node_modules/@babel/runtime/helpers/asyncToGenerator.js:3:17)
      at _next (node_modules/@babel/runtime/helpers/asyncToGenerator.js:17:9)
      at node_modules/@babel/runtime/helpers/asyncToGenerator.js:22:7
      at Object.<anonymous> (node_modules/@babel/runtime/helpers/asyncToGenerator.js:14:12)

  ● AC5 – failure displays error › shows a generic error message when the error has no message

    Unable to find an element with text: Sign & Send

    [36m<View>[39m
      [36m<View[39m
        [33mtestID[39m=[32m"screen-header"[39m
      [36m>[39m
        [36m<View>[39m
          [36m<Text[39m
            [33mtestID[39m=[32m"screen-header-title"[39m
          [36m>[39m
            [0mSend XLM[0m
          [36m</Text>[39m
          [36m<Text[39m
            [33mtestID[39m=[32m"screen-header-subtitle"[39m
          [36m>[39m
            [0mAvailable Balance: 100 XLM[0m
          [36m</Text>[39m
        [36m</View>[39m
      [36m</View>[39m
      [36m<View>[39m
        [36m<View>[39m
          [36m<Text>[39m
            [0mDestination Address (Public Key)[0m
          [36m</Text>[39m
          [36m<View>[39m
            [36m<TextInput[39m
              [33meditable[39m=[32m{true}[39m
              [33mplaceholder[39m=[32m"G..."[39m
              [33mvalue[39m=[32m"GBXXXXVALIDSTELLARADDRESS1234567890ABCDEFGHIJKLMNOPQRSTUVWX"[39m
            [36m/>[39m
            [36m<View>[39m
              [36m<View[39m
                [33maccessibilityLabel[39m=[32m"Scan QR code for recipient address"[39m
                [33maccessibilityRole[39m=[32m"button"[39m
                [33maccessible[39m=[32m{true}[39m
              [36m/>[39m
            [36m</View>[39m
          [36m</View>[39m
          [36m<Text>[39m
            [0mEnter the recipient's Stellar public key (starts with 'G')[0m
          [36m</Text>[39m
        [36m</View>[39m
        [36m<View>[39m
          [36m<Text>[39m
            [0mAmount (XLM)[0m
          [36m</Text>[39m
          [36m<View>[39m
            [36m<TextInput[39m
              [33meditable[39m=[32m{true}[39m
              [33mplaceholder[39m=[32m"0.00"[39m
              [33mvalue[39m=[32m"10"[39m
            [36m/>[39m
          [36m</View>[39m
          [36m<Text>[39m
            [0mAvailable balance: 100 XLM[0m
          [36m</Text>[39m
        [36m</View>[39m
        [36m<View>[39m
          [36m<Text>[39m
            [0mMemo (Optional)[0m
          [36m</Text>[39m
          [36m<View>[39m
            [36m<TextInput[39m
              [33meditable[39m=[32m{true}[39m
              [33mplaceholder[39m=[32m"Payment reference"[39m
              [33mvalue[39m=[32m""[39m
            [36m/>[39m
          [36m</View>[39m
          [36m<Text>[39m
            [0mAdd a note for the recipient[0m
          [36m</Text>[39m
        [36m</View>[39m
      [36m</View>[39m
      [36m<View[39m
        [33maccessibilityLabel[39m=[32m"Send Payment"[39m
        [33maccessibilityRole[39m=[32m"button"[39m
        [33maccessibilityState[39m=[32m{
          {
            "busy": false,
            "disabled": false,
          }
        }[39m
        [33maccessible[39m=[32m{true}[39m
      [36m>[39m
        [36m<Text>[39m
          [0mSend Payment[0m
        [36m</Text>[39m
      [36m</View>[39m
    [36m</View>[39m

      307 |     fireEvent.changeText(getByPlaceholderText('0.00'), VALID_AMOUNT);
      308 |     fireEvent.press(getByText('Send Payment'));
    > 309 |     await waitFor(() => getByText('Sign & Send'));
          |                  ^
      310 |     fireEvent.press(getByText('Sign & Send'));
      311 |
      312 |     await waitFor(() => {

      at Object.<anonymous> (__tests__/send.test.tsx:309:18)
      at asyncGeneratorStep (node_modules/@babel/runtime/helpers/asyncToGenerator.js:3:17)
      at _next (node_modules/@babel/runtime/helpers/asyncToGenerator.js:17:9)
      at node_modules/@babel/runtime/helpers/asyncToGenerator.js:22:7
      at Object.<anonymous> (node_modules/@babel/runtime/helpers/asyncToGenerator.js:14:12)

  ● AC5 – failure displays error › does NOT call router.back after a failed send

    Unable to find an element with text: Sign & Send

    [36m<View>[39m
      [36m<View[39m
        [33mtestID[39m=[32m"screen-header"[39m
      [36m>[39m
        [36m<View>[39m
          [36m<Text[39m
            [33mtestID[39m=[32m"screen-header-title"[39m
          [36m>[39m
            [0mSend XLM[0m
          [36m</Text>[39m
          [36m<Text[39m
            [33mtestID[39m=[32m"screen-header-subtitle"[39m
          [36m>[39m
            [0mAvailable Balance: 100 XLM[0m
          [36m</Text>[39m
        [36m</View>[39m
      [36m</View>[39m
      [36m<View>[39m
        [36m<View>[39m
          [36m<Text>[39m
            [0mDestination Address (Public Key)[0m
          [36m</Text>[39m
          [36m<View>[39m
            [36m<TextInput[39m
              [33meditable[39m=[32m{true}[39m
              [33mplaceholder[39m=[32m"G..."[39m
              [33mvalue[39m=[32m"GBXXXXVALIDSTELLARADDRESS1234567890ABCDEFGHIJKLMNOPQRSTUVWX"[39m
            [36m/>[39m
            [36m<View>[39m
              [36m<View[39m
                [33maccessibilityLabel[39m=[32m"Scan QR code for recipient address"[39m
                [33maccessibilityRole[39m=[32m"button"[39m
                [33maccessible[39m=[32m{true}[39m
              [36m/>[39m
            [36m</View>[39m
          [36m</View>[39m
          [36m<Text>[39m
            [0mEnter the recipient's Stellar public key (starts with 'G')[0m
          [36m</Text>[39m
        [36m</View>[39m
        [36m<View>[39m
          [36m<Text>[39m
            [0mAmount (XLM)[0m
          [36m</Text>[39m
          [36m<View>[39m
            [36m<TextInput[39m
              [33meditable[39m=[32m{true}[39m
              [33mplaceholder[39m=[32m"0.00"[39m
              [33mvalue[39m=[32m"10"[39m
            [36m/>[39m
          [36m</View>[39m
          [36m<Text>[39m
            [0mAvailable balance: 100 XLM[0m
          [36m</Text>[39m
        [36m</View>[39m
        [36m<View>[39m
          [36m<Text>[39m
            [0mMemo (Optional)[0m
          [36m</Text>[39m
          [36m<View>[39m
            [36m<TextInput[39m
              [33meditable[39m=[32m{true}[39m
              [33mplaceholder[39m=[32m"Payment reference"[39m
              [33mvalue[39m=[32m""[39m
            [36m/>[39m
          [36m</View>[39m
          [36m<Text>[39m
            [0mAdd a note for the recipient[0m
          [36m</Text>[39m
        [36m</View>[39m
      [36m</View>[39m
      [36m<View[39m
        [33maccessibilityLabel[39m=[32m"Send Payment"[39m
        [33maccessibilityRole[39m=[32m"button"[39m
        [33maccessibilityState[39m=[32m{
          {
            "busy": false,
            "disabled": false,
          }
        }[39m
        [33maccessible[39m=[32m{true}[39m
      [36m>[39m
        [36m<Text>[39m
          [0mSend Payment[0m
        [36m</Text>[39m
      [36m</View>[39m
    [36m</View>[39m

      324 |     fireEvent.changeText(getByPlaceholderText('0.00'), VALID_AMOUNT);
      325 |     fireEvent.press(getByText('Send Payment'));
    > 326 |     await waitFor(() => getByText('Sign & Send'));
          |                  ^
      327 |     fireEvent.press(getByText('Sign & Send'));
      328 |
      329 |     await waitFor(() => expect(alertSpy).toHaveBeenCalled());

      at Object.<anonymous> (__tests__/send.test.tsx:326:18)
      at asyncGeneratorStep (node_modules/@babel/runtime/helpers/asyncToGenerator.js:3:17)
      at _next (node_modules/@babel/runtime/helpers/asyncToGenerator.js:17:9)
      at node_modules/@babel/runtime/helpers/asyncToGenerator.js:22:7
      at Object.<anonymous> (node_modules/@babel/runtime/helpers/asyncToGenerator.js:14:12)

  ● AC8 – valid scan fills destination field › closes the scanner and calls sendXlmTransaction with the scanned address on submit

    Unable to find an element with text: Sign & Send

    [
      [36m<View>[39m
        [36m<View[39m
          [33mtestID[39m=[32m"screen-header"[39m
        [36m>[39m
          [36m<View>[39m
            [36m<Text[39m
              [33mtestID[39m=[32m"screen-header-title"[39m
            [36m>[39m
              [0mSend XLM[0m
            [36m</Text>[39m
            [36m<Text[39m
              [33mtestID[39m=[32m"screen-header-subtitle"[39m
            [36m>[39m
              [0mAvailable Balance: 100 XLM[0m
            [36m</Text>[39m
          [36m</View>[39m
        [36m</View>[39m
        [36m<View>[39m
          [36m<View>[39m
            [36m<Text>[39m
              [0mDestination Address (Public Key)[0m
            [36m</Text>[39m
            [36m<View>[39m
              [36m<TextInput[39m
                [33meditable[39m=[32m{true}[39m
                [33mplaceholder[39m=[32m"G..."[39m
                [33mvalue[39m=[32m"GAAAAAAAAAAAAAAAAAAAAAAAAAAAAAAAAAAAAAAAAAAAAAAAAAAAAAA3"[39m
              [36m/>[39m
              [36m<View>[39m
                [36m<View[39m
                  [33maccessibilityLabel[39m=[32m"Scan QR code for recipient address"[39m
                  [33maccessibilityRole[39m=[32m"button"[39m
                  [33maccessible[39m=[32m{true}[39m
                [36m/>[39m
              [36m</View>[39m
            [36m</View>[39m
            [36m<Text>[39m
              [0mEnter the recipient's Stellar public key (starts with 'G')[0m
            [36m</Text>[39m
          [36m</View>[39m
          [36m<View>[39m
            [36m<Text>[39m
              [0mAmount (XLM)[0m
            [36m</Text>[39m
            [36m<View>[39m
              [36m<TextInput[39m
                [33meditable[39m=[32m{true}[39m
                [33mplaceholder[39m=[32m"0.00"[39m
                [33mvalue[39m=[32m"10"[39m
              [36m/>[39m
            [36m</View>[39m
            [36m<Text>[39m
              [0mAvailable balance: 100 XLM[0m
            [36m</Text>[39m
          [36m</View>[39m
          [36m<View>[39m
            [36m<Text>[39m
              [0mMemo (Optional)[0m
            [36m</Text>[39m
            [36m<View>[39m
              [36m<TextInput[39m
                [33meditable[39m=[32m{true}[39m
                [33mplaceholder[39m=[32m"Payment reference"[39m
                [33mvalue[39m=[32m""[39m
              [36m/>[39m
            [36m</View>[39m
            [36m<Text>[39m
              [0mAdd a note for the recipient[0m
            [36m</Text>[39m
          [36m</View>[39m
        [36m</View>[39m
        [36m<View[39m
          [33maccessibilityLabel[39m=[32m"Send Payment"[39m
          [33maccessibilityRole[39m=[32m"button"[39m
          [33maccessibilityState[39m=[32m{
            {
              "busy": false,
              "disabled": false,
            }
          }[39m
          [33maccessible[39m=[32m{true}[39m
        [36m>[39m
          [36m<Text>[39m
            [0mSend Payment[0m
          [36m</Text>[39m
        [36m</View>[39m
      [36m</View>[39m,
      [36m<Modal[39m
        [33maccessibilityViewIsModal[39m=[32m{true}[39m
      [36m>[39m
        [36m<View[39m
          [33maccessibilityViewIsModal[39m=[32m{true}[39m
        [36m>[39m
          [36m<View[39m
            [33mtestID[39m=[32m"camera-view"[39m
          [36m/>[39m
          [36m<View[39m
            [33mpointerEvents[39m=[32m"none"[39m
          [36m>[39m
            [36m<View />[39m
            [36m<View>[39m
              [36m<View />[39m
              [36m<View>[39m
                [36m<View />[39m
                [36m<View />[39m
                [36m<View />[39m
                [36m<View />[39m
              [36m</View>[39m
              [36m<View />[39m
            [36m</View>[39m
            [36m<View />[39m
          [36m</View>[39m
          [36m<View[39m
            [33mpointerEvents[39m=[32m"none"[39m
          [36m>[39m
            [36m<Text>[39m
              [0mPoint the camera at a Stellar address QR code[0m
            [36m</Text>[39m
          [36m</View>[39m
          [36m<View[39m
            [33maccessibilityLabel[39m=[32m"Close scanner"[39m
            [33maccessibilityRole[39m=[32m"button"[39m
            [33maccessible[39m=[32m{true}[39m
          [36m/>[39m
        [36m</View>[39m
      [36m</Modal>[39m,
    ]

      418 |     fireEvent.changeText(getByPlaceholderText('0.00'), VALID_AMOUNT);
      419 |     fireEvent.press(getByText('Send Payment'));
    > 420 |     await waitFor(() => getByText('Sign & Send'));
          |                  ^
      421 |     fireEvent.press(getByText('Sign & Send'));
      422 |
      423 |     await waitFor(() => {

      at Object.<anonymous> (__tests__/send.test.tsx:420:18)
      at asyncGeneratorStep (node_modules/@babel/runtime/helpers/asyncToGenerator.js:3:17)
      at _next (node_modules/@babel/runtime/helpers/asyncToGenerator.js:17:9)

  ● #198 – signing confirmation screen › shows the confirmation modal with recipient, amount, memo, and network before signing

    Unable to find an element with text: Confirm & Sign

    [36m<View>[39m
      [36m<View[39m
        [33mtestID[39m=[32m"screen-header"[39m
      [36m>[39m
        [36m<View>[39m
          [36m<Text[39m
            [33mtestID[39m=[32m"screen-header-title"[39m
          [36m>[39m
            [0mSend XLM[0m
          [36m</Text>[39m
          [36m<Text[39m
            [33mtestID[39m=[32m"screen-header-subtitle"[39m
          [36m>[39m
            [0mAvailable Balance: 100 XLM[0m
          [36m</Text>[39m
        [36m</View>[39m
      [36m</View>[39m
      [36m<View>[39m
        [36m<View>[39m
          [36m<Text>[39m
            [0mDestination Address (Public Key)[0m
          [36m</Text>[39m
          [36m<View>[39m
            [36m<TextInput[39m
              [33meditable[39m=[32m{true}[39m
              [33mplaceholder[39m=[32m"G..."[39m
              [33mvalue[39m=[32m"GBXXXXVALIDSTELLARADDRESS1234567890ABCDEFGHIJKLMNOPQRSTUVWX"[39m
            [36m/>[39m
            [36m<View>[39m
              [36m<View[39m
                [33maccessibilityLabel[39m=[32m"Scan QR code for recipient address"[39m
                [33maccessibilityRole[39m=[32m"button"[39m
                [33maccessible[39m=[32m{true}[39m
              [36m/>[39m
            [36m</View>[39m
          [36m</View>[39m
          [36m<Text>[39m
            [0mEnter the recipient's Stellar public key (starts with 'G')[0m
          [36m</Text>[39m
        [36m</View>[39m
        [36m<View>[39m
          [36m<Text>[39m
            [0mAmount (XLM)[0m
          [36m</Text>[39m
          [36m<View>[39m
            [36m<TextInput[39m
              [33meditable[39m=[32m{true}[39m
              [33mplaceholder[39m=[32m"0.00"[39m
              [33mvalue[39m=[32m"10"[39m
            [36m/>[39m
          [36m</View>[39m
          [36m<Text>[39m
            [0mAvailable balance: 100 XLM[0m
          [36m</Text>[39m
        [36m</View>[39m
        [36m<View>[39m
          [36m<Text>[39m
            [0mMemo (Optional)[0m
          [36m</Text>[39m
          [36m<View>[39m
            [36m<TextInput[39m
              [33meditable[39m=[32m{true}[39m
              [33mplaceholder[39m=[32m"Payment reference"[39m
              [33mvalue[39m=[32m"invoice-42"[39m
            [36m/>[39m
          [36m</View>[39m
          [36m<Text>[39m
            [0mAdd a note for the recipient[0m
          [36m</Text>[39m
        [36m</View>[39m
      [36m</View>[39m
      [36m<View[39m
        [33maccessibilityLabel[39m=[32m"Send Payment"[39m
        [33maccessibilityRole[39m=[32m"button"[39m
        [33maccessibilityState[39m=[32m{
          {
            "busy": false,
            "disabled": false,
          }
        }[39m
        [33maccessible[39m=[32m{true}[39m
      [36m>[39m
        [36m<Text>[39m
          [0mSend Payment[0m
        [36m</Text>[39m
      [36m</View>[39m
    [36m</View>[39m

      476 |     fireEvent.press(getByText('Send Payment'));
      477 |
    > 478 |     await waitFor(() => {
          |                  ^
      479 |       expect(getByText('Confirm & Sign')).toBeTruthy();
      480 |     });
      481 |     expect(getByText(VALID_DESTINATION)).toBeTruthy();

      at Object.<anonymous> (__tests__/send.test.tsx:478:18)
      at asyncGeneratorStep (node_modules/@babel/runtime/helpers/asyncToGenerator.js:3:17)
      at _next (node_modules/@babel/runtime/helpers/asyncToGenerator.js:17:9)
      at node_modules/@babel/runtime/helpers/asyncToGenerator.js:22:7
      at Object.<anonymous> (node_modules/@babel/runtime/helpers/asyncToGenerator.js:14:12)

  ● #198 – signing confirmation screen › does not sign when the user cancels the confirmation

    Unable to find an element with text: Confirm & Sign

    [36m<View>[39m
      [36m<View[39m
        [33mtestID[39m=[32m"screen-header"[39m
      [36m>[39m
        [36m<View>[39m
          [36m<Text[39m
            [33mtestID[39m=[32m"screen-header-title"[39m
          [36m>[39m
            [0mSend XLM[0m
          [36m</Text>[39m
          [36m<Text[39m
            [33mtestID[39m=[32m"screen-header-subtitle"[39m
          [36m>[39m
            [0mAvailable Balance: 100 XLM[0m
          [36m</Text>[39m
        [36m</View>[39m
      [36m</View>[39m
      [36m<View>[39m
        [36m<View>[39m
          [36m<Text>[39m
            [0mDestination Address (Public Key)[0m
          [36m</Text>[39m
          [36m<View>[39m
            [36m<TextInput[39m
              [33meditable[39m=[32m{true}[39m
              [33mplaceholder[39m=[32m"G..."[39m
              [33mvalue[39m=[32m"GBXXXXVALIDSTELLARADDRESS1234567890ABCDEFGHIJKLMNOPQRSTUVWX"[39m
            [36m/>[39m
            [36m<View>[39m
              [36m<View[39m
                [33maccessibilityLabel[39m=[32m"Scan QR code for recipient address"[39m
                [33maccessibilityRole[39m=[32m"button"[39m
                [33maccessible[39m=[32m{true}[39m
              [36m/>[39m
            [36m</View>[39m
          [36m</View>[39m
          [36m<Text>[39m
            [0mEnter the recipient's Stellar public key (starts with 'G')[0m
          [36m</Text>[39m
        [36m</View>[39m
        [36m<View>[39m
          [36m<Text>[39m
            [0mAmount (XLM)[0m
          [36m</Text>[39m
          [36m<View>[39m
            [36m<TextInput[39m
              [33meditable[39m=[32m{true}[39m
              [33mplaceholder[39m=[32m"0.00"[39m
              [33mvalue[39m=[32m"10"[39m
            [36m/>[39m
          [36m</View>[39m
          [36m<Text>[39m
            [0mAvailable balance: 100 XLM[0m
          [36m</Text>[39m
        [36m</View>[39m
        [36m<View>[39m
          [36m<Text>[39m
            [0mMemo (Optional)[0m
          [36m</Text>[39m
          [36m<View>[39m
            [36m<TextInput[39m
              [33meditable[39m=[32m{true}[39m
              [33mplaceholder[39m=[32m"Payment reference"[39m
              [33mvalue[39m=[32m""[39m
            [36m/>[39m
          [36m</View>[39m
          [36m<Text>[39m
            [0mAdd a note for the recipient[0m
          [36m</Text>[39m
        [36m</View>[39m
      [36m</View>[39m
      [36m<View[39m
        [33maccessibilityLabel[39m=[32m"Send Payment"[39m
        [33maccessibilityRole[39m=[32m"button"[39m
        [33maccessibilityState[39m=[32m{
          {
            "busy": false,
            "disabled": false,
          }
        }[39m
        [33maccessible[39m=[32m{true}[39m
      [36m>[39m
        [36m<Text>[39m
          [0mSend Payment[0m
        [36m</Text>[39m
      [36m</View>[39m
    [36m</View>[39m

      493 |     fireEvent.press(getByText('Send Payment'));
      494 |
    > 495 |     await waitFor(() => getByText('Confirm & Sign'));
          |                  ^
      496 |     fireEvent.press(getByText('Cancel'));
      497 |
      498 |     await waitFor(() => {

      at Object.<anonymous> (__tests__/send.test.tsx:495:18)
      at asyncGeneratorStep (node_modules/@babel/runtime/helpers/asyncToGenerator.js:3:17)
      at _next (node_modules/@babel/runtime/helpers/asyncToGenerator.js:17:9)
      at node_modules/@babel/runtime/helpers/asyncToGenerator.js:22:7
      at Object.<anonymous> (node_modules/@babel/runtime/helpers/asyncToGenerator.js:14:12)

FAIL __tests__/vault.test.tsx
  ● AC1 – consistent loading states › shows a confirmation modal before deposit

    TypeError: Cannot read properties of undefined (reading 'length')

      38 |   }
      39 |
    > 40 |   if (locks.length === 0) {
         |             ^
      41 |     return (
      42 |       <View style={styles.container}>
      43 |         <Lock color={colors.textMuted} size={48} style={styles.emptyIcon} />

      at length (src/components/VaultLockList.tsx:40:13)
      at Object.react-stack-bottom-frame (node_modules/react-test-renderer/cjs/react-test-renderer.development.js:13976:20)
      at renderWithHooks (node_modules/react-test-renderer/cjs/react-test-renderer.development.js:2866:22)
      at updateFunctionComponent (node_modules/react-test-renderer/cjs/react-test-renderer.development.js:6006:19)
      at beginWork (node_modules/react-test-renderer/cjs/react-test-renderer.development.js:7474:18)
      at runWithFiberInDEV (node_modules/react-test-renderer/cjs/react-test-renderer.development.js:1574:13)
      at performUnitOfWork (node_modules/react-test-renderer/cjs/react-test-renderer.development.js:10972:22)
      at workLoopSync (node_modules/react-test-renderer/cjs/react-test-renderer.development.js:10816:41)
      at renderRootSync (node_modules/react-test-renderer/cjs/react-test-renderer.development.js:10797:11)
      at performWorkOnRoot (node_modules/react-test-renderer/cjs/react-test-renderer.development.js:10384:39)
      at performWorkOnRootViaSchedulerTask (node_modules/react-test-renderer/cjs/react-test-renderer.development.js:2094:7)
      at flushActQueue (node_modules/react/cjs/react.development.js:566:34)
      at Object.<anonymous>.process.env.NODE_ENV.exports.act (node_modules/react/cjs/react.development.js:859:10)
      at actImplementation (node_modules/@testing-library/react-native/src/act.ts:30:25)
      at renderWithAct (node_modules/@testing-library/react-native/src/render-act.ts:13:11)
      at renderInternal (node_modules/@testing-library/react-native/src/render.tsx:69:33)
      at renderInternal (node_modules/@testing-library/react-native/src/render.tsx:44:10)
      at Object.<anonymous> (__tests__/vault.test.tsx:109:69)
      at asyncGeneratorStep (node_modules/@babel/runtime/helpers/asyncToGenerator.js:3:17)
      at _next (node_modules/@babel/runtime/helpers/asyncToGenerator.js:17:9)
      at node_modules/@babel/runtime/helpers/asyncToGenerator.js:22:7
      at Object.<anonymous> (node_modules/@babel/runtime/helpers/asyncToGenerator.js:14:12)

  ● AC1 – consistent loading states › shows a confirmation modal before withdraw

    TypeError: Cannot read properties of undefined (reading 'length')

      38 |   }
      39 |
    > 40 |   if (locks.length === 0) {
         |             ^
      41 |     return (
      42 |       <View style={styles.container}>
      43 |         <Lock color={colors.textMuted} size={48} style={styles.emptyIcon} />

      at length (src/components/VaultLockList.tsx:40:13)
      at Object.react-stack-bottom-frame (node_modules/react-test-renderer/cjs/react-test-renderer.development.js:13976:20)
      at renderWithHooks (node_modules/react-test-renderer/cjs/react-test-renderer.development.js:2866:22)
      at updateFunctionComponent (node_modules/react-test-renderer/cjs/react-test-renderer.development.js:6006:19)
      at beginWork (node_modules/react-test-renderer/cjs/react-test-renderer.development.js:7474:18)
      at runWithFiberInDEV (node_modules/react-test-renderer/cjs/react-test-renderer.development.js:1574:13)
      at performUnitOfWork (node_modules/react-test-renderer/cjs/react-test-renderer.development.js:10972:22)
      at workLoopSync (node_modules/react-test-renderer/cjs/react-test-renderer.development.js:10816:41)
      at renderRootSync (node_modules/react-test-renderer/cjs/react-test-renderer.development.js:10797:11)
      at performWorkOnRoot (node_modules/react-test-renderer/cjs/react-test-renderer.development.js:10384:39)
      at performWorkOnRootViaSchedulerTask (node_modules/react-test-renderer/cjs/react-test-renderer.development.js:2094:7)
      at flushActQueue (node_modules/react/cjs/react.development.js:566:34)
      at Object.<anonymous>.process.env.NODE_ENV.exports.act (node_modules/react/cjs/react.development.js:859:10)
      at actImplementation (node_modules/@testing-library/react-native/src/act.ts:30:25)
      at renderWithAct (node_modules/@testing-library/react-native/src/render-act.ts:13:11)
      at renderInternal (node_modules/@testing-library/react-native/src/render.tsx:69:33)
      at renderInternal (node_modules/@testing-library/react-native/src/render.tsx:44:10)
      at Object.<anonymous> (__tests__/vault.test.tsx:120:69)
      at asyncGeneratorStep (node_modules/@babel/runtime/helpers/asyncToGenerator.js:3:17)
      at _next (node_modules/@babel/runtime/helpers/asyncToGenerator.js:17:9)
      at node_modules/@babel/runtime/helpers/asyncToGenerator.js:22:7
      at Object.<anonymous> (node_modules/@babel/runtime/helpers/asyncToGenerator.js:14:12)

  ● AC1 – consistent loading states › shows a confirmation modal before lock

    TypeError: Cannot read properties of undefined (reading 'length')

      38 |   }
      39 |
    > 40 |   if (locks.length === 0) {
         |             ^
      41 |     return (
      42 |       <View style={styles.container}>
      43 |         <Lock color={colors.textMuted} size={48} style={styles.emptyIcon} />

      at length (src/components/VaultLockList.tsx:40:13)
      at Object.react-stack-bottom-frame (node_modules/react-test-renderer/cjs/react-test-renderer.development.js:13976:20)
      at renderWithHooks (node_modules/react-test-renderer/cjs/react-test-renderer.development.js:2866:22)
      at updateFunctionComponent (node_modules/react-test-renderer/cjs/react-test-renderer.development.js:6006:19)
      at beginWork (node_modules/react-test-renderer/cjs/react-test-renderer.development.js:7474:18)
      at runWithFiberInDEV (node_modules/react-test-renderer/cjs/react-test-renderer.development.js:1574:13)
      at performUnitOfWork (node_modules/react-test-renderer/cjs/react-test-renderer.development.js:10972:22)
      at workLoopSync (node_modules/react-test-renderer/cjs/react-test-renderer.development.js:10816:41)
      at renderRootSync (node_modules/react-test-renderer/cjs/react-test-renderer.development.js:10797:11)
      at performWorkOnRoot (node_modules/react-test-renderer/cjs/react-test-renderer.development.js:10384:39)
      at performWorkOnRootViaSchedulerTask (node_modules/react-test-renderer/cjs/react-test-renderer.development.js:2094:7)
      at flushActQueue (node_modules/react/cjs/react.development.js:566:34)
      at Object.<anonymous>.process.env.NODE_ENV.exports.act (node_modules/react/cjs/react.development.js:859:10)
      at actImplementation (node_modules/@testing-library/react-native/src/act.ts:30:25)
      at renderWithAct (node_modules/@testing-library/react-native/src/render-act.ts:13:11)
      at renderInternal (node_modules/@testing-library/react-native/src/render.tsx:69:33)
      at renderInternal (node_modules/@testing-library/react-native/src/render.tsx:44:10)
      at Object.<anonymous> (__tests__/vault.test.tsx:131:69)
      at asyncGeneratorStep (node_modules/@babel/runtime/helpers/asyncToGenerator.js:3:17)
      at _next (node_modules/@babel/runtime/helpers/asyncToGenerator.js:17:9)
      at node_modules/@babel/runtime/helpers/asyncToGenerator.js:22:7
      at Object.<anonymous> (node_modules/@babel/runtime/helpers/asyncToGenerator.js:14:12)

  ● AC1 – consistent loading states › calls deposit with correct args when confirmed in modal

    TypeError: Cannot read properties of undefined (reading 'length')

      38 |   }
      39 |
    > 40 |   if (locks.length === 0) {
         |             ^
      41 |     return (
      42 |       <View style={styles.container}>
      43 |         <Lock color={colors.textMuted} size={48} style={styles.emptyIcon} />

      at length (src/components/VaultLockList.tsx:40:13)
      at Object.react-stack-bottom-frame (node_modules/react-test-renderer/cjs/react-test-renderer.development.js:13976:20)
      at renderWithHooks (node_modules/react-test-renderer/cjs/react-test-renderer.development.js:2866:22)
      at updateFunctionComponent (node_modules/react-test-renderer/cjs/react-test-renderer.development.js:6006:19)
      at beginWork (node_modules/react-test-renderer/cjs/react-test-renderer.development.js:7474:18)
      at runWithFiberInDEV (node_modules/react-test-renderer/cjs/react-test-renderer.development.js:1574:13)
      at performUnitOfWork (node_modules/react-test-renderer/cjs/react-test-renderer.development.js:10972:22)
      at workLoopSync (node_modules/react-test-renderer/cjs/react-test-renderer.development.js:10816:41)
      at renderRootSync (node_modules/react-test-renderer/cjs/react-test-renderer.development.js:10797:11)
      at performWorkOnRoot (node_modules/react-test-renderer/cjs/react-test-renderer.development.js:10384:39)
      at performWorkOnRootViaSchedulerTask (node_modules/react-test-renderer/cjs/react-test-renderer.development.js:2094:7)
      at flushActQueue (node_modules/react/cjs/react.development.js:566:34)
      at Object.<anonymous>.process.env.NODE_ENV.exports.act (node_modules/react/cjs/react.development.js:859:10)
      at actImplementation (node_modules/@testing-library/react-native/src/act.ts:30:25)
      at renderWithAct (node_modules/@testing-library/react-native/src/render-act.ts:13:11)
      at renderInternal (node_modules/@testing-library/react-native/src/render.tsx:69:33)
      at renderInternal (node_modules/@testing-library/react-native/src/render.tsx:44:10)
      at Object.<anonymous> (__tests__/vault.test.tsx:142:69)
      at asyncGeneratorStep (node_modules/@babel/runtime/helpers/asyncToGenerator.js:3:17)
      at _next (node_modules/@babel/runtime/helpers/asyncToGenerator.js:17:9)
      at node_modules/@babel/runtime/helpers/asyncToGenerator.js:22:7
      at Object.<anonymous> (node_modules/@babel/runtime/helpers/asyncToGenerator.js:14:12)

  ● AC1 – consistent loading states › calls withdraw with correct args when confirmed in modal

    TypeError: Cannot read properties of undefined (reading 'length')

      38 |   }
      39 |
    > 40 |   if (locks.length === 0) {
         |             ^
      41 |     return (
      42 |       <View style={styles.container}>
      43 |         <Lock color={colors.textMuted} size={48} style={styles.emptyIcon} />

      at length (src/components/VaultLockList.tsx:40:13)
      at Object.react-stack-bottom-frame (node_modules/react-test-renderer/cjs/react-test-renderer.development.js:13976:20)
      at renderWithHooks (node_modules/react-test-renderer/cjs/react-test-renderer.development.js:2866:22)
      at updateFunctionComponent (node_modules/react-test-renderer/cjs/react-test-renderer.development.js:6006:19)
      at beginWork (node_modules/react-test-renderer/cjs/react-test-renderer.development.js:7474:18)
      at runWithFiberInDEV (node_modules/react-test-renderer/cjs/react-test-renderer.development.js:1574:13)
      at performUnitOfWork (node_modules/react-test-renderer/cjs/react-test-renderer.development.js:10972:22)
      at workLoopSync (node_modules/react-test-renderer/cjs/react-test-renderer.development.js:10816:41)
      at renderRootSync (node_modules/react-test-renderer/cjs/react-test-renderer.development.js:10797:11)
      at performWorkOnRoot (node_modules/react-test-renderer/cjs/react-test-renderer.development.js:10384:39)
      at performWorkOnRootViaSchedulerTask (node_modules/react-test-renderer/cjs/react-test-renderer.development.js:2094:7)
      at flushActQueue (node_modules/react/cjs/react.development.js:566:34)
      at Object.<anonymous>.process.env.NODE_ENV.exports.act (node_modules/react/cjs/react.development.js:859:10)
      at actImplementation (node_modules/@testing-library/react-native/src/act.ts:30:25)
      at renderWithAct (node_modules/@testing-library/react-native/src/render-act.ts:13:11)
      at renderInternal (node_modules/@testing-library/react-native/src/render.tsx:69:33)
      at renderInternal (node_modules/@testing-library/react-native/src/render.tsx:44:10)
      at Object.<anonymous> (__tests__/vault.test.tsx:156:69)
      at asyncGeneratorStep (node_modules/@babel/runtime/helpers/asyncToGenerator.js:3:17)
      at _next (node_modules/@babel/runtime/helpers/asyncToGenerator.js:17:9)
      at node_modules/@babel/runtime/helpers/asyncToGenerator.js:22:7
      at Object.<anonymous> (node_modules/@babel/runtime/helpers/asyncToGenerator.js:14:12)

  ● AC2 – duplicate submission prevention › disables the deposit button when isSubmitting is true

    TypeError: Cannot read properties of undefined (reading 'length')

      38 |   }
      39 |
    > 40 |   if (locks.length === 0) {
         |             ^
      41 |     return (
      42 |       <View style={styles.container}>
      43 |         <Lock color={colors.textMuted} size={48} style={styles.emptyIcon} />

      at length (src/components/VaultLockList.tsx:40:13)
      at Object.react-stack-bottom-frame (node_modules/react-test-renderer/cjs/react-test-renderer.development.js:13976:20)
      at renderWithHooks (node_modules/react-test-renderer/cjs/react-test-renderer.development.js:2866:22)
      at updateFunctionComponent (node_modules/react-test-renderer/cjs/react-test-renderer.development.js:6006:19)
      at beginWork (node_modules/react-test-renderer/cjs/react-test-renderer.development.js:7474:18)
      at runWithFiberInDEV (node_modules/react-test-renderer/cjs/react-test-renderer.development.js:1574:13)
      at performUnitOfWork (node_modules/react-test-renderer/cjs/react-test-renderer.development.js:10972:22)
      at workLoopSync (node_modules/react-test-renderer/cjs/react-test-renderer.development.js:10816:41)
      at renderRootSync (node_modules/react-test-renderer/cjs/react-test-renderer.development.js:10797:11)
      at performWorkOnRoot (node_modules/react-test-renderer/cjs/react-test-renderer.development.js:10384:39)
      at performWorkOnRootViaSchedulerTask (node_modules/react-test-renderer/cjs/react-test-renderer.development.js:2094:7)
      at flushActQueue (node_modules/react/cjs/react.development.js:566:34)
      at Object.<anonymous>.process.env.NODE_ENV.exports.act (node_modules/react/cjs/react.development.js:859:10)
      at actImplementation (node_modules/@testing-library/react-native/src/act.ts:30:25)
      at renderWithAct (node_modules/@testing-library/react-native/src/render-act.ts:13:11)
      at renderInternal (node_modules/@testing-library/react-native/src/render.tsx:69:33)
      at renderInternal (node_modules/@testing-library/react-native/src/render.tsx:44:10)
      at Object.<anonymous> (__tests__/vault.test.tsx:177:33)
      at asyncGeneratorStep (node_modules/@babel/runtime/helpers/asyncToGenerator.js:3:17)
      at _next (node_modules/@babel/runtime/helpers/asyncToGenerator.js:17:9)
      at node_modules/@babel/runtime/helpers/asyncToGenerator.js:22:7
      at Object.<anonymous> (node_modules/@babel/runtime/helpers/asyncToGenerator.js:14:12)

  ● AC2 – duplicate submission prevention › disables the lock button when isSubmitting is true

    TypeError: Cannot read properties of undefined (reading 'length')

      38 |   }
      39 |
    > 40 |   if (locks.length === 0) {
         |             ^
      41 |     return (
      42 |       <View style={styles.container}>
      43 |         <Lock color={colors.textMuted} size={48} style={styles.emptyIcon} />

      at length (src/components/VaultLockList.tsx:40:13)
      at Object.react-stack-bottom-frame (node_modules/react-test-renderer/cjs/react-test-renderer.development.js:13976:20)
      at renderWithHooks (node_modules/react-test-renderer/cjs/react-test-renderer.development.js:2866:22)
      at updateFunctionComponent (node_modules/react-test-renderer/cjs/react-test-renderer.development.js:6006:19)
      at beginWork (node_modules/react-test-renderer/cjs/react-test-renderer.development.js:7474:18)
      at runWithFiberInDEV (node_modules/react-test-renderer/cjs/react-test-renderer.development.js:1574:13)
      at performUnitOfWork (node_modules/react-test-renderer/cjs/react-test-renderer.development.js:10972:22)
      at workLoopSync (node_modules/react-test-renderer/cjs/react-test-renderer.development.js:10816:41)
      at renderRootSync (node_modules/react-test-renderer/cjs/react-test-renderer.development.js:10797:11)
      at performWorkOnRoot (node_modules/react-test-renderer/cjs/react-test-renderer.development.js:10384:39)
      at performWorkOnRootViaSchedulerTask (node_modules/react-test-renderer/cjs/react-test-renderer.development.js:2094:7)
      at flushActQueue (node_modules/react/cjs/react.development.js:566:34)
      at Object.<anonymous>.process.env.NODE_ENV.exports.act (node_modules/react/cjs/react.development.js:859:10)
      at actImplementation (node_modules/@testing-library/react-native/src/act.ts:30:25)
      at renderWithAct (node_modules/@testing-library/react-native/src/render-act.ts:13:11)
      at renderInternal (node_modules/@testing-library/react-native/src/render.tsx:69:33)
      at renderInternal (node_modules/@testing-library/react-native/src/render.tsx:44:10)
      at Object.<anonymous> (__tests__/vault.test.tsx:184:33)
      at asyncGeneratorStep (node_modules/@babel/runtime/helpers/asyncToGenerator.js:3:17)
      at _next (node_modules/@babel/runtime/helpers/asyncToGenerator.js:17:9)
      at node_modules/@babel/runtime/helpers/asyncToGenerator.js:22:7
      at Object.<anonymous> (node_modules/@babel/runtime/helpers/asyncToGenerator.js:14:12)

  ● AC2 – duplicate submission prevention › calls deposit exactly once when confirm is pressed

    TypeError: Cannot read properties of undefined (reading 'length')

      38 |   }
      39 |
    > 40 |   if (locks.length === 0) {
         |             ^
      41 |     return (
      42 |       <View style={styles.container}>
      43 |         <Lock color={colors.textMuted} size={48} style={styles.emptyIcon} />

      at length (src/components/VaultLockList.tsx:40:13)
      at Object.react-stack-bottom-frame (node_modules/react-test-renderer/cjs/react-test-renderer.development.js:13976:20)
      at renderWithHooks (node_modules/react-test-renderer/cjs/react-test-renderer.development.js:2866:22)
      at updateFunctionComponent (node_modules/react-test-renderer/cjs/react-test-renderer.development.js:6006:19)
      at beginWork (node_modules/react-test-renderer/cjs/react-test-renderer.development.js:7474:18)
      at runWithFiberInDEV (node_modules/react-test-renderer/cjs/react-test-renderer.development.js:1574:13)
      at performUnitOfWork (node_modules/react-test-renderer/cjs/react-test-renderer.development.js:10972:22)
      at workLoopSync (node_modules/react-test-renderer/cjs/react-test-renderer.development.js:10816:41)
      at renderRootSync (node_modules/react-test-renderer/cjs/react-test-renderer.development.js:10797:11)
      at performWorkOnRoot (node_modules/react-test-renderer/cjs/react-test-renderer.development.js:10384:39)
      at performWorkOnRootViaSchedulerTask (node_modules/react-test-renderer/cjs/react-test-renderer.development.js:2094:7)
      at flushActQueue (node_modules/react/cjs/react.development.js:566:34)
      at Object.<anonymous>.process.env.NODE_ENV.exports.act (node_modules/react/cjs/react.development.js:859:10)
      at actImplementation (node_modules/@testing-library/react-native/src/act.ts:30:25)
      at renderWithAct (node_modules/@testing-library/react-native/src/render-act.ts:13:11)
      at renderInternal (node_modules/@testing-library/react-native/src/render.tsx:69:33)
      at renderInternal (node_modules/@testing-library/react-native/src/render.tsx:44:10)
      at Object.<anonymous> (__tests__/vault.test.tsx:191:69)
      at asyncGeneratorStep (node_modules/@babel/runtime/helpers/asyncToGenerator.js:3:17)
      at _next (node_modules/@babel/runtime/helpers/asyncToGenerator.js:17:9)
      at node_modules/@babel/runtime/helpers/asyncToGenerator.js:22:7
      at Object.<anonymous> (node_modules/@babel/runtime/helpers/asyncToGenerator.js:14:12)

  ● AC3 – clear loading copy › shows "Depositing…" on the deposit button while submitting

    TypeError: Cannot read properties of undefined (reading 'length')

      38 |   }
      39 |
    > 40 |   if (locks.length === 0) {
         |             ^
      41 |     return (
      42 |       <View style={styles.container}>
      43 |         <Lock color={colors.textMuted} size={48} style={styles.emptyIcon} />

      at length (src/components/VaultLockList.tsx:40:13)
      at Object.react-stack-bottom-frame (node_modules/react-test-renderer/cjs/react-test-renderer.development.js:13976:20)
      at renderWithHooks (node_modules/react-test-renderer/cjs/react-test-renderer.development.js:2866:22)
      at updateFunctionComponent (node_modules/react-test-renderer/cjs/react-test-renderer.development.js:6006:19)
      at beginWork (node_modules/react-test-renderer/cjs/react-test-renderer.development.js:7474:18)
      at runWithFiberInDEV (node_modules/react-test-renderer/cjs/react-test-renderer.development.js:1574:13)
      at performUnitOfWork (node_modules/react-test-renderer/cjs/react-test-renderer.development.js:10972:22)
      at workLoopSync (node_modules/react-test-renderer/cjs/react-test-renderer.development.js:10816:41)
      at renderRootSync (node_modules/react-test-renderer/cjs/react-test-renderer.development.js:10797:11)
      at performWorkOnRoot (node_modules/react-test-renderer/cjs/react-test-renderer.development.js:10384:39)
      at performWorkOnRootViaSchedulerTask (node_modules/react-test-renderer/cjs/react-test-renderer.development.js:2094:7)
      at flushActQueue (node_modules/react/cjs/react.development.js:566:34)
      at Object.<anonymous>.process.env.NODE_ENV.exports.act (node_modules/react/cjs/react.development.js:859:10)
      at actImplementation (node_modules/@testing-library/react-native/src/act.ts:30:25)
      at renderWithAct (node_modules/@testing-library/react-native/src/render-act.ts:13:11)
      at renderInternal (node_modules/@testing-library/react-native/src/render.tsx:69:33)
      at renderInternal (node_modules/@testing-library/react-native/src/render.tsx:44:10)
      at Object.<anonymous> (__tests__/vault.test.tsx:212:33)
      at asyncGeneratorStep (node_modules/@babel/runtime/helpers/asyncToGenerator.js:3:17)
      at _next (node_modules/@babel/runtime/helpers/asyncToGenerator.js:17:9)
      at node_modules/@babel/runtime/helpers/asyncToGenerator.js:22:7
      at Object.<anonymous> (node_modules/@babel/runtime/helpers/asyncToGenerator.js:14:12)

  ● AC3 – clear loading copy › shows "Processing deposit…" on the modal confirm button while loading

    TypeError: Cannot read properties of undefined (reading 'length')

      38 |   }
      39 |
    > 40 |   if (locks.length === 0) {
         |             ^
      41 |     return (
      42 |       <View style={styles.container}>
      43 |         <Lock color={colors.textMuted} size={48} style={styles.emptyIcon} />

      at length (src/components/VaultLockList.tsx:40:13)
      at Object.react-stack-bottom-frame (node_modules/react-test-renderer/cjs/react-test-renderer.development.js:13976:20)
      at renderWithHooks (node_modules/react-test-renderer/cjs/react-test-renderer.development.js:2866:22)
      at updateFunctionComponent (node_modules/react-test-renderer/cjs/react-test-renderer.development.js:6006:19)
      at beginWork (node_modules/react-test-renderer/cjs/react-test-renderer.development.js:7474:18)
      at runWithFiberInDEV (node_modules/react-test-renderer/cjs/react-test-renderer.development.js:1574:13)
      at performUnitOfWork (node_modules/react-test-renderer/cjs/react-test-renderer.development.js:10972:22)
      at workLoopSync (node_modules/react-test-renderer/cjs/react-test-renderer.development.js:10816:41)
      at renderRootSync (node_modules/react-test-renderer/cjs/react-test-renderer.development.js:10797:11)
      at performWorkOnRoot (node_modules/react-test-renderer/cjs/react-test-renderer.development.js:10384:39)
      at performWorkOnRootViaSchedulerTask (node_modules/react-test-renderer/cjs/react-test-renderer.development.js:2094:7)
      at flushActQueue (node_modules/react/cjs/react.development.js:566:34)
      at Object.<anonymous>.process.env.NODE_ENV.exports.act (node_modules/react/cjs/react.development.js:859:10)
      at actImplementation (node_modules/@testing-library/react-native/src/act.ts:30:25)
      at renderWithAct (node_modules/@testing-library/react-native/src/render-act.ts:13:11)
      at renderInternal (node_modules/@testing-library/react-native/src/render.tsx:69:33)
      at renderInternal (node_modules/@testing-library/react-native/src/render.tsx:44:10)
      at Object.<anonymous> (__tests__/vault.test.tsx:218:79)
      at asyncGeneratorStep (node_modules/@babel/runtime/helpers/asyncToGenerator.js:3:17)
      at _next (node_modules/@babel/runtime/helpers/asyncToGenerator.js:17:9)
      at node_modules/@babel/runtime/helpers/asyncToGenerator.js:22:7
      at Object.<anonymous> (node_modules/@babel/runtime/helpers/asyncToGenerator.js:14:12)

  ● AC4 – error and success states › shows a success alert after a confirmed deposit completes

    TypeError: Cannot read properties of undefined (reading 'length')

      38 |   }
      39 |
    > 40 |   if (locks.length === 0) {
         |             ^
      41 |     return (
      42 |       <View style={styles.container}>
      43 |         <Lock color={colors.textMuted} size={48} style={styles.emptyIcon} />

      at length (src/components/VaultLockList.tsx:40:13)
      at Object.react-stack-bottom-frame (node_modules/react-test-renderer/cjs/react-test-renderer.development.js:13976:20)
      at renderWithHooks (node_modules/react-test-renderer/cjs/react-test-renderer.development.js:2866:22)
      at updateFunctionComponent (node_modules/react-test-renderer/cjs/react-test-renderer.development.js:6006:19)
      at beginWork (node_modules/react-test-renderer/cjs/react-test-renderer.development.js:7474:18)
      at runWithFiberInDEV (node_modules/react-test-renderer/cjs/react-test-renderer.development.js:1574:13)
      at performUnitOfWork (node_modules/react-test-renderer/cjs/react-test-renderer.development.js:10972:22)
      at workLoopSync (node_modules/react-test-renderer/cjs/react-test-renderer.development.js:10816:41)
      at renderRootSync (node_modules/react-test-renderer/cjs/react-test-renderer.development.js:10797:11)
      at performWorkOnRoot (node_modules/react-test-renderer/cjs/react-test-renderer.development.js:10384:39)
      at performWorkOnRootViaSchedulerTask (node_modules/react-test-renderer/cjs/react-test-renderer.development.js:2094:7)
      at flushActQueue (node_modules/react/cjs/react.development.js:566:34)
      at Object.<anonymous>.process.env.NODE_ENV.exports.act (node_modules/react/cjs/react.development.js:859:10)
      at actImplementation (node_modules/@testing-library/react-native/src/act.ts:30:25)
      at renderWithAct (node_modules/@testing-library/react-native/src/render-act.ts:13:11)
      at renderInternal (node_modules/@testing-library/react-native/src/render.tsx:69:33)
      at renderInternal (node_modules/@testing-library/react-native/src/render.tsx:44:10)
      at Object.<anonymous> (__tests__/vault.test.tsx:244:69)
      at asyncGeneratorStep (node_modules/@babel/runtime/helpers/asyncToGenerator.js:3:17)
      at _next (node_modules/@babel/runtime/helpers/asyncToGenerator.js:17:9)
      at node_modules/@babel/runtime/helpers/asyncToGenerator.js:22:7
      at Object.<anonymous> (node_modules/@babel/runtime/helpers/asyncToGenerator.js:14:12)

  ● AC4 – error and success states › shows a success alert after a confirmed withdrawal completes

    TypeError: Cannot read properties of undefined (reading 'length')

      38 |   }
      39 |
    > 40 |   if (locks.length === 0) {
         |             ^
      41 |     return (
      42 |       <View style={styles.container}>
      43 |         <Lock color={colors.textMuted} size={48} style={styles.emptyIcon} />

      at length (src/components/VaultLockList.tsx:40:13)
      at Object.react-stack-bottom-frame (node_modules/react-test-renderer/cjs/react-test-renderer.development.js:13976:20)
      at renderWithHooks (node_modules/react-test-renderer/cjs/react-test-renderer.development.js:2866:22)
      at updateFunctionComponent (node_modules/react-test-renderer/cjs/react-test-renderer.development.js:6006:19)
      at beginWork (node_modules/react-test-renderer/cjs/react-test-renderer.development.js:7474:18)
      at runWithFiberInDEV (node_modules/react-test-renderer/cjs/react-test-renderer.development.js:1574:13)
      at performUnitOfWork (node_modules/react-test-renderer/cjs/react-test-renderer.development.js:10972:22)
      at workLoopSync (node_modules/react-test-renderer/cjs/react-test-renderer.development.js:10816:41)
      at renderRootSync (node_modules/react-test-renderer/cjs/react-test-renderer.development.js:10797:11)
      at performWorkOnRoot (node_modules/react-test-renderer/cjs/react-test-renderer.development.js:10384:39)
      at performWorkOnRootViaSchedulerTask (node_modules/react-test-renderer/cjs/react-test-renderer.development.js:2094:7)
      at flushActQueue (node_modules/react/cjs/react.development.js:566:34)
      at Object.<anonymous>.process.env.NODE_ENV.exports.act (node_modules/react/cjs/react.development.js:859:10)
      at actImplementation (node_modules/@testing-library/react-native/src/act.ts:30:25)
      at renderWithAct (node_modules/@testing-library/react-native/src/render-act.ts:13:11)
      at renderInternal (node_modules/@testing-library/react-native/src/render.tsx:69:33)
      at renderInternal (node_modules/@testing-library/react-native/src/render.tsx:44:10)
      at Object.<anonymous> (__tests__/vault.test.tsx:261:69)
      at asyncGeneratorStep (node_modules/@babel/runtime/helpers/asyncToGenerator.js:3:17)
      at _next (node_modules/@babel/runtime/helpers/asyncToGenerator.js:17:9)
      at node_modules/@babel/runtime/helpers/asyncToGenerator.js:22:7
      at Object.<anonymous> (node_modules/@babel/runtime/helpers/asyncToGenerator.js:14:12)

  ● AC4 – error and success states › shows a failure alert when deposit throws

    TypeError: Cannot read properties of undefined (reading 'length')

      38 |   }
      39 |
    > 40 |   if (locks.length === 0) {
         |             ^
      41 |     return (
      42 |       <View style={styles.container}>
      43 |         <Lock color={colors.textMuted} size={48} style={styles.emptyIcon} />

      at length (src/components/VaultLockList.tsx:40:13)
      at Object.react-stack-bottom-frame (node_modules/react-test-renderer/cjs/react-test-renderer.development.js:13976:20)
      at renderWithHooks (node_modules/react-test-renderer/cjs/react-test-renderer.development.js:2866:22)
      at updateFunctionComponent (node_modules/react-test-renderer/cjs/react-test-renderer.development.js:6006:19)
      at beginWork (node_modules/react-test-renderer/cjs/react-test-renderer.development.js:7474:18)
      at runWithFiberInDEV (node_modules/react-test-renderer/cjs/react-test-renderer.development.js:1574:13)
      at performUnitOfWork (node_modules/react-test-renderer/cjs/react-test-renderer.development.js:10972:22)
      at workLoopSync (node_modules/react-test-renderer/cjs/react-test-renderer.development.js:10816:41)
      at renderRootSync (node_modules/react-test-renderer/cjs/react-test-renderer.development.js:10797:11)
      at performWorkOnRoot (node_modules/react-test-renderer/cjs/react-test-renderer.development.js:10384:39)
      at performWorkOnRootViaSchedulerTask (node_modules/react-test-renderer/cjs/react-test-renderer.development.js:2094:7)
      at flushActQueue (node_modules/react/cjs/react.development.js:566:34)
      at Object.<anonymous>.process.env.NODE_ENV.exports.act (node_modules/react/cjs/react.development.js:859:10)
      at actImplementation (node_modules/@testing-library/react-native/src/act.ts:30:25)
      at renderWithAct (node_modules/@testing-library/react-native/src/render-act.ts:13:11)
      at renderInternal (node_modules/@testing-library/react-native/src/render.tsx:69:33)
      at renderInternal (node_modules/@testing-library/react-native/src/render.tsx:44:10)
      at Object.<anonymous> (__tests__/vault.test.tsx:279:69)
      at asyncGeneratorStep (node_modules/@babel/runtime/helpers/asyncToGenerator.js:3:17)
      at _next (node_modules/@babel/runtime/helpers/asyncToGenerator.js:17:9)
      at node_modules/@babel/runtime/helpers/asyncToGenerator.js:22:7
      at Object.<anonymous> (node_modules/@babel/runtime/helpers/asyncToGenerator.js:14:12)

  ● AC4 – error and success states › shows a failure alert when withdraw throws

    TypeError: Cannot read properties of undefined (reading 'length')

      38 |   }
      39 |
    > 40 |   if (locks.length === 0) {
         |             ^
      41 |     return (
      42 |       <View style={styles.container}>
      43 |         <Lock color={colors.textMuted} size={48} style={styles.emptyIcon} />

      at length (src/components/VaultLockList.tsx:40:13)
      at Object.react-stack-bottom-frame (node_modules/react-test-renderer/cjs/react-test-renderer.development.js:13976:20)
      at renderWithHooks (node_modules/react-test-renderer/cjs/react-test-renderer.development.js:2866:22)
      at updateFunctionComponent (node_modules/react-test-renderer/cjs/react-test-renderer.development.js:6006:19)
      at beginWork (node_modules/react-test-renderer/cjs/react-test-renderer.development.js:7474:18)
      at runWithFiberInDEV (node_modules/react-test-renderer/cjs/react-test-renderer.development.js:1574:13)
      at performUnitOfWork (node_modules/react-test-renderer/cjs/react-test-renderer.development.js:10972:22)
      at workLoopSync (node_modules/react-test-renderer/cjs/react-test-renderer.development.js:10816:41)
      at renderRootSync (node_modules/react-test-renderer/cjs/react-test-renderer.development.js:10797:11)
      at performWorkOnRoot (node_modules/react-test-renderer/cjs/react-test-renderer.development.js:10384:39)
      at performWorkOnRootViaSchedulerTask (node_modules/react-test-renderer/cjs/react-test-renderer.development.js:2094:7)
      at flushActQueue (node_modules/react/cjs/react.development.js:566:34)
      at Object.<anonymous>.process.env.NODE_ENV.exports.act (node_modules/react/cjs/react.development.js:859:10)
      at actImplementation (node_modules/@testing-library/react-native/src/act.ts:30:25)
      at renderWithAct (node_modules/@testing-library/react-native/src/render-act.ts:13:11)
      at renderInternal (node_modules/@testing-library/react-native/src/render.tsx:69:33)
      at renderInternal (node_modules/@testing-library/react-native/src/render.tsx:44:10)
      at Object.<anonymous> (__tests__/vault.test.tsx:294:69)
      at asyncGeneratorStep (node_modules/@babel/runtime/helpers/asyncToGenerator.js:3:17)
      at _next (node_modules/@babel/runtime/helpers/asyncToGenerator.js:17:9)
      at node_modules/@babel/runtime/helpers/asyncToGenerator.js:22:7
      at Object.<anonymous> (node_modules/@babel/runtime/helpers/asyncToGenerator.js:14:12)

  ● AC4 – error and success states › closes the modal after a successful deposit

    TypeError: Cannot read properties of undefined (reading 'length')

      38 |   }
      39 |
    > 40 |   if (locks.length === 0) {
         |             ^
      41 |     return (
      42 |       <View style={styles.container}>
      43 |         <Lock color={colors.textMuted} size={48} style={styles.emptyIcon} />

      at length (src/components/VaultLockList.tsx:40:13)
      at Object.react-stack-bottom-frame (node_modules/react-test-renderer/cjs/react-test-renderer.development.js:13976:20)
      at renderWithHooks (node_modules/react-test-renderer/cjs/react-test-renderer.development.js:2866:22)
      at updateFunctionComponent (node_modules/react-test-renderer/cjs/react-test-renderer.development.js:6006:19)
      at beginWork (node_modules/react-test-renderer/cjs/react-test-renderer.development.js:7474:18)
      at runWithFiberInDEV (node_modules/react-test-renderer/cjs/react-test-renderer.development.js:1574:13)
      at performUnitOfWork (node_modules/react-test-renderer/cjs/react-test-renderer.development.js:10972:22)
      at workLoopSync (node_modules/react-test-renderer/cjs/react-test-renderer.development.js:10816:41)
      at renderRootSync (node_modules/react-test-renderer/cjs/react-test-renderer.development.js:10797:11)
      at performWorkOnRoot (node_modules/react-test-renderer/cjs/react-test-renderer.development.js:10384:39)
      at performWorkOnRootViaSchedulerTask (node_modules/react-test-renderer/cjs/react-test-renderer.development.js:2094:7)
      at flushActQueue (node_modules/react/cjs/react.development.js:566:34)
      at Object.<anonymous>.process.env.NODE_ENV.exports.act (node_modules/react/cjs/react.development.js:859:10)
      at actImplementation (node_modules/@testing-library/react-native/src/act.ts:30:25)
      at renderWithAct (node_modules/@testing-library/react-native/src/render-act.ts:13:11)
      at renderInternal (node_modules/@testing-library/react-native/src/render.tsx:69:33)
      at renderInternal (node_modules/@testing-library/react-native/src/render.tsx:44:10)
      at Object.<anonymous> (__tests__/vault.test.tsx:308:82)
      at asyncGeneratorStep (node_modules/@babel/runtime/helpers/asyncToGenerator.js:3:17)
      at _next (node_modules/@babel/runtime/helpers/asyncToGenerator.js:17:9)
      at node_modules/@babel/runtime/helpers/asyncToGenerator.js:22:7
      at Object.<anonymous> (node_modules/@babel/runtime/helpers/asyncToGenerator.js:14:12)

  ● AC4 – error and success states › closes the modal after a failed deposit

    TypeError: Cannot read properties of undefined (reading 'length')

      38 |   }
      39 |
    > 40 |   if (locks.length === 0) {
         |             ^
      41 |     return (
      42 |       <View style={styles.container}>
      43 |         <Lock color={colors.textMuted} size={48} style={styles.emptyIcon} />

      at length (src/components/VaultLockList.tsx:40:13)
      at Object.react-stack-bottom-frame (node_modules/react-test-renderer/cjs/react-test-renderer.development.js:13976:20)
      at renderWithHooks (node_modules/react-test-renderer/cjs/react-test-renderer.development.js:2866:22)
      at updateFunctionComponent (node_modules/react-test-renderer/cjs/react-test-renderer.development.js:6006:19)
      at beginWork (node_modules/react-test-renderer/cjs/react-test-renderer.development.js:7474:18)
      at runWithFiberInDEV (node_modules/react-test-renderer/cjs/react-test-renderer.development.js:1574:13)
      at performUnitOfWork (node_modules/react-test-renderer/cjs/react-test-renderer.development.js:10972:22)
      at workLoopSync (node_modules/react-test-renderer/cjs/react-test-renderer.development.js:10816:41)
      at renderRootSync (node_modules/react-test-renderer/cjs/react-test-renderer.development.js:10797:11)
      at performWorkOnRoot (node_modules/react-test-renderer/cjs/react-test-renderer.development.js:10384:39)
      at performWorkOnRootViaSchedulerTask (node_modules/react-test-renderer/cjs/react-test-renderer.development.js:2094:7)
      at flushActQueue (node_modules/react/cjs/react.development.js:566:34)
      at Object.<anonymous>.process.env.NODE_ENV.exports.act (node_modules/react/cjs/react.development.js:859:10)
      at actImplementation (node_modules/@testing-library/react-native/src/act.ts:30:25)
      at renderWithAct (node_modules/@testing-library/react-native/src/render-act.ts:13:11)
      at renderInternal (node_modules/@testing-library/react-native/src/render.tsx:69:33)
      at renderInternal (node_modules/@testing-library/react-native/src/render.tsx:44:10)
      at Object.<anonymous> (__tests__/vault.test.tsx:325:82)
      at asyncGeneratorStep (node_modules/@babel/runtime/helpers/asyncToGenerator.js:3:17)
      at _next (node_modules/@babel/runtime/helpers/asyncToGenerator.js:17:9)
      at node_modules/@babel/runtime/helpers/asyncToGenerator.js:22:7
      at Object.<anonymous> (node_modules/@babel/runtime/helpers/asyncToGenerator.js:14:12)

  ● AC4 – error and success states › shows placeholder notice for lock action via modal

    TypeError: Cannot read properties of undefined (reading 'length')

      38 |   }
      39 |
    > 40 |   if (locks.length === 0) {
         |             ^
      41 |     return (
      42 |       <View style={styles.container}>
      43 |         <Lock color={colors.textMuted} size={48} style={styles.emptyIcon} />

      at length (src/components/VaultLockList.tsx:40:13)
      at Object.react-stack-bottom-frame (node_modules/react-test-renderer/cjs/react-test-renderer.development.js:13976:20)
      at renderWithHooks (node_modules/react-test-renderer/cjs/react-test-renderer.development.js:2866:22)
      at updateFunctionComponent (node_modules/react-test-renderer/cjs/react-test-renderer.development.js:6006:19)
      at beginWork (node_modules/react-test-renderer/cjs/react-test-renderer.development.js:7474:18)
      at runWithFiberInDEV (node_modules/react-test-renderer/cjs/react-test-renderer.development.js:1574:13)
      at performUnitOfWork (node_modules/react-test-renderer/cjs/react-test-renderer.development.js:10972:22)
      at workLoopSync (node_modules/react-test-renderer/cjs/react-test-renderer.development.js:10816:41)
      at renderRootSync (node_modules/react-test-renderer/cjs/react-test-renderer.development.js:10797:11)
      at performWorkOnRoot (node_modules/react-test-renderer/cjs/react-test-renderer.development.js:10384:39)
      at performWorkOnRootViaSchedulerTask (node_modules/react-test-renderer/cjs/react-test-renderer.development.js:2094:7)
      at flushActQueue (node_modules/react/cjs/react.development.js:566:34)
      at Object.<anonymous>.process.env.NODE_ENV.exports.act (node_modules/react/cjs/react.development.js:859:10)
      at actImplementation (node_modules/@testing-library/react-native/src/act.ts:30:25)
      at renderWithAct (node_modules/@testing-library/react-native/src/render-act.ts:13:11)
      at renderInternal (node_modules/@testing-library/react-native/src/render.tsx:69:33)
      at renderInternal (node_modules/@testing-library/react-native/src/render.tsx:44:10)
      at Object.<anonymous> (__tests__/vault.test.tsx:341:69)
      at asyncGeneratorStep (node_modules/@babel/runtime/helpers/asyncToGenerator.js:3:17)
      at _next (node_modules/@babel/runtime/helpers/asyncToGenerator.js:17:9)
      at node_modules/@babel/runtime/helpers/asyncToGenerator.js:22:7
      at Object.<anonymous> (node_modules/@babel/runtime/helpers/asyncToGenerator.js:14:12)

  ● AC4 – error and success states › cancels the modal and does not execute action when cancel is pressed

    TypeError: Cannot read properties of undefined (reading 'length')

      38 |   }
      39 |
    > 40 |   if (locks.length === 0) {
         |             ^
      41 |     return (
      42 |       <View style={styles.container}>
      43 |         <Lock color={colors.textMuted} size={48} style={styles.emptyIcon} />

      at length (src/components/VaultLockList.tsx:40:13)
      at Object.react-stack-bottom-frame (node_modules/react-test-renderer/cjs/react-test-renderer.development.js:13976:20)
      at renderWithHooks (node_modules/react-test-renderer/cjs/react-test-renderer.development.js:2866:22)
      at updateFunctionComponent (node_modules/react-test-renderer/cjs/react-test-renderer.development.js:6006:19)
      at beginWork (node_modules/react-test-renderer/cjs/react-test-renderer.development.js:7474:18)
      at runWithFiberInDEV (node_modules/react-test-renderer/cjs/react-test-renderer.development.js:1574:13)
      at performUnitOfWork (node_modules/react-test-renderer/cjs/react-test-renderer.development.js:10972:22)
      at workLoopSync (node_modules/react-test-renderer/cjs/react-test-renderer.development.js:10816:41)
      at renderRootSync (node_modules/react-test-renderer/cjs/react-test-renderer.development.js:10797:11)
      at performWorkOnRoot (node_modules/react-test-renderer/cjs/react-test-renderer.development.js:10384:39)
      at performWorkOnRootViaSchedulerTask (node_modules/react-test-renderer/cjs/react-test-renderer.development.js:2094:7)
      at flushActQueue (node_modules/react/cjs/react.development.js:566:34)
      at Object.<anonymous>.process.env.NODE_ENV.exports.act (node_modules/react/cjs/react.development.js:859:10)
      at actImplementation (node_modules/@testing-library/react-native/src/act.ts:30:25)
      at renderWithAct (node_modules/@testing-library/react-native/src/render-act.ts:13:11)
      at renderInternal (node_modules/@testing-library/react-native/src/render.tsx:69:33)
      at renderInternal (node_modules/@testing-library/react-native/src/render.tsx:44:10)
      at Object.<anonymous> (__tests__/vault.test.tsx:358:82)
      at asyncGeneratorStep (node_modules/@babel/runtime/helpers/asyncToGenerator.js:3:17)
      at _next (node_modules/@babel/runtime/helpers/asyncToGenerator.js:17:9)
      at node_modules/@babel/runtime/helpers/asyncToGenerator.js:22:7
      at Object.<anonymous> (node_modules/@babel/runtime/helpers/asyncToGenerator.js:14:12)

  ● validation prevents action › does not show confirmation modal when amount is empty

    TypeError: Cannot read properties of undefined (reading 'length')

      38 |   }
      39 |
    > 40 |   if (locks.length === 0) {
         |             ^
      41 |     return (
      42 |       <View style={styles.container}>
      43 |         <Lock color={colors.textMuted} size={48} style={styles.emptyIcon} />

      at length (src/components/VaultLockList.tsx:40:13)
      at Object.react-stack-bottom-frame (node_modules/react-test-renderer/cjs/react-test-renderer.development.js:13976:20)
      at renderWithHooks (node_modules/react-test-renderer/cjs/react-test-renderer.development.js:2866:22)
      at updateFunctionComponent (node_modules/react-test-renderer/cjs/react-test-renderer.development.js:6006:19)
      at beginWork (node_modules/react-test-renderer/cjs/react-test-renderer.development.js:7474:18)
      at runWithFiberInDEV (node_modules/react-test-renderer/cjs/react-test-renderer.development.js:1574:13)
      at performUnitOfWork (node_modules/react-test-renderer/cjs/react-test-renderer.development.js:10972:22)
      at workLoopSync (node_modules/react-test-renderer/cjs/react-test-renderer.development.js:10816:41)
      at renderRootSync (node_modules/react-test-renderer/cjs/react-test-renderer.development.js:10797:11)
      at performWorkOnRoot (node_modules/react-test-renderer/cjs/react-test-renderer.development.js:10384:39)
      at performWorkOnRootViaSchedulerTask (node_modules/react-test-renderer/cjs/react-test-renderer.development.js:2094:7)
      at flushActQueue (node_modules/react/cjs/react.development.js:566:34)
      at Object.<anonymous>.process.env.NODE_ENV.exports.act (node_modules/react/cjs/react.development.js:859:10)
      at actImplementation (node_modules/@testing-library/react-native/src/act.ts:30:25)
      at renderWithAct (node_modules/@testing-library/react-native/src/render-act.ts:13:11)
      at renderInternal (node_modules/@testing-library/react-native/src/render.tsx:69:33)
      at renderInternal (node_modules/@testing-library/react-native/src/render.tsx:44:10)
      at Object.<anonymous> (__tests__/vault.test.tsx:380:46)
      at asyncGeneratorStep (node_modules/@babel/runtime/helpers/asyncToGenerator.js:3:17)
      at _next (node_modules/@babel/runtime/helpers/asyncToGenerator.js:17:9)
      at node_modules/@babel/runtime/helpers/asyncToGenerator.js:22:7
      at Object.<anonymous> (node_modules/@babel/runtime/helpers/asyncToGenerator.js:14:12)

  ● validation prevents action › does not show confirmation modal when amount exceeds wallet balance for deposit

    TypeError: Cannot read properties of undefined (reading 'length')

      38 |   }
      39 |
    > 40 |   if (locks.length === 0) {
         |             ^
      41 |     return (
      42 |       <View style={styles.container}>
      43 |         <Lock color={colors.textMuted} size={48} style={styles.emptyIcon} />

      at length (src/components/VaultLockList.tsx:40:13)
      at Object.react-stack-bottom-frame (node_modules/react-test-renderer/cjs/react-test-renderer.development.js:13976:20)
      at renderWithHooks (node_modules/react-test-renderer/cjs/react-test-renderer.development.js:2866:22)
      at updateFunctionComponent (node_modules/react-test-renderer/cjs/react-test-renderer.development.js:6006:19)
      at beginWork (node_modules/react-test-renderer/cjs/react-test-renderer.development.js:7474:18)
      at runWithFiberInDEV (node_modules/react-test-renderer/cjs/react-test-renderer.development.js:1574:13)
      at performUnitOfWork (node_modules/react-test-renderer/cjs/react-test-renderer.development.js:10972:22)
      at workLoopSync (node_modules/react-test-renderer/cjs/react-test-renderer.development.js:10816:41)
      at renderRootSync (node_modules/react-test-renderer/cjs/react-test-renderer.development.js:10797:11)
      at performWorkOnRoot (node_modules/react-test-renderer/cjs/react-test-renderer.development.js:10384:39)
      at performWorkOnRootViaSchedulerTask (node_modules/react-test-renderer/cjs/react-test-renderer.development.js:2094:7)
      at flushActQueue (node_modules/react/cjs/react.development.js:566:34)
      at Object.<anonymous>.process.env.NODE_ENV.exports.act (node_modules/react/cjs/react.development.js:859:10)
      at actImplementation (node_modules/@testing-library/react-native/src/act.ts:30:25)
      at renderWithAct (node_modules/@testing-library/react-native/src/render-act.ts:13:11)
      at renderInternal (node_modules/@testing-library/react-native/src/render.tsx:69:33)
      at renderInternal (node_modules/@testing-library/react-native/src/render.tsx:44:10)
      at Object.<anonymous> (__tests__/vault.test.tsx:388:68)
      at asyncGeneratorStep (node_modules/@babel/runtime/helpers/asyncToGenerator.js:3:17)
      at _next (node_modules/@babel/runtime/helpers/asyncToGenerator.js:17:9)
      at node_modules/@babel/runtime/helpers/asyncToGenerator.js:22:7
      at Object.<anonymous> (node_modules/@babel/runtime/helpers/asyncToGenerator.js:14:12)

FAIL __tests__/home.pullToRefresh.test.tsx
  ● AC-W1 – refreshWalletData on mount › calls refreshWalletData once when the screen mounts

    Element type is invalid: expected a string (for built-in components) or a class/function (for composite components) but got: undefined. You likely forgot to export your component from the file it's defined in, or you might have mixed up default and named imports.

    Check the render method of `BackupReminderModal`.

      103 |   it('calls refreshWalletData once when the screen mounts', () => {
      104 |     const store = setup();
    > 105 |     render(<HomeScreen />);
          |           ^
      106 |     expect(store.refreshWalletData).toHaveBeenCalledTimes(1);
      107 |   });
      108 | });

      at createFiberFromTypeAndProps (node_modules/react-test-renderer/cjs/react-test-renderer.development.js:12185:28)
      at createFiberFromElement (node_modules/react-test-renderer/cjs/react-test-renderer.development.js:12199:14)
      at reconcileChildFibersImpl (node_modules/react-test-renderer/cjs/react-test-renderer.development.js:5049:31)
      at node_modules/react-test-renderer/cjs/react-test-renderer.development.js:5227:33
      at reconcileChildren (node_modules/react-test-renderer/cjs/react-test-renderer.development.js:5735:13)
      at beginWork (node_modules/react-test-renderer/cjs/react-test-renderer.development.js:7551:13)
      at runWithFiberInDEV (node_modules/react-test-renderer/cjs/react-test-renderer.development.js:1574:13)
      at performUnitOfWork (node_modules/react-test-renderer/cjs/react-test-renderer.development.js:10972:22)
      at workLoopSync (node_modules/react-test-renderer/cjs/react-test-renderer.development.js:10816:41)
      at renderRootSync (node_modules/react-test-renderer/cjs/react-test-renderer.development.js:10797:11)
      at performWorkOnRoot (node_modules/react-test-renderer/cjs/react-test-renderer.development.js:10384:39)
      at performWorkOnRootViaSchedulerTask (node_modules/react-test-renderer/cjs/react-test-renderer.development.js:2094:7)
      at flushActQueue (node_modules/react/cjs/react.development.js:566:34)
      at Object.<anonymous>.process.env.NODE_ENV.exports.act (node_modules/react/cjs/react.development.js:859:10)
      at actImplementation (node_modules/@testing-library/react-native/src/act.ts:30:25)
      at renderWithAct (node_modules/@testing-library/react-native/src/render-act.ts:13:11)
      at renderInternal (node_modules/@testing-library/react-native/src/render.tsx:69:33)
      at renderInternal (node_modules/@testing-library/react-native/src/render.tsx:44:10)
      at Object.<anonymous> (__tests__/home.pullToRefresh.test.tsx:105:11)

  ● AC-W2, AC-W3, AC-W4 – RefreshControl props › attaches a RefreshControl to the ScrollView

    Element type is invalid: expected a string (for built-in components) or a class/function (for composite components) but got: undefined. You likely forgot to export your component from the file it's defined in, or you might have mixed up default and named imports.

    Check the render method of `BackupReminderModal`.

      115 |   it('attaches a RefreshControl to the ScrollView', () => {
      116 |     setup();
    > 117 |     const { UNSAFE_getByType } = render(<HomeScreen />);
          |                                        ^
      118 |     const scrollView = UNSAFE_getByType(ScrollView);
      119 |     expect(scrollView.props.refreshControl).toBeDefined();
      120 |   });

      at createFiberFromTypeAndProps (node_modules/react-test-renderer/cjs/react-test-renderer.development.js:12185:28)
      at createFiberFromElement (node_modules/react-test-renderer/cjs/react-test-renderer.development.js:12199:14)
      at reconcileChildFibersImpl (node_modules/react-test-renderer/cjs/react-test-renderer.development.js:5049:31)
      at node_modules/react-test-renderer/cjs/react-test-renderer.development.js:5227:33
      at reconcileChildren (node_modules/react-test-renderer/cjs/react-test-renderer.development.js:5735:13)
      at beginWork (node_modules/react-test-renderer/cjs/react-test-renderer.development.js:7551:13)
      at runWithFiberInDEV (node_modules/react-test-renderer/cjs/react-test-renderer.development.js:1574:13)
      at performUnitOfWork (node_modules/react-test-renderer/cjs/react-test-renderer.development.js:10972:22)
      at workLoopSync (node_modules/react-test-renderer/cjs/react-test-renderer.development.js:10816:41)
      at renderRootSync (node_modules/react-test-renderer/cjs/react-test-renderer.development.js:10797:11)
      at performWorkOnRoot (node_modules/react-test-renderer/cjs/react-test-renderer.development.js:10384:39)
      at performWorkOnRootViaSchedulerTask (node_modules/react-test-renderer/cjs/react-test-renderer.development.js:2094:7)
      at flushActQueue (node_modules/react/cjs/react.development.js:566:34)
      at Object.<anonymous>.process.env.NODE_ENV.exports.act (node_modules/react/cjs/react.development.js:859:10)
      at actImplementation (node_modules/@testing-library/react-native/src/act.ts:30:25)
      at renderWithAct (node_modules/@testing-library/react-native/src/render-act.ts:13:11)
      at renderInternal (node_modules/@testing-library/react-native/src/render.tsx:69:33)
      at renderInternal (node_modules/@testing-library/react-native/src/render.tsx:44:10)
      at Object.<anonymous> (__tests__/home.pullToRefresh.test.tsx:117:40)

  ● AC-W2, AC-W3, AC-W4 – RefreshControl props › passes refreshing=false to RefreshControl when not loading

    Element type is invalid: expected a string (for built-in components) or a class/function (for composite components) but got: undefined. You likely forgot to export your component from the file it's defined in, or you might have mixed up default and named imports.

    Check the render method of `BackupReminderModal`.

      122 |   it('passes refreshing=false to RefreshControl when not loading', () => {
      123 |     setup({ isLoading: false });
    > 124 |     const { UNSAFE_getByType } = render(<HomeScreen />);
          |                                        ^
      125 |     const scrollView = UNSAFE_getByType(ScrollView);
      126 |     expect(scrollView.props.refreshControl.props.refreshing).toBe(false);
      127 |   });

      at createFiberFromTypeAndProps (node_modules/react-test-renderer/cjs/react-test-renderer.development.js:12185:28)
      at createFiberFromElement (node_modules/react-test-renderer/cjs/react-test-renderer.development.js:12199:14)
      at reconcileChildFibersImpl (node_modules/react-test-renderer/cjs/react-test-renderer.development.js:5049:31)
      at node_modules/react-test-renderer/cjs/react-test-renderer.development.js:5227:33
      at reconcileChildren (node_modules/react-test-renderer/cjs/react-test-renderer.development.js:5735:13)
      at beginWork (node_modules/react-test-renderer/cjs/react-test-renderer.development.js:7551:13)
      at runWithFiberInDEV (node_modules/react-test-renderer/cjs/react-test-renderer.development.js:1574:13)
      at performUnitOfWork (node_modules/react-test-renderer/cjs/react-test-renderer.development.js:10972:22)
      at workLoopSync (node_modules/react-test-renderer/cjs/react-test-renderer.development.js:10816:41)
      at renderRootSync (node_modules/react-test-renderer/cjs/react-test-renderer.development.js:10797:11)
      at performWorkOnRoot (node_modules/react-test-renderer/cjs/react-test-renderer.development.js:10384:39)
      at performWorkOnRootViaSchedulerTask (node_modules/react-test-renderer/cjs/react-test-renderer.development.js:2094:7)
      at flushActQueue (node_modules/react/cjs/react.development.js:566:34)
      at Object.<anonymous>.process.env.NODE_ENV.exports.act (node_modules/react/cjs/react.development.js:859:10)
      at actImplementation (node_modules/@testing-library/react-native/src/act.ts:30:25)
      at renderWithAct (node_modules/@testing-library/react-native/src/render-act.ts:13:11)
      at renderInternal (node_modules/@testing-library/react-native/src/render.tsx:69:33)
      at renderInternal (node_modules/@testing-library/react-native/src/render.tsx:44:10)
      at Object.<anonymous> (__tests__/home.pullToRefresh.test.tsx:124:40)

  ● AC-W2, AC-W3, AC-W4 – RefreshControl props › passes refreshing=true to RefreshControl while loading

    Element type is invalid: expected a string (for built-in components) or a class/function (for composite components) but got: undefined. You likely forgot to export your component from the file it's defined in, or you might have mixed up default and named imports.

    Check the render method of `BackupReminderModal`.

      129 |   it('passes refreshing=true to RefreshControl while loading', () => {
      130 |     setup({ isLoading: true });
    > 131 |     const { UNSAFE_getByType } = render(<HomeScreen />);
          |                                        ^
      132 |     const scrollView = UNSAFE_getByType(ScrollView);
      133 |     expect(scrollView.props.refreshControl.props.refreshing).toBe(true);
      134 |   });

      at createFiberFromTypeAndProps (node_modules/react-test-renderer/cjs/react-test-renderer.development.js:12185:28)
      at createFiberFromElement (node_modules/react-test-renderer/cjs/react-test-renderer.development.js:12199:14)
      at reconcileChildFibersImpl (node_modules/react-test-renderer/cjs/react-test-renderer.development.js:5049:31)
      at node_modules/react-test-renderer/cjs/react-test-renderer.development.js:5227:33
      at reconcileChildren (node_modules/react-test-renderer/cjs/react-test-renderer.development.js:5735:13)
      at beginWork (node_modules/react-test-renderer/cjs/react-test-renderer.development.js:7551:13)
      at runWithFiberInDEV (node_modules/react-test-renderer/cjs/react-test-renderer.development.js:1574:13)
      at performUnitOfWork (node_modules/react-test-renderer/cjs/react-test-renderer.development.js:10972:22)
      at workLoopSync (node_modules/react-test-renderer/cjs/react-test-renderer.development.js:10816:41)
      at renderRootSync (node_modules/react-test-renderer/cjs/react-test-renderer.development.js:10797:11)
      at performWorkOnRoot (node_modules/react-test-renderer/cjs/react-test-renderer.development.js:10384:39)
      at performWorkOnRootViaSchedulerTask (node_modules/react-test-renderer/cjs/react-test-renderer.development.js:2094:7)
      at flushActQueue (node_modules/react/cjs/react.development.js:566:34)
      at Object.<anonymous>.process.env.NODE_ENV.exports.act (node_modules/react/cjs/react.development.js:859:10)
      at actImplementation (node_modules/@testing-library/react-native/src/act.ts:30:25)
      at renderWithAct (node_modules/@testing-library/react-native/src/render-act.ts:13:11)
      at renderInternal (node_modules/@testing-library/react-native/src/render.tsx:69:33)
      at renderInternal (node_modules/@testing-library/react-native/src/render.tsx:44:10)
      at Object.<anonymous> (__tests__/home.pullToRefresh.test.tsx:131:40)

  ● AC-W2, AC-W3, AC-W4 – RefreshControl props › calls refreshWalletData when onRefresh fires

    Element type is invalid: expected a string (for built-in components) or a class/function (for composite components) but got: undefined. You likely forgot to export your component from the file it's defined in, or you might have mixed up default and named imports.

    Check the render method of `BackupReminderModal`.

      136 |   it('calls refreshWalletData when onRefresh fires', () => {
      137 |     const store = setup({ isLoading: false });
    > 138 |     const { UNSAFE_getByType } = render(<HomeScreen />);
          |                                        ^
      139 |     const scrollView = UNSAFE_getByType(ScrollView);
      140 |
      141 |     // Simulate the pull gesture completing.

      at createFiberFromTypeAndProps (node_modules/react-test-renderer/cjs/react-test-renderer.development.js:12185:28)
      at createFiberFromElement (node_modules/react-test-renderer/cjs/react-test-renderer.development.js:12199:14)
      at reconcileChildFibersImpl (node_modules/react-test-renderer/cjs/react-test-renderer.development.js:5049:31)
      at node_modules/react-test-renderer/cjs/react-test-renderer.development.js:5227:33
      at reconcileChildren (node_modules/react-test-renderer/cjs/react-test-renderer.development.js:5735:13)
      at beginWork (node_modules/react-test-renderer/cjs/react-test-renderer.development.js:7551:13)
      at runWithFiberInDEV (node_modules/react-test-renderer/cjs/react-test-renderer.development.js:1574:13)
      at performUnitOfWork (node_modules/react-test-renderer/cjs/react-test-renderer.development.js:10972:22)
      at workLoopSync (node_modules/react-test-renderer/cjs/react-test-renderer.development.js:10816:41)
      at renderRootSync (node_modules/react-test-renderer/cjs/react-test-renderer.development.js:10797:11)
      at performWorkOnRoot (node_modules/react-test-renderer/cjs/react-test-renderer.development.js:10384:39)
      at performWorkOnRootViaSchedulerTask (node_modules/react-test-renderer/cjs/react-test-renderer.development.js:2094:7)
      at flushActQueue (node_modules/react/cjs/react.development.js:566:34)
      at Object.<anonymous>.process.env.NODE_ENV.exports.act (node_modules/react/cjs/react.development.js:859:10)
      at actImplementation (node_modules/@testing-library/react-native/src/act.ts:30:25)
      at renderWithAct (node_modules/@testing-library/react-native/src/render-act.ts:13:11)
      at renderInternal (node_modules/@testing-library/react-native/src/render.tsx:69:33)
      at renderInternal (node_modules/@testing-library/react-native/src/render.tsx:44:10)
      at Object.<anonymous> (__tests__/home.pullToRefresh.test.tsx:138:40)

  ● AC-W5, AC-W6 – spinner while loading › marks RefreshControl as refreshing while isLoading is true

    Element type is invalid: expected a string (for built-in components) or a class/function (for composite components) but got: undefined. You likely forgot to export your component from the file it's defined in, or you might have mixed up default and named imports.

    Check the render method of `BackupReminderModal`.

      154 |   it('marks RefreshControl as refreshing while isLoading is true', () => {
      155 |     setup({ isLoading: true });
    > 156 |     const { UNSAFE_getByType } = render(<HomeScreen />);
          |                                        ^
      157 |     expect(UNSAFE_getByType(ScrollView).props.refreshControl.props.refreshing).toBe(true);
      158 |   });
      159 |

      at createFiberFromTypeAndProps (node_modules/react-test-renderer/cjs/react-test-renderer.development.js:12185:28)
      at createFiberFromElement (node_modules/react-test-renderer/cjs/react-test-renderer.development.js:12199:14)
      at reconcileChildFibersImpl (node_modules/react-test-renderer/cjs/react-test-renderer.development.js:5049:31)
      at node_modules/react-test-renderer/cjs/react-test-renderer.development.js:5227:33
      at reconcileChildren (node_modules/react-test-renderer/cjs/react-test-renderer.development.js:5735:13)
      at beginWork (node_modules/react-test-renderer/cjs/react-test-renderer.development.js:7551:13)
      at runWithFiberInDEV (node_modules/react-test-renderer/cjs/react-test-renderer.development.js:1574:13)
      at performUnitOfWork (node_modules/react-test-renderer/cjs/react-test-renderer.development.js:10972:22)
      at workLoopSync (node_modules/react-test-renderer/cjs/react-test-renderer.development.js:10816:41)
      at renderRootSync (node_modules/react-test-renderer/cjs/react-test-renderer.development.js:10797:11)
      at performWorkOnRoot (node_modules/react-test-renderer/cjs/react-test-renderer.development.js:10384:39)
      at performWorkOnRootViaSchedulerTask (node_modules/react-test-renderer/cjs/react-test-renderer.development.js:2094:7)
      at flushActQueue (node_modules/react/cjs/react.development.js:566:34)
      at Object.<anonymous>.process.env.NODE_ENV.exports.act (node_modules/react/cjs/react.development.js:859:10)
      at actImplementation (node_modules/@testing-library/react-native/src/act.ts:30:25)
      at renderWithAct (node_modules/@testing-library/react-native/src/render-act.ts:13:11)
      at renderInternal (node_modules/@testing-library/react-native/src/render.tsx:69:33)
      at renderInternal (node_modules/@testing-library/react-native/src/render.tsx:44:10)
      at Object.<anonymous> (__tests__/home.pullToRefresh.test.tsx:156:40)

  ● AC-W5, AC-W6 – spinner while loading › clears refreshing once isLoading returns to false

    Element type is invalid: expected a string (for built-in components) or a class/function (for composite components) but got: undefined. You likely forgot to export your component from the file it's defined in, or you might have mixed up default and named imports.

    Check the render method of `BackupReminderModal`.

      160 |   it('clears refreshing once isLoading returns to false', () => {
      161 |     setup({ isLoading: false });
    > 162 |     const { UNSAFE_getByType } = render(<HomeScreen />);
          |                                        ^
      163 |     expect(UNSAFE_getByType(ScrollView).props.refreshControl.props.refreshing).toBe(false);
      164 |   });
      165 | });

      at createFiberFromTypeAndProps (node_modules/react-test-renderer/cjs/react-test-renderer.development.js:12185:28)
      at createFiberFromElement (node_modules/react-test-renderer/cjs/react-test-renderer.development.js:12199:14)
      at reconcileChildFibersImpl (node_modules/react-test-renderer/cjs/react-test-renderer.development.js:5049:31)
      at node_modules/react-test-renderer/cjs/react-test-renderer.development.js:5227:33
      at reconcileChildren (node_modules/react-test-renderer/cjs/react-test-renderer.development.js:5735:13)
      at beginWork (node_modules/react-test-renderer/cjs/react-test-renderer.development.js:7551:13)
      at runWithFiberInDEV (node_modules/react-test-renderer/cjs/react-test-renderer.development.js:1574:13)
      at performUnitOfWork (node_modules/react-test-renderer/cjs/react-test-renderer.development.js:10972:22)
      at workLoopSync (node_modules/react-test-renderer/cjs/react-test-renderer.development.js:10816:41)
      at renderRootSync (node_modules/react-test-renderer/cjs/react-test-renderer.development.js:10797:11)
      at performWorkOnRoot (node_modules/react-test-renderer/cjs/react-test-renderer.development.js:10384:39)
      at performWorkOnRootViaSchedulerTask (node_modules/react-test-renderer/cjs/react-test-renderer.development.js:2094:7)
      at flushActQueue (node_modules/react/cjs/react.development.js:566:34)
      at Object.<anonymous>.process.env.NODE_ENV.exports.act (node_modules/react/cjs/react.development.js:859:10)
      at actImplementation (node_modules/@testing-library/react-native/src/act.ts:30:25)
      at renderWithAct (node_modules/@testing-library/react-native/src/render-act.ts:13:11)
      at renderInternal (node_modules/@testing-library/react-native/src/render.tsx:69:33)
      at renderInternal (node_modules/@testing-library/react-native/src/render.tsx:44:10)
      at Object.<anonymous> (__tests__/home.pullToRefresh.test.tsx:162:40)

  ● AC-W7 – no duplicate requests while already refreshing › does not fire an extra request when onRefresh is called while isLoading is true

    Element type is invalid: expected a string (for built-in components) or a class/function (for composite components) but got: undefined. You likely forgot to export your component from the file it's defined in, or you might have mixed up default and named imports.

    Check the render method of `BackupReminderModal`.

      178 |      */
      179 |     const store = setup({ isLoading: true });
    > 180 |     const { UNSAFE_getByType } = render(<HomeScreen />);
          |                                        ^
      181 |     const rc = UNSAFE_getByType(ScrollView).props.refreshControl;
      182 |
      183 |     rc.props.onRefresh();

      at createFiberFromTypeAndProps (node_modules/react-test-renderer/cjs/react-test-renderer.development.js:12185:28)
      at createFiberFromElement (node_modules/react-test-renderer/cjs/react-test-renderer.development.js:12199:14)
      at reconcileChildFibersImpl (node_modules/react-test-renderer/cjs/react-test-renderer.development.js:5049:31)
      at node_modules/react-test-renderer/cjs/react-test-renderer.development.js:5227:33
      at reconcileChildren (node_modules/react-test-renderer/cjs/react-test-renderer.development.js:5735:13)
      at beginWork (node_modules/react-test-renderer/cjs/react-test-renderer.development.js:7551:13)
      at runWithFiberInDEV (node_modules/react-test-renderer/cjs/react-test-renderer.development.js:1574:13)
      at performUnitOfWork (node_modules/react-test-renderer/cjs/react-test-renderer.development.js:10972:22)
      at workLoopSync (node_modules/react-test-renderer/cjs/react-test-renderer.development.js:10816:41)
      at renderRootSync (node_modules/react-test-renderer/cjs/react-test-renderer.development.js:10797:11)
      at performWorkOnRoot (node_modules/react-test-renderer/cjs/react-test-renderer.development.js:10384:39)
      at performWorkOnRootViaSchedulerTask (node_modules/react-test-renderer/cjs/react-test-renderer.development.js:2094:7)
      at flushActQueue (node_modules/react/cjs/react.development.js:566:34)
      at Object.<anonymous>.process.env.NODE_ENV.exports.act (node_modules/react/cjs/react.development.js:859:10)
      at actImplementation (node_modules/@testing-library/react-native/src/act.ts:30:25)
      at renderWithAct (node_modules/@testing-library/react-native/src/render-act.ts:13:11)
      at renderInternal (node_modules/@testing-library/react-native/src/render.tsx:69:33)
      at renderInternal (node_modules/@testing-library/react-native/src/render.tsx:44:10)
      at Object.<anonymous> (__tests__/home.pullToRefresh.test.tsx:180:40)

  ● AC-W8 – error state › exposes the error via the store when refresh fails

    expect(received).not.toThrow()

    Error name:    "Error"
    Error message: "Element type is invalid: expected a string (for built-in components) or a class/function (for composite components) but got: undefined. You likely forgot to export your component from the file it's defined in, or you might have mixed up default and named imports.·
    Check the render method of `BackupReminderModal`."

          199 |     // screen does not crash when both are set simultaneously.
          200 |     setup({ isLoading: false, error: 'Network disconnected' });
        > 201 |     expect(() => render(<HomeScreen />)).not.toThrow();
              |                        ^
          202 |   });
          203 |
          204 |   it('resets refreshing (isLoading=false) after a failed refresh', () => {

      at createFiberFromTypeAndProps (node_modules/react-test-renderer/cjs/react-test-renderer.development.js:12185:28)
      at createFiberFromElement (node_modules/react-test-renderer/cjs/react-test-renderer.development.js:12199:14)
      at reconcileChildFibersImpl (node_modules/react-test-renderer/cjs/react-test-renderer.development.js:5049:31)
      at node_modules/react-test-renderer/cjs/react-test-renderer.development.js:5227:33
      at reconcileChildren (node_modules/react-test-renderer/cjs/react-test-renderer.development.js:5735:13)
      at beginWork (node_modules/react-test-renderer/cjs/react-test-renderer.development.js:7551:13)
      at runWithFiberInDEV (node_modules/react-test-renderer/cjs/react-test-renderer.development.js:1574:13)
      at performUnitOfWork (node_modules/react-test-renderer/cjs/react-test-renderer.development.js:10972:22)
      at workLoopSync (node_modules/react-test-renderer/cjs/react-test-renderer.development.js:10816:41)
      at renderRootSync (node_modules/react-test-renderer/cjs/react-test-renderer.development.js:10797:11)
      at performWorkOnRoot (node_modules/react-test-renderer/cjs/react-test-renderer.development.js:10384:39)
      at performWorkOnRootViaSchedulerTask (node_modules/react-test-renderer/cjs/react-test-renderer.development.js:2094:7)
      at flushActQueue (node_modules/react/cjs/react.development.js:566:34)
      at Object.<anonymous>.process.env.NODE_ENV.exports.act (node_modules/react/cjs/react.development.js:859:10)
      at actImplementation (node_modules/@testing-library/react-native/src/act.ts:30:25)
      at renderWithAct (node_modules/@testing-library/react-native/src/render-act.ts:13:11)
      at renderInternal (node_modules/@testing-library/react-native/src/render.tsx:69:33)
      at renderInternal (node_modules/@testing-library/react-native/src/render.tsx:44:10)
      at __tests__/home.pullToRefresh.test.tsx:201:24
      at Object.<anonymous> (node_modules/expect/build/toThrowMatchers.js:74:11)
      at Object.throwingMatcher [as toThrow] (node_modules/expect/build/index.js:320:21)
      at Object.toThrow (__tests__/home.pullToRefresh.test.tsx:201:46)
      at Object.toThrow (__tests__/home.pullToRefresh.test.tsx:201:46)

  ● AC-W8 – error state › resets refreshing (isLoading=false) after a failed refresh

    Element type is invalid: expected a string (for built-in components) or a class/function (for composite components) but got: undefined. You likely forgot to export your component from the file it's defined in, or you might have mixed up default and named imports.

    Check the render method of `BackupReminderModal`.

      204 |   it('resets refreshing (isLoading=false) after a failed refresh', () => {
      205 |     setup({ isLoading: false, error: 'Horizon down' });
    > 206 |     const { UNSAFE_getByType } = render(<HomeScreen />);
          |                                        ^
      207 |     expect(UNSAFE_getByType(ScrollView).props.refreshControl.props.refreshing).toBe(false);
      208 |   });
      209 | });

      at createFiberFromTypeAndProps (node_modules/react-test-renderer/cjs/react-test-renderer.development.js:12185:28)
      at createFiberFromElement (node_modules/react-test-renderer/cjs/react-test-renderer.development.js:12199:14)
      at reconcileChildFibersImpl (node_modules/react-test-renderer/cjs/react-test-renderer.development.js:5049:31)
      at node_modules/react-test-renderer/cjs/react-test-renderer.development.js:5227:33
      at reconcileChildren (node_modules/react-test-renderer/cjs/react-test-renderer.development.js:5735:13)
      at beginWork (node_modules/react-test-renderer/cjs/react-test-renderer.development.js:7551:13)
      at runWithFiberInDEV (node_modules/react-test-renderer/cjs/react-test-renderer.development.js:1574:13)
      at performUnitOfWork (node_modules/react-test-renderer/cjs/react-test-renderer.development.js:10972:22)
      at workLoopSync (node_modules/react-test-renderer/cjs/react-test-renderer.development.js:10816:41)
      at renderRootSync (node_modules/react-test-renderer/cjs/react-test-renderer.development.js:10797:11)
      at performWorkOnRoot (node_modules/react-test-renderer/cjs/react-test-renderer.development.js:10384:39)
      at performWorkOnRootViaSchedulerTask (node_modules/react-test-renderer/cjs/react-test-renderer.development.js:2094:7)
      at flushActQueue (node_modules/react/cjs/react.development.js:566:34)
      at Object.<anonymous>.process.env.NODE_ENV.exports.act (node_modules/react/cjs/react.development.js:859:10)
      at actImplementation (node_modules/@testing-library/react-native/src/act.ts:30:25)
      at renderWithAct (node_modules/@testing-library/react-native/src/render-act.ts:13:11)
      at renderInternal (node_modules/@testing-library/react-native/src/render.tsx:69:33)
      at renderInternal (node_modules/@testing-library/react-native/src/render.tsx:44:10)
      at Object.<anonymous> (__tests__/home.pullToRefresh.test.tsx:206:40)

  ● AC-W9 – balance rendering › displays the current balance

    Element type is invalid: expected a string (for built-in components) or a class/function (for composite components) but got: undefined. You likely forgot to export your component from the file it's defined in, or you might have mixed up default and named imports.

    Check the render method of `BackupReminderModal`.

      216 |   it('displays the current balance', () => {
      217 |     setup({ balance: '250.5000000' });
    > 218 |     const { getByText } = render(<HomeScreen />);
          |                                 ^
      219 |     expect(getByText('250.5 XLM')).toBeTruthy();
      220 |   });
      221 | });

      at createFiberFromTypeAndProps (node_modules/react-test-renderer/cjs/react-test-renderer.development.js:12185:28)
      at createFiberFromElement (node_modules/react-test-renderer/cjs/react-test-renderer.development.js:12199:14)
      at reconcileChildFibersImpl (node_modules/react-test-renderer/cjs/react-test-renderer.development.js:5049:31)
      at node_modules/react-test-renderer/cjs/react-test-renderer.development.js:5227:33
      at reconcileChildren (node_modules/react-test-renderer/cjs/react-test-renderer.development.js:5735:13)
      at beginWork (node_modules/react-test-renderer/cjs/react-test-renderer.development.js:7551:13)
      at runWithFiberInDEV (node_modules/react-test-renderer/cjs/react-test-renderer.development.js:1574:13)
      at performUnitOfWork (node_modules/react-test-renderer/cjs/react-test-renderer.development.js:10972:22)
      at workLoopSync (node_modules/react-test-renderer/cjs/react-test-renderer.development.js:10816:41)
      at renderRootSync (node_modules/react-test-renderer/cjs/react-test-renderer.development.js:10797:11)
      at performWorkOnRoot (node_modules/react-test-renderer/cjs/react-test-renderer.development.js:10384:39)
      at performWorkOnRootViaSchedulerTask (node_modules/react-test-renderer/cjs/react-test-renderer.development.js:2094:7)
      at flushActQueue (node_modules/react/cjs/react.development.js:566:34)
      at Object.<anonymous>.process.env.NODE_ENV.exports.act (node_modules/react/cjs/react.development.js:859:10)
      at actImplementation (node_modules/@testing-library/react-native/src/act.ts:30:25)
      at renderWithAct (node_modules/@testing-library/react-native/src/render-act.ts:13:11)
      at renderInternal (node_modules/@testing-library/react-native/src/render.tsx:69:33)
      at renderInternal (node_modules/@testing-library/react-native/src/render.tsx:44:10)
      at Object.<anonymous> (__tests__/home.pullToRefresh.test.tsx:218:33)

  ● AC-W10 – recent transactions preview › renders up to 3 recent transactions

    Element type is invalid: expected a string (for built-in components) or a class/function (for composite components) but got: undefined. You likely forgot to export your component from the file it's defined in, or you might have mixed up default and named imports.

    Check the render method of `BackupReminderModal`.

      236 |       ] as any,
      237 |     });
    > 238 |     const { getAllByText } = render(<HomeScreen />);
          |                                    ^
      239 |     // Each TransactionListItem with from !== publicKey renders "Received XLM".
      240 |     expect(getAllByText('Received XLM')).toHaveLength(3);
      241 |   });

      at createFiberFromTypeAndProps (node_modules/react-test-renderer/cjs/react-test-renderer.development.js:12185:28)
      at createFiberFromElement (node_modules/react-test-renderer/cjs/react-test-renderer.development.js:12199:14)
      at reconcileChildFibersImpl (node_modules/react-test-renderer/cjs/react-test-renderer.development.js:5049:31)
      at node_modules/react-test-renderer/cjs/react-test-renderer.development.js:5227:33
      at reconcileChildren (node_modules/react-test-renderer/cjs/react-test-renderer.development.js:5735:13)
      at beginWork (node_modules/react-test-renderer/cjs/react-test-renderer.development.js:7551:13)
      at runWithFiberInDEV (node_modules/react-test-renderer/cjs/react-test-renderer.development.js:1574:13)
      at performUnitOfWork (node_modules/react-test-renderer/cjs/react-test-renderer.development.js:10972:22)
      at workLoopSync (node_modules/react-test-renderer/cjs/react-test-renderer.development.js:10816:41)
      at renderRootSync (node_modules/react-test-renderer/cjs/react-test-renderer.development.js:10797:11)
      at performWorkOnRoot (node_modules/react-test-renderer/cjs/react-test-renderer.development.js:10384:39)
      at performWorkOnRootViaSchedulerTask (node_modules/react-test-renderer/cjs/react-test-renderer.development.js:2094:7)
      at flushActQueue (node_modules/react/cjs/react.development.js:566:34)
      at Object.<anonymous>.process.env.NODE_ENV.exports.act (node_modules/react/cjs/react.development.js:859:10)
      at actImplementation (node_modules/@testing-library/react-native/src/act.ts:30:25)
      at renderWithAct (node_modules/@testing-library/react-native/src/render-act.ts:13:11)
      at renderInternal (node_modules/@testing-library/react-native/src/render.tsx:69:33)
      at renderInternal (node_modules/@testing-library/react-native/src/render.tsx:44:10)
      at Object.<anonymous> (__tests__/home.pullToRefresh.test.tsx:238:36)

  ● AC-W11 – empty state › shows "No recent transactions" when there are no transactions and not loading

    Element type is invalid: expected a string (for built-in components) or a class/function (for composite components) but got: undefined. You likely forgot to export your component from the file it's defined in, or you might have mixed up default and named imports.

    Check the render method of `BackupReminderModal`.

      249 |   it('shows "No recent transactions" when there are no transactions and not loading', () => {
      250 |     setup({ transactions: [], isLoading: false });
    > 251 |     const { getByText } = render(<HomeScreen />);
          |                                 ^
      252 |     expect(getByText('No recent transactions')).toBeTruthy();
      253 |   });
      254 |

      at createFiberFromTypeAndProps (node_modules/react-test-renderer/cjs/react-test-renderer.development.js:12185:28)
      at createFiberFromElement (node_modules/react-test-renderer/cjs/react-test-renderer.development.js:12199:14)
      at reconcileChildFibersImpl (node_modules/react-test-renderer/cjs/react-test-renderer.development.js:5049:31)
      at node_modules/react-test-renderer/cjs/react-test-renderer.development.js:5227:33
      at reconcileChildren (node_modules/react-test-renderer/cjs/react-test-renderer.development.js:5735:13)
      at beginWork (node_modules/react-test-renderer/cjs/react-test-renderer.development.js:7551:13)
      at runWithFiberInDEV (node_modules/react-test-renderer/cjs/react-test-renderer.development.js:1574:13)
      at performUnitOfWork (node_modules/react-test-renderer/cjs/react-test-renderer.development.js:10972:22)
      at workLoopSync (node_modules/react-test-renderer/cjs/react-test-renderer.development.js:10816:41)
      at renderRootSync (node_modules/react-test-renderer/cjs/react-test-renderer.development.js:10797:11)
      at performWorkOnRoot (node_modules/react-test-renderer/cjs/react-test-renderer.development.js:10384:39)
      at performWorkOnRootViaSchedulerTask (node_modules/react-test-renderer/cjs/react-test-renderer.development.js:2094:7)
      at flushActQueue (node_modules/react/cjs/react.development.js:566:34)
      at Object.<anonymous>.process.env.NODE_ENV.exports.act (node_modules/react/cjs/react.development.js:859:10)
      at actImplementation (node_modules/@testing-library/react-native/src/act.ts:30:25)
      at renderWithAct (node_modules/@testing-library/react-native/src/render-act.ts:13:11)
      at renderInternal (node_modules/@testing-library/react-native/src/render.tsx:69:33)
      at renderInternal (node_modules/@testing-library/react-native/src/render.tsx:44:10)
      at Object.<anonymous> (__tests__/home.pullToRefresh.test.tsx:251:33)

  ● AC-W11 – empty state › does not show the empty state while loading

    Element type is invalid: expected a string (for built-in components) or a class/function (for composite components) but got: undefined. You likely forgot to export your component from the file it's defined in, or you might have mixed up default and named imports.

    Check the render method of `BackupReminderModal`.

      255 |   it('does not show the empty state while loading', () => {
      256 |     setup({ transactions: [], isLoading: true });
    > 257 |     const { queryByText } = render(<HomeScreen />);
          |                                   ^
      258 |     expect(queryByText('No recent transactions')).toBeNull();
      259 |   });
      260 | });

      at createFiberFromTypeAndProps (node_modules/react-test-renderer/cjs/react-test-renderer.development.js:12185:28)
      at createFiberFromElement (node_modules/react-test-renderer/cjs/react-test-renderer.development.js:12199:14)
      at reconcileChildFibersImpl (node_modules/react-test-renderer/cjs/react-test-renderer.development.js:5049:31)
      at node_modules/react-test-renderer/cjs/react-test-renderer.development.js:5227:33
      at reconcileChildren (node_modules/react-test-renderer/cjs/react-test-renderer.development.js:5735:13)
      at beginWork (node_modules/react-test-renderer/cjs/react-test-renderer.development.js:7551:13)
      at runWithFiberInDEV (node_modules/react-test-renderer/cjs/react-test-renderer.development.js:1574:13)
      at performUnitOfWork (node_modules/react-test-renderer/cjs/react-test-renderer.development.js:10972:22)
      at workLoopSync (node_modules/react-test-renderer/cjs/react-test-renderer.development.js:10816:41)
      at renderRootSync (node_modules/react-test-renderer/cjs/react-test-renderer.development.js:10797:11)
      at performWorkOnRoot (node_modules/react-test-renderer/cjs/react-test-renderer.development.js:10384:39)
      at performWorkOnRootViaSchedulerTask (node_modules/react-test-renderer/cjs/react-test-renderer.development.js:2094:7)
      at flushActQueue (node_modules/react/cjs/react.development.js:566:34)
      at Object.<anonymous>.process.env.NODE_ENV.exports.act (node_modules/react/cjs/react.development.js:859:10)
      at actImplementation (node_modules/@testing-library/react-native/src/act.ts:30:25)
      at renderWithAct (node_modules/@testing-library/react-native/src/render-act.ts:13:11)
      at renderInternal (node_modules/@testing-library/react-native/src/render.tsx:69:33)
      at renderInternal (node_modules/@testing-library/react-native/src/render.tsx:44:10)
      at Object.<anonymous> (__tests__/home.pullToRefresh.test.tsx:257:35)


Test Suites: 3 failed, 19 passed, 22 total
Tests:       44 failed, 228 passed, 272 total
Snapshots:   0 total
Time:        21.114 s, estimated 23 s
Ran all test suites.
